	.text
	.syntax unified
	.eabi_attribute	67, "2.09"	@ Tag_conformance
	.cpu	cortex-m33
	.eabi_attribute	6, 17	@ Tag_CPU_arch
	.eabi_attribute	7, 77	@ Tag_CPU_arch_profile
	.eabi_attribute	8, 0	@ Tag_ARM_ISA_use
	.eabi_attribute	9, 3	@ Tag_THUMB_ISA_use
	.fpu	fpv5-sp-d16
	.eabi_attribute	27, 1	@ Tag_ABI_HardFP_use
	.eabi_attribute	36, 1	@ Tag_FP_HP_extension
	.eabi_attribute	46, 1	@ Tag_DSP_extension
	.eabi_attribute	34, 1	@ Tag_CPU_unaligned_access
	.eabi_attribute	17, 1	@ Tag_ABI_PCS_GOT_use
	.eabi_attribute	20, 2	@ Tag_ABI_FP_denormal
	.eabi_attribute	21, 0	@ Tag_ABI_FP_exceptions
	.eabi_attribute	23, 1	@ Tag_ABI_FP_number_model
	.eabi_attribute	24, 1	@ Tag_ABI_align_needed
	.eabi_attribute	25, 1	@ Tag_ABI_align_preserved
	.eabi_attribute	28, 1	@ Tag_ABI_VFP_args
	.eabi_attribute	38, 1	@ Tag_ABI_FP_16bit_format
	.eabi_attribute	18, 2	@ Tag_ABI_PCS_wchar_t
	.eabi_attribute	26, 1	@ Tag_ABI_enum_size
	.eabi_attribute	14, 0	@ Tag_ABI_PCS_R9_use
	.file	"retarget_io.c"
	.file	1 "C:/Users/philo/AppData/Local/Arm/Packs/Keil/ARM_Compiler/1.7.2/Source" "retarget_io.c"
	.section	.text._sys_open,"ax",%progbits
	.hidden	_sys_open                       @ -- Begin function _sys_open
	.weak	_sys_open
	.p2align	2
	.type	_sys_open,%function
	.code	16                              @ @_sys_open
	.thumb_func
_sys_open:
.Lfunc_begin0:
	.loc	1 413 0                         @ C:/Users/philo/AppData/Local/Arm/Packs/Keil/ARM_Compiler/1.7.2/Source/retarget_io.c:413:0
	.fnstart
	.cfi_sections .debug_frame
	.cfi_startproc
@ %bb.0:
	@DEBUG_VALUE: _sys_open:name <- $r0
	@DEBUG_VALUE: _sys_open:openmode <- $r1
	@DEBUG_VALUE: _sys_open:name <- $r0
	.save	{r4, lr}
	push	{r4, lr}
	.cfi_def_cfa_offset 8
	.cfi_offset lr, -4
	.cfi_offset r4, -8
.Ltmp0:
	.loc	1 418 7 prologue_end            @ C:/Users/philo/AppData/Local/Arm/Packs/Keil/ARM_Compiler/1.7.2/Source/retarget_io.c:418:7
	cbz	r0, .LBB0_5
.Ltmp1:
@ %bb.1:
	@DEBUG_VALUE: _sys_open:openmode <- $r1
	@DEBUG_VALUE: _sys_open:name <- $r0
	.loc	1 0 7 is_stmt 0                 @ C:/Users/philo/AppData/Local/Arm/Packs/Keil/ARM_Compiler/1.7.2/Source/retarget_io.c:0:7
	mov	r4, r0
.Ltmp2:
	@DEBUG_VALUE: _sys_open:name <- $r4
	.loc	1 422 7 is_stmt 1               @ C:/Users/philo/AppData/Local/Arm/Packs/Keil/ARM_Compiler/1.7.2/Source/retarget_io.c:422:7
	ldrb	r0, [r0]
.Ltmp3:
	.loc	1 422 7 is_stmt 0               @ C:/Users/philo/AppData/Local/Arm/Packs/Keil/ARM_Compiler/1.7.2/Source/retarget_io.c:422:7
	cmp	r0, #58
	bne	.LBB0_5
.Ltmp4:
@ %bb.2:
	@DEBUG_VALUE: _sys_open:name <- $r4
	@DEBUG_VALUE: _sys_open:openmode <- $r1
	.loc	1 423 9 is_stmt 1               @ C:/Users/philo/AppData/Local/Arm/Packs/Keil/ARM_Compiler/1.7.2/Source/retarget_io.c:423:9
	ldr	r1, __arm_cp.0_0
.Ltmp5:
	@DEBUG_VALUE: _sys_open:openmode <- [DW_OP_LLVM_entry_value 1] $r1
	mov	r0, r4
	bl	strcmp
.Ltmp6:
	.loc	1 423 9 is_stmt 0               @ C:/Users/philo/AppData/Local/Arm/Packs/Keil/ARM_Compiler/1.7.2/Source/retarget_io.c:423:9
	cbz	r0, .LBB0_6
.Ltmp7:
@ %bb.3:
	@DEBUG_VALUE: _sys_open:name <- $r4
	@DEBUG_VALUE: _sys_open:openmode <- [DW_OP_LLVM_entry_value 1] $r1
	.loc	1 426 9 is_stmt 1               @ C:/Users/philo/AppData/Local/Arm/Packs/Keil/ARM_Compiler/1.7.2/Source/retarget_io.c:426:9
	ldr	r1, __arm_cp.0_1
	mov	r0, r4
	bl	strcmp
.Ltmp8:
	.loc	1 426 9 is_stmt 0               @ C:/Users/philo/AppData/Local/Arm/Packs/Keil/ARM_Compiler/1.7.2/Source/retarget_io.c:426:9
	cbz	r0, .LBB0_7
.Ltmp9:
@ %bb.4:
	@DEBUG_VALUE: _sys_open:name <- $r4
	@DEBUG_VALUE: _sys_open:openmode <- [DW_OP_LLVM_entry_value 1] $r1
	.loc	1 429 9 is_stmt 1               @ C:/Users/philo/AppData/Local/Arm/Packs/Keil/ARM_Compiler/1.7.2/Source/retarget_io.c:429:9
	ldr	r1, __arm_cp.0_2
	mov	r0, r4
	bl	strcmp
.Ltmp10:
	.loc	1 0 9 is_stmt 0                 @ C:/Users/philo/AppData/Local/Arm/Packs/Keil/ARM_Compiler/1.7.2/Source/retarget_io.c:0:9
	mov.w	r1, #-1
.Ltmp11:
	.loc	1 429 9                         @ C:/Users/philo/AppData/Local/Arm/Packs/Keil/ARM_Compiler/1.7.2/Source/retarget_io.c:429:9
	cmp	r0, #0
	it	eq
	movweq	r1, #32771
	mov	r0, r1
.Ltmp12:
	.loc	1 0 0                           @ C:/Users/philo/AppData/Local/Arm/Packs/Keil/ARM_Compiler/1.7.2/Source/retarget_io.c:0:0
	pop	{r4, pc}
.Ltmp13:
.LBB0_5:
	@DEBUG_VALUE: _sys_open:openmode <- $r1
	mov.w	r0, #-1
	pop	{r4, pc}
.Ltmp14:
.LBB0_6:
	@DEBUG_VALUE: _sys_open:name <- $r4
	@DEBUG_VALUE: _sys_open:openmode <- [DW_OP_LLVM_entry_value 1] $r1
	movw	r0, #32769
	pop	{r4, pc}
.Ltmp15:
.LBB0_7:
	@DEBUG_VALUE: _sys_open:name <- $r4
	@DEBUG_VALUE: _sys_open:openmode <- [DW_OP_LLVM_entry_value 1] $r1
	movw	r0, #32770
	pop	{r4, pc}
.Ltmp16:
	.p2align	2
@ %bb.8:
__arm_cp.0_0:
	.long	__stdin_name
.Lcpi_end0:
	.size	__arm_cp.0_0, .Lcpi_end0-__arm_cp.0_0
__arm_cp.0_1:
	.long	__stdout_name
.Lcpi_end1:
	.size	__arm_cp.0_1, .Lcpi_end1-__arm_cp.0_1
__arm_cp.0_2:
	.long	__stderr_name
.Lcpi_end2:
	.size	__arm_cp.0_2, .Lcpi_end2-__arm_cp.0_2
.Lfunc_end0:
	.size	_sys_open, .Lfunc_end0-_sys_open
	.cfi_endproc
	.cantunwind
	.fnend
                                        @ -- End function
	.section	.text._sys_close,"ax",%progbits
	.hidden	_sys_close                      @ -- Begin function _sys_close
	.weak	_sys_close
	.p2align	1
	.type	_sys_close,%function
	.code	16                              @ @_sys_close
	.thumb_func
_sys_close:
.Lfunc_begin1:
	.loc	1 459 0 is_stmt 1               @ C:/Users/philo/AppData/Local/Arm/Packs/Keil/ARM_Compiler/1.7.2/Source/retarget_io.c:459:0
	.fnstart
	.cfi_startproc
@ %bb.0:
	@DEBUG_VALUE: _sys_close:fh <- $r0
	@DEBUG_VALUE: _sys_close:fh <- $r0
	.loc	1 461 3 prologue_end            @ C:/Users/philo/AppData/Local/Arm/Packs/Keil/ARM_Compiler/1.7.2/Source/retarget_io.c:461:3
	movw	r1, #32769
	subs	r1, r0, r1
	movs	r0, #0
.Ltmp17:
	@DEBUG_VALUE: _sys_close:fh <- [DW_OP_LLVM_entry_value 1] $r0
	cmp	r1, #2
	it	hi
	movhi.w	r0, #-1
	.loc	1 477 1                         @ C:/Users/philo/AppData/Local/Arm/Packs/Keil/ARM_Compiler/1.7.2/Source/retarget_io.c:477:1
	bx	lr
.Ltmp18:
.Lfunc_end1:
	.size	_sys_close, .Lfunc_end1-_sys_close
	.cfi_endproc
	.cantunwind
	.fnend
                                        @ -- End function
	.section	.text._sys_write,"ax",%progbits
	.hidden	_sys_write                      @ -- Begin function _sys_write
	.weak	_sys_write
	.p2align	1
	.type	_sys_write,%function
	.code	16                              @ @_sys_write
	.thumb_func
_sys_write:
.Lfunc_begin2:
	.loc	1 501 0                         @ C:/Users/philo/AppData/Local/Arm/Packs/Keil/ARM_Compiler/1.7.2/Source/retarget_io.c:501:0
	.fnstart
	.cfi_startproc
@ %bb.0:
	@DEBUG_VALUE: _sys_write:fh <- $r0
	@DEBUG_VALUE: _sys_write:buf <- $r1
	@DEBUG_VALUE: _sys_write:len <- $r2
	@DEBUG_VALUE: _sys_write:mode <- $r3
	.save	{r4, r5, r7, lr}
	push	{r4, r5, r7, lr}
	.cfi_def_cfa_offset 16
	.cfi_offset lr, -4
	.cfi_offset r7, -8
	.cfi_offset r5, -12
	.cfi_offset r4, -16
	mov	r5, r1
.Ltmp19:
	@DEBUG_VALUE: _sys_write:buf <- $r5
	movw	r1, #32771
	@DEBUG_VALUE: _sys_write:len <- $r2
	@DEBUG_VALUE: _sys_write:buf <- $r5
	@DEBUG_VALUE: _sys_write:fh <- $r0
.Ltmp20:
	.loc	1 510 3 prologue_end            @ C:/Users/philo/AppData/Local/Arm/Packs/Keil/ARM_Compiler/1.7.2/Source/retarget_io.c:510:3
	cmp	r0, r1
	beq	.LBB2_5
.Ltmp21:
@ %bb.1:
	@DEBUG_VALUE: _sys_write:buf <- $r5
	@DEBUG_VALUE: _sys_write:mode <- $r3
	@DEBUG_VALUE: _sys_write:len <- $r2
	@DEBUG_VALUE: _sys_write:fh <- $r0
	@DEBUG_VALUE: _sys_write:len <- $r2
	.loc	1 0 3 is_stmt 0                 @ C:/Users/philo/AppData/Local/Arm/Packs/Keil/ARM_Compiler/1.7.2/Source/retarget_io.c:0:3
	movw	r1, #32770
	.loc	1 510 3                         @ C:/Users/philo/AppData/Local/Arm/Packs/Keil/ARM_Compiler/1.7.2/Source/retarget_io.c:510:3
	cmp	r0, r1
	itt	ne
	movne.w	r0, #-1
.Ltmp22:
	@DEBUG_VALUE: _sys_write:fh <- [DW_OP_LLVM_entry_value 1] $r0
	.loc	1 544 1 is_stmt 1               @ C:/Users/philo/AppData/Local/Arm/Packs/Keil/ARM_Compiler/1.7.2/Source/retarget_io.c:544:1
	popne	{r4, r5, r7, pc}
.Ltmp23:
.LBB2_2:
	@DEBUG_VALUE: _sys_write:mode <- $r3
	@DEBUG_VALUE: _sys_write:len <- $r2
	@DEBUG_VALUE: _sys_write:fh <- [DW_OP_LLVM_entry_value 1] $r0
	.loc	1 0 1 is_stmt 0                 @ C:/Users/philo/AppData/Local/Arm/Packs/Keil/ARM_Compiler/1.7.2/Source/retarget_io.c:0:1
	mov	r4, r2
.Ltmp24:
	@DEBUG_VALUE: _sys_write:len <- $r4
	@DEBUG_VALUE: _sys_write:len <- $r4
.LBB2_3:                                @ =>This Inner Loop Header: Depth=1
	@DEBUG_VALUE: _sys_write:len <- $r4
	@DEBUG_VALUE: _sys_write:fh <- [DW_OP_LLVM_entry_value 1] $r0
	@DEBUG_VALUE: _sys_write:buf <- $r5
	@DEBUG_VALUE: _sys_write:len <- $r4
	.loc	1 515 7 is_stmt 1               @ C:/Users/philo/AppData/Local/Arm/Packs/Keil/ARM_Compiler/1.7.2/Source/retarget_io.c:515:7
	cbz	r4, .LBB2_5
.Ltmp25:
@ %bb.4:                                @   in Loop: Header=BB2_3 Depth=1
	@DEBUG_VALUE: _sys_write:buf <- $r5
	@DEBUG_VALUE: _sys_write:len <- $r4
	@DEBUG_VALUE: _sys_write:fh <- [DW_OP_LLVM_entry_value 1] $r0
	.loc	1 516 14                        @ C:/Users/philo/AppData/Local/Arm/Packs/Keil/ARM_Compiler/1.7.2/Source/retarget_io.c:516:14
	ldrb	r0, [r5], #1
.Ltmp26:
	@DEBUG_VALUE: _sys_write:ch <- $r0
	@DEBUG_VALUE: _sys_write:buf <- $r5
	.loc	1 520 9                         @ C:/Users/philo/AppData/Local/Arm/Packs/Keil/ARM_Compiler/1.7.2/Source/retarget_io.c:520:9
	bl	stdout_putchar
.Ltmp27:
	@DEBUG_VALUE: _sys_write:mode <- [DW_OP_LLVM_entry_value 1] $r3
	.loc	1 515 22                        @ C:/Users/philo/AppData/Local/Arm/Packs/Keil/ARM_Compiler/1.7.2/Source/retarget_io.c:515:22
	subs	r4, #1
.Ltmp28:
	@DEBUG_VALUE: _sys_write:len <- $r4
	.loc	1 0 22 is_stmt 0                @ C:/Users/philo/AppData/Local/Arm/Packs/Keil/ARM_Compiler/1.7.2/Source/retarget_io.c:0:22
	b	.LBB2_3
.Ltmp29:
.LBB2_5:
	@DEBUG_VALUE: _sys_write:buf <- $r5
	movs	r0, #0
	.loc	1 544 1 is_stmt 1               @ C:/Users/philo/AppData/Local/Arm/Packs/Keil/ARM_Compiler/1.7.2/Source/retarget_io.c:544:1
	pop	{r4, r5, r7, pc}
.Ltmp30:
.Lfunc_end2:
	.size	_sys_write, .Lfunc_end2-_sys_write
	.cfi_endproc
	.cantunwind
	.fnend
                                        @ -- End function
	.section	.text._sys_read,"ax",%progbits
	.hidden	_sys_read                       @ -- Begin function _sys_read
	.weak	_sys_read
	.p2align	1
	.type	_sys_read,%function
	.code	16                              @ @_sys_read
	.thumb_func
_sys_read:
.Lfunc_begin3:
	.loc	1 577 0                         @ C:/Users/philo/AppData/Local/Arm/Packs/Keil/ARM_Compiler/1.7.2/Source/retarget_io.c:577:0
	.fnstart
	.cfi_startproc
@ %bb.0:
	@DEBUG_VALUE: _sys_read:fh <- $r0
	@DEBUG_VALUE: _sys_read:buf <- $r1
	@DEBUG_VALUE: _sys_read:len <- $r2
	@DEBUG_VALUE: _sys_read:mode <- $r3
	movw	r3, #32769
.Ltmp31:
	@DEBUG_VALUE: _sys_read:mode <- [DW_OP_LLVM_entry_value 1] $r3
	mov.w	r1, #-1
.Ltmp32:
	@DEBUG_VALUE: _sys_read:buf <- [DW_OP_LLVM_entry_value 1] $r1
	@DEBUG_VALUE: _sys_read:len <- $r2
	@DEBUG_VALUE: _sys_read:fh <- $r0
	.loc	1 586 3 prologue_end            @ C:/Users/philo/AppData/Local/Arm/Packs/Keil/ARM_Compiler/1.7.2/Source/retarget_io.c:586:3
	cmp	r0, r3
	it	eq
	orreq	r1, r2, #-2147483648
	.loc	1 615 1                         @ C:/Users/philo/AppData/Local/Arm/Packs/Keil/ARM_Compiler/1.7.2/Source/retarget_io.c:615:1
	mov	r0, r1
.Ltmp33:
	@DEBUG_VALUE: _sys_read:fh <- [DW_OP_LLVM_entry_value 1] $r0
	bx	lr
.Ltmp34:
.Lfunc_end3:
	.size	_sys_read, .Lfunc_end3-_sys_read
	.cfi_endproc
	.cantunwind
	.fnend
                                        @ -- End function
	.section	.text._sys_istty,"ax",%progbits
	.hidden	_sys_istty                      @ -- Begin function _sys_istty
	.weak	_sys_istty
	.p2align	1
	.type	_sys_istty,%function
	.code	16                              @ @_sys_istty
	.thumb_func
_sys_istty:
.Lfunc_begin4:
	.loc	1 670 0                         @ C:/Users/philo/AppData/Local/Arm/Packs/Keil/ARM_Compiler/1.7.2/Source/retarget_io.c:670:0
	.fnstart
	.cfi_startproc
@ %bb.0:
	@DEBUG_VALUE: _sys_istty:fh <- $r0
	@DEBUG_VALUE: _sys_istty:fh <- $r0
	.loc	1 672 3 prologue_end            @ C:/Users/philo/AppData/Local/Arm/Packs/Keil/ARM_Compiler/1.7.2/Source/retarget_io.c:672:3
	movw	r1, #32769
	subs	r1, r0, r1
	movs	r0, #0
.Ltmp35:
	@DEBUG_VALUE: _sys_istty:fh <- [DW_OP_LLVM_entry_value 1] $r0
	cmp	r1, #3
	it	lo
	movlo	r0, #1
	.loc	1 682 1                         @ C:/Users/philo/AppData/Local/Arm/Packs/Keil/ARM_Compiler/1.7.2/Source/retarget_io.c:682:1
	bx	lr
.Ltmp36:
.Lfunc_end4:
	.size	_sys_istty, .Lfunc_end4-_sys_istty
	.cfi_endproc
	.cantunwind
	.fnend
                                        @ -- End function
	.section	.text._sys_seek,"ax",%progbits
	.hidden	_sys_seek                       @ -- Begin function _sys_seek
	.weak	_sys_seek
	.p2align	1
	.type	_sys_seek,%function
	.code	16                              @ @_sys_seek
	.thumb_func
_sys_seek:
.Lfunc_begin5:
	.loc	1 702 0                         @ C:/Users/philo/AppData/Local/Arm/Packs/Keil/ARM_Compiler/1.7.2/Source/retarget_io.c:702:0
	.fnstart
	.cfi_startproc
@ %bb.0:
	@DEBUG_VALUE: _sys_seek:fh <- $r0
	@DEBUG_VALUE: _sys_seek:pos <- $r1
	.loc	1 723 1 prologue_end            @ C:/Users/philo/AppData/Local/Arm/Packs/Keil/ARM_Compiler/1.7.2/Source/retarget_io.c:723:1
	mov.w	r0, #-1
.Ltmp37:
	@DEBUG_VALUE: _sys_seek:fh <- [DW_OP_LLVM_entry_value 1] $r0
	bx	lr
.Ltmp38:
.Lfunc_end5:
	.size	_sys_seek, .Lfunc_end5-_sys_seek
	.cfi_endproc
	.cantunwind
	.fnend
                                        @ -- End function
	.section	.text._sys_flen,"ax",%progbits
	.hidden	_sys_flen                       @ -- Begin function _sys_flen
	.weak	_sys_flen
	.p2align	1
	.type	_sys_flen,%function
	.code	16                              @ @_sys_flen
	.thumb_func
_sys_flen:
.Lfunc_begin6:
	.loc	1 744 0                         @ C:/Users/philo/AppData/Local/Arm/Packs/Keil/ARM_Compiler/1.7.2/Source/retarget_io.c:744:0
	.fnstart
	.cfi_startproc
@ %bb.0:
	@DEBUG_VALUE: _sys_flen:fh <- $r0
	.loc	1 762 1 prologue_end            @ C:/Users/philo/AppData/Local/Arm/Packs/Keil/ARM_Compiler/1.7.2/Source/retarget_io.c:762:1
	movs	r0, #0
.Ltmp39:
	@DEBUG_VALUE: _sys_flen:fh <- [DW_OP_LLVM_entry_value 1] $r0
	bx	lr
.Ltmp40:
.Lfunc_end6:
	.size	_sys_flen, .Lfunc_end6-_sys_flen
	.cfi_endproc
	.cantunwind
	.fnend
                                        @ -- End function
	.hidden	__stdin_name                    @ @__stdin_name
	.type	__stdin_name,%object
	.section	.rodata.__stdin_name,"a",%progbits
	.globl	__stdin_name
__stdin_name:
	.asciz	":STDIN"
	.size	__stdin_name, 7

	.hidden	__stdout_name                   @ @__stdout_name
	.type	__stdout_name,%object
	.section	.rodata.__stdout_name,"a",%progbits
	.globl	__stdout_name
__stdout_name:
	.asciz	":STDOUT"
	.size	__stdout_name, 8

	.hidden	__stderr_name                   @ @__stderr_name
	.type	__stderr_name,%object
	.section	.rodata.__stderr_name,"a",%progbits
	.globl	__stderr_name
__stderr_name:
	.asciz	":STDERR"
	.size	__stderr_name, 8

	.file	2 "C:\\" "Keil_v5\\ARM\\ARMCLANG\\Bin\\..\\include\\rt_sys.h"
	.file	3 "C:\\" "Keil_v5\\ARM\\ARMCLANG\\Bin\\..\\include\\stdint.h"
	.section	.debug_loc,"",%progbits
.Ldebug_loc0:
	.long	-1
	.long	.Lfunc_begin0                   @   base address
	.long	.Lfunc_begin0-.Lfunc_begin0
	.long	.Ltmp2-.Lfunc_begin0
	.short	1                               @ Loc expr size
	.byte	80                              @ DW_OP_reg0
	.long	.Ltmp2-.Lfunc_begin0
	.long	.Ltmp13-.Lfunc_begin0
	.short	1                               @ Loc expr size
	.byte	84                              @ DW_OP_reg4
	.long	.Ltmp14-.Lfunc_begin0
	.long	.Ltmp16-.Lfunc_begin0
	.short	1                               @ Loc expr size
	.byte	84                              @ DW_OP_reg4
	.long	0
	.long	0
.Ldebug_loc1:
	.long	-1
	.long	.Lfunc_begin0                   @   base address
	.long	.Lfunc_begin0-.Lfunc_begin0
	.long	.Ltmp5-.Lfunc_begin0
	.short	1                               @ Loc expr size
	.byte	81                              @ DW_OP_reg1
	.long	.Ltmp5-.Lfunc_begin0
	.long	.Ltmp13-.Lfunc_begin0
	.short	4                               @ Loc expr size
	.byte	243                             @ DW_OP_GNU_entry_value
	.byte	1                               @ 1
	.byte	81                              @ DW_OP_reg1
	.byte	159                             @ DW_OP_stack_value
	.long	.Ltmp13-.Lfunc_begin0
	.long	.Ltmp14-.Lfunc_begin0
	.short	1                               @ Loc expr size
	.byte	81                              @ DW_OP_reg1
	.long	.Ltmp14-.Lfunc_begin0
	.long	.Ltmp16-.Lfunc_begin0
	.short	4                               @ Loc expr size
	.byte	243                             @ DW_OP_GNU_entry_value
	.byte	1                               @ 1
	.byte	81                              @ DW_OP_reg1
	.byte	159                             @ DW_OP_stack_value
	.long	0
	.long	0
.Ldebug_loc2:
	.long	-1
	.long	.Lfunc_begin1                   @   base address
	.long	.Lfunc_begin1-.Lfunc_begin1
	.long	.Ltmp17-.Lfunc_begin1
	.short	1                               @ Loc expr size
	.byte	80                              @ DW_OP_reg0
	.long	.Ltmp17-.Lfunc_begin1
	.long	.Lfunc_end1-.Lfunc_begin1
	.short	4                               @ Loc expr size
	.byte	243                             @ DW_OP_GNU_entry_value
	.byte	1                               @ 1
	.byte	80                              @ DW_OP_reg0
	.byte	159                             @ DW_OP_stack_value
	.long	0
	.long	0
.Ldebug_loc3:
	.long	-1
	.long	.Lfunc_begin2                   @   base address
	.long	.Lfunc_begin2-.Lfunc_begin2
	.long	.Ltmp22-.Lfunc_begin2
	.short	1                               @ Loc expr size
	.byte	80                              @ DW_OP_reg0
	.long	.Ltmp22-.Lfunc_begin2
	.long	.Ltmp29-.Lfunc_begin2
	.short	4                               @ Loc expr size
	.byte	243                             @ DW_OP_GNU_entry_value
	.byte	1                               @ 1
	.byte	80                              @ DW_OP_reg0
	.byte	159                             @ DW_OP_stack_value
	.long	0
	.long	0
.Ldebug_loc4:
	.long	-1
	.long	.Lfunc_begin2                   @   base address
	.long	.Lfunc_begin2-.Lfunc_begin2
	.long	.Ltmp19-.Lfunc_begin2
	.short	1                               @ Loc expr size
	.byte	81                              @ DW_OP_reg1
	.long	.Ltmp19-.Lfunc_begin2
	.long	.Ltmp23-.Lfunc_begin2
	.short	1                               @ Loc expr size
	.byte	85                              @ DW_OP_reg5
	.long	.Ltmp24-.Lfunc_begin2
	.long	.Ltmp30-.Lfunc_begin2
	.short	1                               @ Loc expr size
	.byte	85                              @ DW_OP_reg5
	.long	0
	.long	0
.Ldebug_loc5:
	.long	-1
	.long	.Lfunc_begin2                   @   base address
	.long	.Lfunc_begin2-.Lfunc_begin2
	.long	.Ltmp24-.Lfunc_begin2
	.short	1                               @ Loc expr size
	.byte	82                              @ DW_OP_reg2
	.long	.Ltmp24-.Lfunc_begin2
	.long	.Ltmp29-.Lfunc_begin2
	.short	1                               @ Loc expr size
	.byte	84                              @ DW_OP_reg4
	.long	0
	.long	0
.Ldebug_loc6:
	.long	-1
	.long	.Lfunc_begin2                   @   base address
	.long	.Lfunc_begin2-.Lfunc_begin2
	.long	.Ltmp24-.Lfunc_begin2
	.short	1                               @ Loc expr size
	.byte	83                              @ DW_OP_reg3
	.long	.Ltmp27-.Lfunc_begin2
	.long	.Ltmp29-.Lfunc_begin2
	.short	4                               @ Loc expr size
	.byte	243                             @ DW_OP_GNU_entry_value
	.byte	1                               @ 1
	.byte	83                              @ DW_OP_reg3
	.byte	159                             @ DW_OP_stack_value
	.long	0
	.long	0
.Ldebug_loc7:
	.long	-1
	.long	.Lfunc_begin2                   @   base address
	.long	.Ltmp26-.Lfunc_begin2
	.long	.Ltmp27-.Lfunc_begin2
	.short	1                               @ Loc expr size
	.byte	80                              @ DW_OP_reg0
	.long	0
	.long	0
.Ldebug_loc8:
	.long	-1
	.long	.Lfunc_begin3                   @   base address
	.long	.Lfunc_begin3-.Lfunc_begin3
	.long	.Ltmp33-.Lfunc_begin3
	.short	1                               @ Loc expr size
	.byte	80                              @ DW_OP_reg0
	.long	.Ltmp33-.Lfunc_begin3
	.long	.Lfunc_end3-.Lfunc_begin3
	.short	4                               @ Loc expr size
	.byte	243                             @ DW_OP_GNU_entry_value
	.byte	1                               @ 1
	.byte	80                              @ DW_OP_reg0
	.byte	159                             @ DW_OP_stack_value
	.long	0
	.long	0
.Ldebug_loc9:
	.long	-1
	.long	.Lfunc_begin3                   @   base address
	.long	.Lfunc_begin3-.Lfunc_begin3
	.long	.Ltmp32-.Lfunc_begin3
	.short	1                               @ Loc expr size
	.byte	81                              @ DW_OP_reg1
	.long	.Ltmp32-.Lfunc_begin3
	.long	.Lfunc_end3-.Lfunc_begin3
	.short	4                               @ Loc expr size
	.byte	243                             @ DW_OP_GNU_entry_value
	.byte	1                               @ 1
	.byte	81                              @ DW_OP_reg1
	.byte	159                             @ DW_OP_stack_value
	.long	0
	.long	0
.Ldebug_loc10:
	.long	-1
	.long	.Lfunc_begin3                   @   base address
	.long	.Lfunc_begin3-.Lfunc_begin3
	.long	.Ltmp31-.Lfunc_begin3
	.short	1                               @ Loc expr size
	.byte	83                              @ DW_OP_reg3
	.long	.Ltmp31-.Lfunc_begin3
	.long	.Lfunc_end3-.Lfunc_begin3
	.short	4                               @ Loc expr size
	.byte	243                             @ DW_OP_GNU_entry_value
	.byte	1                               @ 1
	.byte	83                              @ DW_OP_reg3
	.byte	159                             @ DW_OP_stack_value
	.long	0
	.long	0
.Ldebug_loc11:
	.long	-1
	.long	.Lfunc_begin4                   @   base address
	.long	.Lfunc_begin4-.Lfunc_begin4
	.long	.Ltmp35-.Lfunc_begin4
	.short	1                               @ Loc expr size
	.byte	80                              @ DW_OP_reg0
	.long	.Ltmp35-.Lfunc_begin4
	.long	.Lfunc_end4-.Lfunc_begin4
	.short	4                               @ Loc expr size
	.byte	243                             @ DW_OP_GNU_entry_value
	.byte	1                               @ 1
	.byte	80                              @ DW_OP_reg0
	.byte	159                             @ DW_OP_stack_value
	.long	0
	.long	0
.Ldebug_loc12:
	.long	-1
	.long	.Lfunc_begin5                   @   base address
	.long	.Lfunc_begin5-.Lfunc_begin5
	.long	.Ltmp37-.Lfunc_begin5
	.short	1                               @ Loc expr size
	.byte	80                              @ DW_OP_reg0
	.long	.Ltmp37-.Lfunc_begin5
	.long	.Lfunc_end5-.Lfunc_begin5
	.short	4                               @ Loc expr size
	.byte	243                             @ DW_OP_GNU_entry_value
	.byte	1                               @ 1
	.byte	80                              @ DW_OP_reg0
	.byte	159                             @ DW_OP_stack_value
	.long	0
	.long	0
.Ldebug_loc13:
	.long	-1
	.long	.Lfunc_begin6                   @   base address
	.long	.Lfunc_begin6-.Lfunc_begin6
	.long	.Ltmp39-.Lfunc_begin6
	.short	1                               @ Loc expr size
	.byte	80                              @ DW_OP_reg0
	.long	.Ltmp39-.Lfunc_begin6
	.long	.Lfunc_end6-.Lfunc_begin6
	.short	4                               @ Loc expr size
	.byte	243                             @ DW_OP_GNU_entry_value
	.byte	1                               @ 1
	.byte	80                              @ DW_OP_reg0
	.byte	159                             @ DW_OP_stack_value
	.long	0
	.long	0
	.section	.debug_abbrev,"",%progbits
	.byte	1                               @ Abbreviation Code
	.byte	17                              @ DW_TAG_compile_unit
	.byte	1                               @ DW_CHILDREN_yes
	.byte	37                              @ DW_AT_producer
	.byte	14                              @ DW_FORM_strp
	.byte	19                              @ DW_AT_language
	.byte	5                               @ DW_FORM_data2
	.byte	3                               @ DW_AT_name
	.byte	14                              @ DW_FORM_strp
	.byte	16                              @ DW_AT_stmt_list
	.byte	23                              @ DW_FORM_sec_offset
	.byte	27                              @ DW_AT_comp_dir
	.byte	14                              @ DW_FORM_strp
	.byte	17                              @ DW_AT_low_pc
	.byte	1                               @ DW_FORM_addr
	.byte	85                              @ DW_AT_ranges
	.byte	23                              @ DW_FORM_sec_offset
	.byte	0                               @ EOM(1)
	.byte	0                               @ EOM(2)
	.byte	2                               @ Abbreviation Code
	.byte	52                              @ DW_TAG_variable
	.byte	0                               @ DW_CHILDREN_no
	.byte	3                               @ DW_AT_name
	.byte	14                              @ DW_FORM_strp
	.byte	73                              @ DW_AT_type
	.byte	19                              @ DW_FORM_ref4
	.byte	63                              @ DW_AT_external
	.byte	25                              @ DW_FORM_flag_present
	.byte	58                              @ DW_AT_decl_file
	.byte	11                              @ DW_FORM_data1
	.byte	59                              @ DW_AT_decl_line
	.byte	5                               @ DW_FORM_data2
	.byte	2                               @ DW_AT_location
	.byte	24                              @ DW_FORM_exprloc
	.byte	0                               @ EOM(1)
	.byte	0                               @ EOM(2)
	.byte	3                               @ Abbreviation Code
	.byte	1                               @ DW_TAG_array_type
	.byte	1                               @ DW_CHILDREN_yes
	.byte	73                              @ DW_AT_type
	.byte	19                              @ DW_FORM_ref4
	.byte	0                               @ EOM(1)
	.byte	0                               @ EOM(2)
	.byte	4                               @ Abbreviation Code
	.byte	33                              @ DW_TAG_subrange_type
	.byte	0                               @ DW_CHILDREN_no
	.byte	73                              @ DW_AT_type
	.byte	19                              @ DW_FORM_ref4
	.byte	55                              @ DW_AT_count
	.byte	11                              @ DW_FORM_data1
	.byte	0                               @ EOM(1)
	.byte	0                               @ EOM(2)
	.byte	5                               @ Abbreviation Code
	.byte	38                              @ DW_TAG_const_type
	.byte	0                               @ DW_CHILDREN_no
	.byte	73                              @ DW_AT_type
	.byte	19                              @ DW_FORM_ref4
	.byte	0                               @ EOM(1)
	.byte	0                               @ EOM(2)
	.byte	6                               @ Abbreviation Code
	.byte	36                              @ DW_TAG_base_type
	.byte	0                               @ DW_CHILDREN_no
	.byte	3                               @ DW_AT_name
	.byte	14                              @ DW_FORM_strp
	.byte	62                              @ DW_AT_encoding
	.byte	11                              @ DW_FORM_data1
	.byte	11                              @ DW_AT_byte_size
	.byte	11                              @ DW_FORM_data1
	.byte	0                               @ EOM(1)
	.byte	0                               @ EOM(2)
	.byte	7                               @ Abbreviation Code
	.byte	36                              @ DW_TAG_base_type
	.byte	0                               @ DW_CHILDREN_no
	.byte	3                               @ DW_AT_name
	.byte	14                              @ DW_FORM_strp
	.byte	11                              @ DW_AT_byte_size
	.byte	11                              @ DW_FORM_data1
	.byte	62                              @ DW_AT_encoding
	.byte	11                              @ DW_FORM_data1
	.byte	0                               @ EOM(1)
	.byte	0                               @ EOM(2)
	.byte	8                               @ Abbreviation Code
	.byte	46                              @ DW_TAG_subprogram
	.byte	1                               @ DW_CHILDREN_yes
	.byte	17                              @ DW_AT_low_pc
	.byte	1                               @ DW_FORM_addr
	.byte	18                              @ DW_AT_high_pc
	.byte	6                               @ DW_FORM_data4
	.byte	64                              @ DW_AT_frame_base
	.byte	24                              @ DW_FORM_exprloc
	.ascii	"\227B"                         @ DW_AT_GNU_all_call_sites
	.byte	25                              @ DW_FORM_flag_present
	.byte	3                               @ DW_AT_name
	.byte	14                              @ DW_FORM_strp
	.byte	58                              @ DW_AT_decl_file
	.byte	11                              @ DW_FORM_data1
	.byte	59                              @ DW_AT_decl_line
	.byte	5                               @ DW_FORM_data2
	.byte	39                              @ DW_AT_prototyped
	.byte	25                              @ DW_FORM_flag_present
	.byte	73                              @ DW_AT_type
	.byte	19                              @ DW_FORM_ref4
	.byte	63                              @ DW_AT_external
	.byte	25                              @ DW_FORM_flag_present
	.byte	0                               @ EOM(1)
	.byte	0                               @ EOM(2)
	.byte	9                               @ Abbreviation Code
	.byte	5                               @ DW_TAG_formal_parameter
	.byte	0                               @ DW_CHILDREN_no
	.byte	2                               @ DW_AT_location
	.byte	23                              @ DW_FORM_sec_offset
	.byte	3                               @ DW_AT_name
	.byte	14                              @ DW_FORM_strp
	.byte	58                              @ DW_AT_decl_file
	.byte	11                              @ DW_FORM_data1
	.byte	59                              @ DW_AT_decl_line
	.byte	5                               @ DW_FORM_data2
	.byte	73                              @ DW_AT_type
	.byte	19                              @ DW_FORM_ref4
	.byte	0                               @ EOM(1)
	.byte	0                               @ EOM(2)
	.byte	10                              @ Abbreviation Code
	.byte	52                              @ DW_TAG_variable
	.byte	0                               @ DW_CHILDREN_no
	.byte	2                               @ DW_AT_location
	.byte	23                              @ DW_FORM_sec_offset
	.byte	3                               @ DW_AT_name
	.byte	14                              @ DW_FORM_strp
	.byte	58                              @ DW_AT_decl_file
	.byte	11                              @ DW_FORM_data1
	.byte	59                              @ DW_AT_decl_line
	.byte	5                               @ DW_FORM_data2
	.byte	73                              @ DW_AT_type
	.byte	19                              @ DW_FORM_ref4
	.byte	0                               @ EOM(1)
	.byte	0                               @ EOM(2)
	.byte	11                              @ Abbreviation Code
	.byte	5                               @ DW_TAG_formal_parameter
	.byte	0                               @ DW_CHILDREN_no
	.byte	2                               @ DW_AT_location
	.byte	24                              @ DW_FORM_exprloc
	.byte	3                               @ DW_AT_name
	.byte	14                              @ DW_FORM_strp
	.byte	58                              @ DW_AT_decl_file
	.byte	11                              @ DW_FORM_data1
	.byte	59                              @ DW_AT_decl_line
	.byte	5                               @ DW_FORM_data2
	.byte	73                              @ DW_AT_type
	.byte	19                              @ DW_FORM_ref4
	.byte	0                               @ EOM(1)
	.byte	0                               @ EOM(2)
	.byte	12                              @ Abbreviation Code
	.byte	22                              @ DW_TAG_typedef
	.byte	0                               @ DW_CHILDREN_no
	.byte	73                              @ DW_AT_type
	.byte	19                              @ DW_FORM_ref4
	.byte	3                               @ DW_AT_name
	.byte	14                              @ DW_FORM_strp
	.byte	58                              @ DW_AT_decl_file
	.byte	11                              @ DW_FORM_data1
	.byte	59                              @ DW_AT_decl_line
	.byte	11                              @ DW_FORM_data1
	.byte	0                               @ EOM(1)
	.byte	0                               @ EOM(2)
	.byte	13                              @ Abbreviation Code
	.byte	15                              @ DW_TAG_pointer_type
	.byte	0                               @ DW_CHILDREN_no
	.byte	73                              @ DW_AT_type
	.byte	19                              @ DW_FORM_ref4
	.byte	0                               @ EOM(1)
	.byte	0                               @ EOM(2)
	.byte	0                               @ EOM(3)
	.section	.debug_info,"",%progbits
.Lcu_begin0:
	.long	.Ldebug_info_end0-.Ldebug_info_start0 @ Length of Unit
.Ldebug_info_start0:
	.short	4                               @ DWARF version number
	.long	.debug_abbrev                   @ Offset Into Abbrev. Section
	.byte	4                               @ Address Size (in bytes)
	.byte	1                               @ Abbrev [1] 0xb:0x26b DW_TAG_compile_unit
	.long	.Linfo_string0                  @ DW_AT_producer
	.short	12                              @ DW_AT_language
	.long	.Linfo_string1                  @ DW_AT_name
	.long	.Lline_table_start0             @ DW_AT_stmt_list
	.long	.Linfo_string2                  @ DW_AT_comp_dir
	.long	0                               @ DW_AT_low_pc
	.long	.Ldebug_ranges0                 @ DW_AT_ranges
	.byte	2                               @ Abbrev [2] 0x26:0x12 DW_TAG_variable
	.long	.Linfo_string3                  @ DW_AT_name
	.long	56                              @ DW_AT_type
                                        @ DW_AT_external
	.byte	1                               @ DW_AT_decl_file
	.short	389                             @ DW_AT_decl_line
	.byte	5                               @ DW_AT_location
	.byte	3
	.long	__stdin_name
	.byte	3                               @ Abbrev [3] 0x38:0xc DW_TAG_array_type
	.long	68                              @ DW_AT_type
	.byte	4                               @ Abbrev [4] 0x3d:0x6 DW_TAG_subrange_type
	.long	80                              @ DW_AT_type
	.byte	7                               @ DW_AT_count
	.byte	0                               @ End Of Children Mark
	.byte	5                               @ Abbrev [5] 0x44:0x5 DW_TAG_const_type
	.long	73                              @ DW_AT_type
	.byte	6                               @ Abbrev [6] 0x49:0x7 DW_TAG_base_type
	.long	.Linfo_string4                  @ DW_AT_name
	.byte	8                               @ DW_AT_encoding
	.byte	1                               @ DW_AT_byte_size
	.byte	7                               @ Abbrev [7] 0x50:0x7 DW_TAG_base_type
	.long	.Linfo_string5                  @ DW_AT_name
	.byte	8                               @ DW_AT_byte_size
	.byte	7                               @ DW_AT_encoding
	.byte	2                               @ Abbrev [2] 0x57:0x12 DW_TAG_variable
	.long	.Linfo_string6                  @ DW_AT_name
	.long	105                             @ DW_AT_type
                                        @ DW_AT_external
	.byte	1                               @ DW_AT_decl_file
	.short	390                             @ DW_AT_decl_line
	.byte	5                               @ DW_AT_location
	.byte	3
	.long	__stdout_name
	.byte	3                               @ Abbrev [3] 0x69:0xc DW_TAG_array_type
	.long	68                              @ DW_AT_type
	.byte	4                               @ Abbrev [4] 0x6e:0x6 DW_TAG_subrange_type
	.long	80                              @ DW_AT_type
	.byte	8                               @ DW_AT_count
	.byte	0                               @ End Of Children Mark
	.byte	2                               @ Abbrev [2] 0x75:0x12 DW_TAG_variable
	.long	.Linfo_string7                  @ DW_AT_name
	.long	105                             @ DW_AT_type
                                        @ DW_AT_external
	.byte	1                               @ DW_AT_decl_file
	.short	391                             @ DW_AT_decl_line
	.byte	5                               @ DW_AT_location
	.byte	3
	.long	__stderr_name
	.byte	6                               @ Abbrev [6] 0x87:0x7 DW_TAG_base_type
	.long	.Linfo_string8                  @ DW_AT_name
	.byte	5                               @ DW_AT_encoding
	.byte	4                               @ DW_AT_byte_size
	.byte	8                               @ Abbrev [8] 0x8e:0x37 DW_TAG_subprogram
	.long	.Lfunc_begin0                   @ DW_AT_low_pc
	.long	.Lfunc_end0-.Lfunc_begin0       @ DW_AT_high_pc
	.byte	1                               @ DW_AT_frame_base
	.byte	93
                                        @ DW_AT_GNU_all_call_sites
	.long	.Linfo_string9                  @ DW_AT_name
	.byte	1                               @ DW_AT_decl_file
	.short	413                             @ DW_AT_decl_line
                                        @ DW_AT_prototyped
	.long	555                             @ DW_AT_type
                                        @ DW_AT_external
	.byte	9                               @ Abbrev [9] 0xa4:0x10 DW_TAG_formal_parameter
	.long	.Ldebug_loc0                    @ DW_AT_location
	.long	.Linfo_string18                 @ DW_AT_name
	.byte	1                               @ DW_AT_decl_file
	.short	413                             @ DW_AT_decl_line
	.long	573                             @ DW_AT_type
	.byte	9                               @ Abbrev [9] 0xb4:0x10 DW_TAG_formal_parameter
	.long	.Ldebug_loc1                    @ DW_AT_location
	.long	.Linfo_string19                 @ DW_AT_name
	.byte	1                               @ DW_AT_decl_file
	.short	413                             @ DW_AT_decl_line
	.long	135                             @ DW_AT_type
	.byte	0                               @ End Of Children Mark
	.byte	8                               @ Abbrev [8] 0xc5:0x27 DW_TAG_subprogram
	.long	.Lfunc_begin1                   @ DW_AT_low_pc
	.long	.Lfunc_end1-.Lfunc_begin1       @ DW_AT_high_pc
	.byte	1                               @ DW_AT_frame_base
	.byte	93
                                        @ DW_AT_GNU_all_call_sites
	.long	.Linfo_string11                 @ DW_AT_name
	.byte	1                               @ DW_AT_decl_file
	.short	459                             @ DW_AT_decl_line
                                        @ DW_AT_prototyped
	.long	135                             @ DW_AT_type
                                        @ DW_AT_external
	.byte	9                               @ Abbrev [9] 0xdb:0x10 DW_TAG_formal_parameter
	.long	.Ldebug_loc2                    @ DW_AT_location
	.long	.Linfo_string20                 @ DW_AT_name
	.byte	1                               @ DW_AT_decl_file
	.short	459                             @ DW_AT_decl_line
	.long	555                             @ DW_AT_type
	.byte	0                               @ End Of Children Mark
	.byte	8                               @ Abbrev [8] 0xec:0x67 DW_TAG_subprogram
	.long	.Lfunc_begin2                   @ DW_AT_low_pc
	.long	.Lfunc_end2-.Lfunc_begin2       @ DW_AT_high_pc
	.byte	1                               @ DW_AT_frame_base
	.byte	93
                                        @ DW_AT_GNU_all_call_sites
	.long	.Linfo_string12                 @ DW_AT_name
	.byte	1                               @ DW_AT_decl_file
	.short	501                             @ DW_AT_decl_line
                                        @ DW_AT_prototyped
	.long	135                             @ DW_AT_type
                                        @ DW_AT_external
	.byte	9                               @ Abbrev [9] 0x102:0x10 DW_TAG_formal_parameter
	.long	.Ldebug_loc3                    @ DW_AT_location
	.long	.Linfo_string20                 @ DW_AT_name
	.byte	1                               @ DW_AT_decl_file
	.short	501                             @ DW_AT_decl_line
	.long	555                             @ DW_AT_type
	.byte	9                               @ Abbrev [9] 0x112:0x10 DW_TAG_formal_parameter
	.long	.Ldebug_loc4                    @ DW_AT_location
	.long	.Linfo_string21                 @ DW_AT_name
	.byte	1                               @ DW_AT_decl_file
	.short	501                             @ DW_AT_decl_line
	.long	578                             @ DW_AT_type
	.byte	9                               @ Abbrev [9] 0x122:0x10 DW_TAG_formal_parameter
	.long	.Ldebug_loc5                    @ DW_AT_location
	.long	.Linfo_string24                 @ DW_AT_name
	.byte	1                               @ DW_AT_decl_file
	.short	501                             @ DW_AT_decl_line
	.long	606                             @ DW_AT_type
	.byte	9                               @ Abbrev [9] 0x132:0x10 DW_TAG_formal_parameter
	.long	.Ldebug_loc6                    @ DW_AT_location
	.long	.Linfo_string27                 @ DW_AT_name
	.byte	1                               @ DW_AT_decl_file
	.short	501                             @ DW_AT_decl_line
	.long	135                             @ DW_AT_type
	.byte	10                              @ Abbrev [10] 0x142:0x10 DW_TAG_variable
	.long	.Ldebug_loc7                    @ DW_AT_location
	.long	.Linfo_string28                 @ DW_AT_name
	.byte	1                               @ DW_AT_decl_file
	.short	503                             @ DW_AT_decl_line
	.long	135                             @ DW_AT_type
	.byte	0                               @ End Of Children Mark
	.byte	8                               @ Abbrev [8] 0x153:0x55 DW_TAG_subprogram
	.long	.Lfunc_begin3                   @ DW_AT_low_pc
	.long	.Lfunc_end3-.Lfunc_begin3       @ DW_AT_high_pc
	.byte	1                               @ DW_AT_frame_base
	.byte	93
                                        @ DW_AT_GNU_all_call_sites
	.long	.Linfo_string13                 @ DW_AT_name
	.byte	1                               @ DW_AT_decl_file
	.short	577                             @ DW_AT_decl_line
                                        @ DW_AT_prototyped
	.long	135                             @ DW_AT_type
                                        @ DW_AT_external
	.byte	9                               @ Abbrev [9] 0x169:0x10 DW_TAG_formal_parameter
	.long	.Ldebug_loc8                    @ DW_AT_location
	.long	.Linfo_string20                 @ DW_AT_name
	.byte	1                               @ DW_AT_decl_file
	.short	577                             @ DW_AT_decl_line
	.long	555                             @ DW_AT_type
	.byte	9                               @ Abbrev [9] 0x179:0x10 DW_TAG_formal_parameter
	.long	.Ldebug_loc9                    @ DW_AT_location
	.long	.Linfo_string21                 @ DW_AT_name
	.byte	1                               @ DW_AT_decl_file
	.short	577                             @ DW_AT_decl_line
	.long	624                             @ DW_AT_type
	.byte	11                              @ Abbrev [11] 0x189:0xe DW_TAG_formal_parameter
	.byte	1                               @ DW_AT_location
	.byte	82
	.long	.Linfo_string24                 @ DW_AT_name
	.byte	1                               @ DW_AT_decl_file
	.short	577                             @ DW_AT_decl_line
	.long	606                             @ DW_AT_type
	.byte	9                               @ Abbrev [9] 0x197:0x10 DW_TAG_formal_parameter
	.long	.Ldebug_loc10                   @ DW_AT_location
	.long	.Linfo_string27                 @ DW_AT_name
	.byte	1                               @ DW_AT_decl_file
	.short	577                             @ DW_AT_decl_line
	.long	135                             @ DW_AT_type
	.byte	0                               @ End Of Children Mark
	.byte	8                               @ Abbrev [8] 0x1a8:0x27 DW_TAG_subprogram
	.long	.Lfunc_begin4                   @ DW_AT_low_pc
	.long	.Lfunc_end4-.Lfunc_begin4       @ DW_AT_high_pc
	.byte	1                               @ DW_AT_frame_base
	.byte	93
                                        @ DW_AT_GNU_all_call_sites
	.long	.Linfo_string14                 @ DW_AT_name
	.byte	1                               @ DW_AT_decl_file
	.short	670                             @ DW_AT_decl_line
                                        @ DW_AT_prototyped
	.long	135                             @ DW_AT_type
                                        @ DW_AT_external
	.byte	9                               @ Abbrev [9] 0x1be:0x10 DW_TAG_formal_parameter
	.long	.Ldebug_loc11                   @ DW_AT_location
	.long	.Linfo_string20                 @ DW_AT_name
	.byte	1                               @ DW_AT_decl_file
	.short	670                             @ DW_AT_decl_line
	.long	555                             @ DW_AT_type
	.byte	0                               @ End Of Children Mark
	.byte	8                               @ Abbrev [8] 0x1cf:0x35 DW_TAG_subprogram
	.long	.Lfunc_begin5                   @ DW_AT_low_pc
	.long	.Lfunc_end5-.Lfunc_begin5       @ DW_AT_high_pc
	.byte	1                               @ DW_AT_frame_base
	.byte	93
                                        @ DW_AT_GNU_all_call_sites
	.long	.Linfo_string15                 @ DW_AT_name
	.byte	1                               @ DW_AT_decl_file
	.short	702                             @ DW_AT_decl_line
                                        @ DW_AT_prototyped
	.long	135                             @ DW_AT_type
                                        @ DW_AT_external
	.byte	9                               @ Abbrev [9] 0x1e5:0x10 DW_TAG_formal_parameter
	.long	.Ldebug_loc12                   @ DW_AT_location
	.long	.Linfo_string20                 @ DW_AT_name
	.byte	1                               @ DW_AT_decl_file
	.short	702                             @ DW_AT_decl_line
	.long	555                             @ DW_AT_type
	.byte	11                              @ Abbrev [11] 0x1f5:0xe DW_TAG_formal_parameter
	.byte	1                               @ DW_AT_location
	.byte	81
	.long	.Linfo_string29                 @ DW_AT_name
	.byte	1                               @ DW_AT_decl_file
	.short	702                             @ DW_AT_decl_line
	.long	566                             @ DW_AT_type
	.byte	0                               @ End Of Children Mark
	.byte	8                               @ Abbrev [8] 0x204:0x27 DW_TAG_subprogram
	.long	.Lfunc_begin6                   @ DW_AT_low_pc
	.long	.Lfunc_end6-.Lfunc_begin6       @ DW_AT_high_pc
	.byte	1                               @ DW_AT_frame_base
	.byte	93
                                        @ DW_AT_GNU_all_call_sites
	.long	.Linfo_string16                 @ DW_AT_name
	.byte	1                               @ DW_AT_decl_file
	.short	744                             @ DW_AT_decl_line
                                        @ DW_AT_prototyped
	.long	566                             @ DW_AT_type
                                        @ DW_AT_external
	.byte	9                               @ Abbrev [9] 0x21a:0x10 DW_TAG_formal_parameter
	.long	.Ldebug_loc13                   @ DW_AT_location
	.long	.Linfo_string20                 @ DW_AT_name
	.byte	1                               @ DW_AT_decl_file
	.short	744                             @ DW_AT_decl_line
	.long	555                             @ DW_AT_type
	.byte	0                               @ End Of Children Mark
	.byte	12                              @ Abbrev [12] 0x22b:0xb DW_TAG_typedef
	.long	135                             @ DW_AT_type
	.long	.Linfo_string10                 @ DW_AT_name
	.byte	2                               @ DW_AT_decl_file
	.byte	22                              @ DW_AT_decl_line
	.byte	6                               @ Abbrev [6] 0x236:0x7 DW_TAG_base_type
	.long	.Linfo_string17                 @ DW_AT_name
	.byte	5                               @ DW_AT_encoding
	.byte	4                               @ DW_AT_byte_size
	.byte	13                              @ Abbrev [13] 0x23d:0x5 DW_TAG_pointer_type
	.long	68                              @ DW_AT_type
	.byte	13                              @ Abbrev [13] 0x242:0x5 DW_TAG_pointer_type
	.long	583                             @ DW_AT_type
	.byte	5                               @ Abbrev [5] 0x247:0x5 DW_TAG_const_type
	.long	588                             @ DW_AT_type
	.byte	12                              @ Abbrev [12] 0x24c:0xb DW_TAG_typedef
	.long	599                             @ DW_AT_type
	.long	.Linfo_string23                 @ DW_AT_name
	.byte	3                               @ DW_AT_decl_file
	.byte	62                              @ DW_AT_decl_line
	.byte	6                               @ Abbrev [6] 0x257:0x7 DW_TAG_base_type
	.long	.Linfo_string22                 @ DW_AT_name
	.byte	8                               @ DW_AT_encoding
	.byte	1                               @ DW_AT_byte_size
	.byte	12                              @ Abbrev [12] 0x25e:0xb DW_TAG_typedef
	.long	617                             @ DW_AT_type
	.long	.Linfo_string26                 @ DW_AT_name
	.byte	3                               @ DW_AT_decl_file
	.byte	64                              @ DW_AT_decl_line
	.byte	6                               @ Abbrev [6] 0x269:0x7 DW_TAG_base_type
	.long	.Linfo_string25                 @ DW_AT_name
	.byte	7                               @ DW_AT_encoding
	.byte	4                               @ DW_AT_byte_size
	.byte	13                              @ Abbrev [13] 0x270:0x5 DW_TAG_pointer_type
	.long	588                             @ DW_AT_type
	.byte	0                               @ End Of Children Mark
.Ldebug_info_end0:
	.section	.debug_ranges,"",%progbits
.Ldebug_ranges0:
	.long	.Lfunc_begin0
	.long	.Lfunc_end0
	.long	.Lfunc_begin1
	.long	.Lfunc_end1
	.long	.Lfunc_begin2
	.long	.Lfunc_end2
	.long	.Lfunc_begin3
	.long	.Lfunc_end3
	.long	.Lfunc_begin4
	.long	.Lfunc_end4
	.long	.Lfunc_begin5
	.long	.Lfunc_end5
	.long	.Lfunc_begin6
	.long	.Lfunc_end6
	.long	0
	.long	0
	.section	.debug_str,"MS",%progbits,1
.Linfo_string0:
	.asciz	"Component: ARM Compiler 6.16 Tool: armclang [5dfeb700]" @ string offset=0
.Linfo_string1:
	.asciz	"C:/Users/philo/AppData/Local/Arm/Packs/Keil/ARM_Compiler/1.7.2/Source\\retarget_io.c" @ string offset=55
.Linfo_string2:
	.asciz	"C:\\Users\\philo\\Documents\\GitHub\\code-CortexM-ret2user\\blinky_tz\\Boards\\ARM\\V2M-MPS2\\IOTKit_CM33\\IOTKit_CM33_S_NS\\IOTKit_CM33_s" @ string offset=139
.Linfo_string3:
	.asciz	"__stdin_name"                  @ string offset=266
.Linfo_string4:
	.asciz	"char"                          @ string offset=279
.Linfo_string5:
	.asciz	"__ARRAY_SIZE_TYPE__"           @ string offset=284
.Linfo_string6:
	.asciz	"__stdout_name"                 @ string offset=304
.Linfo_string7:
	.asciz	"__stderr_name"                 @ string offset=318
.Linfo_string8:
	.asciz	"int"                           @ string offset=332
.Linfo_string9:
	.asciz	"_sys_open"                     @ string offset=336
.Linfo_string10:
	.asciz	"FILEHANDLE"                    @ string offset=346
.Linfo_string11:
	.asciz	"_sys_close"                    @ string offset=357
.Linfo_string12:
	.asciz	"_sys_write"                    @ string offset=368
.Linfo_string13:
	.asciz	"_sys_read"                     @ string offset=379
.Linfo_string14:
	.asciz	"_sys_istty"                    @ string offset=389
.Linfo_string15:
	.asciz	"_sys_seek"                     @ string offset=400
.Linfo_string16:
	.asciz	"_sys_flen"                     @ string offset=410
.Linfo_string17:
	.asciz	"long int"                      @ string offset=420
.Linfo_string18:
	.asciz	"name"                          @ string offset=429
.Linfo_string19:
	.asciz	"openmode"                      @ string offset=434
.Linfo_string20:
	.asciz	"fh"                            @ string offset=443
.Linfo_string21:
	.asciz	"buf"                           @ string offset=446
.Linfo_string22:
	.asciz	"unsigned char"                 @ string offset=450
.Linfo_string23:
	.asciz	"uint8_t"                       @ string offset=464
.Linfo_string24:
	.asciz	"len"                           @ string offset=472
.Linfo_string25:
	.asciz	"unsigned int"                  @ string offset=476
.Linfo_string26:
	.asciz	"uint32_t"                      @ string offset=489
.Linfo_string27:
	.asciz	"mode"                          @ string offset=498
.Linfo_string28:
	.asciz	"ch"                            @ string offset=503
.Linfo_string29:
	.asciz	"pos"                           @ string offset=506
	.ident	"Component: ARM Compiler 6.16 Tool: armclang [5dfeb700]"
	.section	".note.GNU-stack","",%progbits
	.eabi_attribute	30, 4	@ Tag_ABI_optimization_goals
	.ARM_attribute	16, 1	@ Tag_AV_eba
	.section	.debug_line,"",%progbits
.Lline_table_start0:
