	.text
	.syntax unified
	.eabi_attribute	67, "2.09"	@ Tag_conformance
	.cpu	cortex-m33
	.eabi_attribute	6, 17	@ Tag_CPU_arch
	.eabi_attribute	7, 77	@ Tag_CPU_arch_profile
	.eabi_attribute	8, 0	@ Tag_ARM_ISA_use
	.eabi_attribute	9, 3	@ Tag_THUMB_ISA_use
	.fpu	fpv5-sp-d16
	.eabi_attribute	27, 1	@ Tag_ABI_HardFP_use
	.eabi_attribute	36, 1	@ Tag_FP_HP_extension
	.eabi_attribute	46, 1	@ Tag_DSP_extension
	.eabi_attribute	34, 1	@ Tag_CPU_unaligned_access
	.eabi_attribute	17, 1	@ Tag_ABI_PCS_GOT_use
	.eabi_attribute	20, 2	@ Tag_ABI_FP_denormal
	.eabi_attribute	21, 0	@ Tag_ABI_FP_exceptions
	.eabi_attribute	23, 1	@ Tag_ABI_FP_number_model
	.eabi_attribute	24, 1	@ Tag_ABI_align_needed
	.eabi_attribute	25, 1	@ Tag_ABI_align_preserved
	.eabi_attribute	28, 1	@ Tag_ABI_VFP_args
	.eabi_attribute	38, 1	@ Tag_ABI_FP_16bit_format
	.eabi_attribute	18, 2	@ Tag_ABI_PCS_wchar_t
	.eabi_attribute	26, 1	@ Tag_ABI_enum_size
	.eabi_attribute	14, 0	@ Tag_ABI_PCS_R9_use
	.file	"stdout_USART.c"
	.file	1 "C:/Users/philo/AppData/Local/Arm/Packs/ARM/CMSIS/5.9.0/CMSIS/Driver/Include" "Driver_Common.h"
	.file	2 "C:\\" "Keil_v5\\ARM\\ARMCLANG\\Bin\\..\\include\\stdint.h"
	.section	.text.stdout_init,"ax",%progbits
	.hidden	stdout_init                     @ -- Begin function stdout_init
	.globl	stdout_init
	.p2align	2
	.type	stdout_init,%function
	.code	16                              @ @stdout_init
	.thumb_func
stdout_init:
.Lfunc_begin0:
	.file	3 "C:\\Users\\philo\\Documents\\GitHub\\code-CortexM-ret2user\\blinky_tz\\Boards\\ARM\\V2M-MPS2\\IOTKit_CM33\\IOTKit_CM33_S_NS\\IOTKit_CM33_s" "stdout_USART.c"
	.loc	3 63 0                          @ stdout_USART.c:63:0
	.fnstart
	.cfi_sections .debug_frame
	.cfi_startproc
@ %bb.0:
	.save	{r4, lr}
	push	{r4, lr}
	.cfi_def_cfa_offset 8
	.cfi_offset lr, -4
	.cfi_offset r4, -8
.Ltmp0:
	.loc	3 66 22 prologue_end            @ stdout_USART.c:66:22
	ldr	r4, __arm_cp.0_0
	.loc	3 66 12 is_stmt 0               @ stdout_USART.c:66:12
	movs	r0, #0
	.loc	3 66 22                         @ stdout_USART.c:66:22
	ldr	r1, [r4, #8]
	.loc	3 66 12                         @ stdout_USART.c:66:12
	blx	r1
.Ltmp1:
	@DEBUG_VALUE: stdout_init:status <- $r0
	.loc	3 67 7 is_stmt 1                @ stdout_USART.c:67:7
	cbnz	r0, .LBB0_3
.Ltmp2:
@ %bb.1:
	@DEBUG_VALUE: stdout_init:status <- $r0
	.loc	3 69 22                         @ stdout_USART.c:69:22
	ldr	r1, [r4, #16]
	.loc	3 69 12 is_stmt 0               @ stdout_USART.c:69:12
	movs	r0, #2
.Ltmp3:
	blx	r1
.Ltmp4:
	@DEBUG_VALUE: stdout_init:status <- $r0
	.loc	3 70 7 is_stmt 1                @ stdout_USART.c:70:7
	cbnz	r0, .LBB0_3
.Ltmp5:
@ %bb.2:
	@DEBUG_VALUE: stdout_init:status <- $r0
	.loc	3 72 22                         @ stdout_USART.c:72:22
	ldr	r4, [r4, #40]
	.loc	3 72 12 is_stmt 0               @ stdout_USART.c:72:12
	movs	r0, #1
.Ltmp6:
	mov.w	r1, #115200
	blx	r4
.Ltmp7:
	@DEBUG_VALUE: stdout_init:status <- $r0
	.loc	3 78 7 is_stmt 1                @ stdout_USART.c:78:7
	cbz	r0, .LBB0_4
.Ltmp8:
.LBB0_3:
	@DEBUG_VALUE: stdout_init:status <- $r0
	.loc	3 84 1                          @ stdout_USART.c:84:1
	mov.w	r0, #-1
.Ltmp9:
	pop	{r4, pc}
.LBB0_4:
.Ltmp10:
	@DEBUG_VALUE: stdout_init:status <- $r0
	.loc	3 80 12                         @ stdout_USART.c:80:12
	movs	r0, #21
.Ltmp11:
	movs	r1, #1
	blx	r4
.Ltmp12:
	@DEBUG_VALUE: stdout_init:status <- $r0
	.loc	3 81 7                          @ stdout_USART.c:81:7
	cmp	r0, #0
	it	ne
	movne.w	r0, #-1
.Ltmp13:
	pop	{r4, pc}
.Ltmp14:
	.p2align	2
@ %bb.5:
	.loc	3 0 7 is_stmt 0                 @ stdout_USART.c:0:7
__arm_cp.0_0:
	.long	Driver_USART0
.Lcpi_end0:
	.size	__arm_cp.0_0, .Lcpi_end0-__arm_cp.0_0
.Lfunc_end0:
	.size	stdout_init, .Lfunc_end0-stdout_init
	.cfi_endproc
	.cantunwind
	.fnend
                                        @ -- End function
	.section	.text.stdout_putchar,"ax",%progbits
	.hidden	stdout_putchar                  @ -- Begin function stdout_putchar
	.globl	stdout_putchar
	.p2align	2
	.type	stdout_putchar,%function
	.code	16                              @ @stdout_putchar
	.thumb_func
stdout_putchar:
.Lfunc_begin1:
	.loc	3 94 0 is_stmt 1                @ stdout_USART.c:94:0
	.fnstart
	.cfi_startproc
@ %bb.0:
	@DEBUG_VALUE: stdout_putchar:ch <- $r0
	.save	{r4, r5, r7, lr}
	.pad	#8
	push	{r2, r3, r4, r5, r7, lr}
	.cfi_def_cfa_offset 24
	.cfi_offset lr, -4
	.cfi_offset r7, -8
	.cfi_offset r5, -12
	.cfi_offset r4, -16
.Ltmp15:
	.loc	3 98 17 prologue_end            @ stdout_USART.c:98:17
	ldr	r5, __arm_cp.1_0
	mov	r4, r0
.Ltmp16:
	@DEBUG_VALUE: stdout_putchar:ch <- $r4
	.loc	3 97 10                         @ stdout_USART.c:97:10
	strb.w	r0, [sp, #7]
	add.w	r0, sp, #7
.Ltmp17:
	.loc	3 98 7                          @ stdout_USART.c:98:7
	movs	r1, #1
	.loc	3 98 17 is_stmt 0               @ stdout_USART.c:98:17
	ldr	r2, [r5, #20]
	.loc	3 98 7                          @ stdout_USART.c:98:7
	blx	r2
.Ltmp18:
	.loc	3 98 7                          @ stdout_USART.c:98:7
	cbz	r0, .LBB1_2
.Ltmp19:
@ %bb.1:
	@DEBUG_VALUE: stdout_putchar:ch <- $r4
	.loc	3 0 7                           @ stdout_USART.c:0:7
	mov.w	r4, #-1
.Ltmp20:
	@DEBUG_VALUE: stdout_putchar:ch <- [DW_OP_LLVM_entry_value 1] $r0
	b	.LBB1_4
.Ltmp21:
.LBB1_2:
	@DEBUG_VALUE: stdout_putchar:ch <- $r4
	ldr	r5, [r5, #32]
.Ltmp22:
.LBB1_3:                                @ =>This Inner Loop Header: Depth=1
	@DEBUG_VALUE: stdout_putchar:ch <- $r4
	.loc	3 101 10 is_stmt 1              @ stdout_USART.c:101:10
	blx	r5
.Ltmp23:
	.loc	3 101 3 is_stmt 0               @ stdout_USART.c:101:3
	cmp	r0, #1
	bne	.LBB1_3
.Ltmp24:
.LBB1_4:
	.loc	3 103 1 is_stmt 1               @ stdout_USART.c:103:1
	mov	r0, r4
	pop	{r2, r3, r4, r5, r7, pc}
.Ltmp25:
	.p2align	2
@ %bb.5:
	.loc	3 0 1 is_stmt 0                 @ stdout_USART.c:0:1
__arm_cp.1_0:
	.long	Driver_USART0
.Lcpi_end1:
	.size	__arm_cp.1_0, .Lcpi_end1-__arm_cp.1_0
.Lfunc_end1:
	.size	stdout_putchar, .Lfunc_end1-stdout_putchar
	.cfi_endproc
	.cantunwind
	.fnend
                                        @ -- End function
	.section	.debug_loc,"",%progbits
.Ldebug_loc0:
	.long	-1
	.long	.Lfunc_begin0                   @   base address
	.long	.Ltmp1-.Lfunc_begin0
	.long	.Ltmp3-.Lfunc_begin0
	.short	1                               @ Loc expr size
	.byte	80                              @ DW_OP_reg0
	.long	.Ltmp4-.Lfunc_begin0
	.long	.Ltmp6-.Lfunc_begin0
	.short	1                               @ Loc expr size
	.byte	80                              @ DW_OP_reg0
	.long	.Ltmp7-.Lfunc_begin0
	.long	.Ltmp9-.Lfunc_begin0
	.short	1                               @ Loc expr size
	.byte	80                              @ DW_OP_reg0
	.long	.Ltmp10-.Lfunc_begin0
	.long	.Ltmp11-.Lfunc_begin0
	.short	1                               @ Loc expr size
	.byte	80                              @ DW_OP_reg0
	.long	.Ltmp12-.Lfunc_begin0
	.long	.Ltmp13-.Lfunc_begin0
	.short	1                               @ Loc expr size
	.byte	80                              @ DW_OP_reg0
	.long	0
	.long	0
.Ldebug_loc1:
	.long	-1
	.long	.Lfunc_begin1                   @   base address
	.long	.Lfunc_begin1-.Lfunc_begin1
	.long	.Ltmp16-.Lfunc_begin1
	.short	1                               @ Loc expr size
	.byte	80                              @ DW_OP_reg0
	.long	.Ltmp16-.Lfunc_begin1
	.long	.Ltmp20-.Lfunc_begin1
	.short	1                               @ Loc expr size
	.byte	84                              @ DW_OP_reg4
	.long	.Ltmp20-.Lfunc_begin1
	.long	.Ltmp21-.Lfunc_begin1
	.short	4                               @ Loc expr size
	.byte	243                             @ DW_OP_GNU_entry_value
	.byte	1                               @ 1
	.byte	80                              @ DW_OP_reg0
	.byte	159                             @ DW_OP_stack_value
	.long	.Ltmp21-.Lfunc_begin1
	.long	.Ltmp24-.Lfunc_begin1
	.short	1                               @ Loc expr size
	.byte	84                              @ DW_OP_reg4
	.long	0
	.long	0
	.section	.debug_abbrev,"",%progbits
	.byte	1                               @ Abbreviation Code
	.byte	17                              @ DW_TAG_compile_unit
	.byte	1                               @ DW_CHILDREN_yes
	.byte	37                              @ DW_AT_producer
	.byte	14                              @ DW_FORM_strp
	.byte	19                              @ DW_AT_language
	.byte	5                               @ DW_FORM_data2
	.byte	3                               @ DW_AT_name
	.byte	14                              @ DW_FORM_strp
	.byte	16                              @ DW_AT_stmt_list
	.byte	23                              @ DW_FORM_sec_offset
	.byte	27                              @ DW_AT_comp_dir
	.byte	14                              @ DW_FORM_strp
	.byte	17                              @ DW_AT_low_pc
	.byte	1                               @ DW_FORM_addr
	.byte	85                              @ DW_AT_ranges
	.byte	23                              @ DW_FORM_sec_offset
	.byte	0                               @ EOM(1)
	.byte	0                               @ EOM(2)
	.byte	2                               @ Abbreviation Code
	.byte	4                               @ DW_TAG_enumeration_type
	.byte	1                               @ DW_CHILDREN_yes
	.byte	73                              @ DW_AT_type
	.byte	19                              @ DW_FORM_ref4
	.byte	3                               @ DW_AT_name
	.byte	14                              @ DW_FORM_strp
	.byte	11                              @ DW_AT_byte_size
	.byte	11                              @ DW_FORM_data1
	.byte	58                              @ DW_AT_decl_file
	.byte	11                              @ DW_FORM_data1
	.byte	59                              @ DW_AT_decl_line
	.byte	11                              @ DW_FORM_data1
	.byte	0                               @ EOM(1)
	.byte	0                               @ EOM(2)
	.byte	3                               @ Abbreviation Code
	.byte	40                              @ DW_TAG_enumerator
	.byte	0                               @ DW_CHILDREN_no
	.byte	3                               @ DW_AT_name
	.byte	14                              @ DW_FORM_strp
	.byte	28                              @ DW_AT_const_value
	.byte	15                              @ DW_FORM_udata
	.byte	0                               @ EOM(1)
	.byte	0                               @ EOM(2)
	.byte	4                               @ Abbreviation Code
	.byte	36                              @ DW_TAG_base_type
	.byte	0                               @ DW_CHILDREN_no
	.byte	3                               @ DW_AT_name
	.byte	14                              @ DW_FORM_strp
	.byte	62                              @ DW_AT_encoding
	.byte	11                              @ DW_FORM_data1
	.byte	11                              @ DW_AT_byte_size
	.byte	11                              @ DW_FORM_data1
	.byte	0                               @ EOM(1)
	.byte	0                               @ EOM(2)
	.byte	5                               @ Abbreviation Code
	.byte	22                              @ DW_TAG_typedef
	.byte	0                               @ DW_CHILDREN_no
	.byte	73                              @ DW_AT_type
	.byte	19                              @ DW_FORM_ref4
	.byte	3                               @ DW_AT_name
	.byte	14                              @ DW_FORM_strp
	.byte	58                              @ DW_AT_decl_file
	.byte	11                              @ DW_FORM_data1
	.byte	59                              @ DW_AT_decl_line
	.byte	11                              @ DW_FORM_data1
	.byte	0                               @ EOM(1)
	.byte	0                               @ EOM(2)
	.byte	6                               @ Abbreviation Code
	.byte	46                              @ DW_TAG_subprogram
	.byte	1                               @ DW_CHILDREN_yes
	.byte	17                              @ DW_AT_low_pc
	.byte	1                               @ DW_FORM_addr
	.byte	18                              @ DW_AT_high_pc
	.byte	6                               @ DW_FORM_data4
	.byte	64                              @ DW_AT_frame_base
	.byte	24                              @ DW_FORM_exprloc
	.ascii	"\227B"                         @ DW_AT_GNU_all_call_sites
	.byte	25                              @ DW_FORM_flag_present
	.byte	3                               @ DW_AT_name
	.byte	14                              @ DW_FORM_strp
	.byte	58                              @ DW_AT_decl_file
	.byte	11                              @ DW_FORM_data1
	.byte	59                              @ DW_AT_decl_line
	.byte	11                              @ DW_FORM_data1
	.byte	39                              @ DW_AT_prototyped
	.byte	25                              @ DW_FORM_flag_present
	.byte	73                              @ DW_AT_type
	.byte	19                              @ DW_FORM_ref4
	.byte	63                              @ DW_AT_external
	.byte	25                              @ DW_FORM_flag_present
	.byte	0                               @ EOM(1)
	.byte	0                               @ EOM(2)
	.byte	7                               @ Abbreviation Code
	.byte	52                              @ DW_TAG_variable
	.byte	0                               @ DW_CHILDREN_no
	.byte	2                               @ DW_AT_location
	.byte	23                              @ DW_FORM_sec_offset
	.byte	3                               @ DW_AT_name
	.byte	14                              @ DW_FORM_strp
	.byte	58                              @ DW_AT_decl_file
	.byte	11                              @ DW_FORM_data1
	.byte	59                              @ DW_AT_decl_line
	.byte	11                              @ DW_FORM_data1
	.byte	73                              @ DW_AT_type
	.byte	19                              @ DW_FORM_ref4
	.byte	0                               @ EOM(1)
	.byte	0                               @ EOM(2)
	.byte	8                               @ Abbreviation Code
	.byte	5                               @ DW_TAG_formal_parameter
	.byte	0                               @ DW_CHILDREN_no
	.byte	2                               @ DW_AT_location
	.byte	23                              @ DW_FORM_sec_offset
	.byte	3                               @ DW_AT_name
	.byte	14                              @ DW_FORM_strp
	.byte	58                              @ DW_AT_decl_file
	.byte	11                              @ DW_FORM_data1
	.byte	59                              @ DW_AT_decl_line
	.byte	11                              @ DW_FORM_data1
	.byte	73                              @ DW_AT_type
	.byte	19                              @ DW_FORM_ref4
	.byte	0                               @ EOM(1)
	.byte	0                               @ EOM(2)
	.byte	9                               @ Abbreviation Code
	.byte	52                              @ DW_TAG_variable
	.byte	0                               @ DW_CHILDREN_no
	.byte	2                               @ DW_AT_location
	.byte	24                              @ DW_FORM_exprloc
	.byte	3                               @ DW_AT_name
	.byte	14                              @ DW_FORM_strp
	.byte	58                              @ DW_AT_decl_file
	.byte	11                              @ DW_FORM_data1
	.byte	59                              @ DW_AT_decl_line
	.byte	11                              @ DW_FORM_data1
	.byte	73                              @ DW_AT_type
	.byte	19                              @ DW_FORM_ref4
	.byte	0                               @ EOM(1)
	.byte	0                               @ EOM(2)
	.byte	10                              @ Abbreviation Code
	.byte	1                               @ DW_TAG_array_type
	.byte	1                               @ DW_CHILDREN_yes
	.byte	73                              @ DW_AT_type
	.byte	19                              @ DW_FORM_ref4
	.byte	0                               @ EOM(1)
	.byte	0                               @ EOM(2)
	.byte	11                              @ Abbreviation Code
	.byte	33                              @ DW_TAG_subrange_type
	.byte	0                               @ DW_CHILDREN_no
	.byte	73                              @ DW_AT_type
	.byte	19                              @ DW_FORM_ref4
	.byte	55                              @ DW_AT_count
	.byte	11                              @ DW_FORM_data1
	.byte	0                               @ EOM(1)
	.byte	0                               @ EOM(2)
	.byte	12                              @ Abbreviation Code
	.byte	36                              @ DW_TAG_base_type
	.byte	0                               @ DW_CHILDREN_no
	.byte	3                               @ DW_AT_name
	.byte	14                              @ DW_FORM_strp
	.byte	11                              @ DW_AT_byte_size
	.byte	11                              @ DW_FORM_data1
	.byte	62                              @ DW_AT_encoding
	.byte	11                              @ DW_FORM_data1
	.byte	0                               @ EOM(1)
	.byte	0                               @ EOM(2)
	.byte	0                               @ EOM(3)
	.section	.debug_info,"",%progbits
.Lcu_begin0:
	.long	.Ldebug_info_end0-.Ldebug_info_start0 @ Length of Unit
.Ldebug_info_start0:
	.short	4                               @ DWARF version number
	.long	.debug_abbrev                   @ Offset Into Abbrev. Section
	.byte	4                               @ Address Size (in bytes)
	.byte	1                               @ Abbrev [1] 0xb:0xca DW_TAG_compile_unit
	.long	.Linfo_string0                  @ DW_AT_producer
	.short	12                              @ DW_AT_language
	.long	.Linfo_string1                  @ DW_AT_name
	.long	.Lline_table_start0             @ DW_AT_stmt_list
	.long	.Linfo_string2                  @ DW_AT_comp_dir
	.long	0                               @ DW_AT_low_pc
	.long	.Ldebug_ranges0                 @ DW_AT_ranges
	.byte	2                               @ Abbrev [2] 0x26:0x1f DW_TAG_enumeration_type
	.long	69                              @ DW_AT_type
	.long	.Linfo_string7                  @ DW_AT_name
	.byte	1                               @ DW_AT_byte_size
	.byte	1                               @ DW_AT_decl_file
	.byte	63                              @ DW_AT_decl_line
	.byte	3                               @ Abbrev [3] 0x32:0x6 DW_TAG_enumerator
	.long	.Linfo_string4                  @ DW_AT_name
	.byte	0                               @ DW_AT_const_value
	.byte	3                               @ Abbrev [3] 0x38:0x6 DW_TAG_enumerator
	.long	.Linfo_string5                  @ DW_AT_name
	.byte	1                               @ DW_AT_const_value
	.byte	3                               @ Abbrev [3] 0x3e:0x6 DW_TAG_enumerator
	.long	.Linfo_string6                  @ DW_AT_name
	.byte	2                               @ DW_AT_const_value
	.byte	0                               @ End Of Children Mark
	.byte	4                               @ Abbrev [4] 0x45:0x7 DW_TAG_base_type
	.long	.Linfo_string3                  @ DW_AT_name
	.byte	8                               @ DW_AT_encoding
	.byte	1                               @ DW_AT_byte_size
	.byte	5                               @ Abbrev [5] 0x4c:0xb DW_TAG_typedef
	.long	69                              @ DW_AT_type
	.long	.Linfo_string8                  @ DW_AT_name
	.byte	2                               @ DW_AT_decl_file
	.byte	62                              @ DW_AT_decl_line
	.byte	6                               @ Abbrev [6] 0x57:0x25 DW_TAG_subprogram
	.long	.Lfunc_begin0                   @ DW_AT_low_pc
	.long	.Lfunc_end0-.Lfunc_begin0       @ DW_AT_high_pc
	.byte	1                               @ DW_AT_frame_base
	.byte	93
                                        @ DW_AT_GNU_all_call_sites
	.long	.Linfo_string9                  @ DW_AT_name
	.byte	3                               @ DW_AT_decl_file
	.byte	63                              @ DW_AT_decl_line
                                        @ DW_AT_prototyped
	.long	175                             @ DW_AT_type
                                        @ DW_AT_external
	.byte	7                               @ Abbrev [7] 0x6c:0xf DW_TAG_variable
	.long	.Ldebug_loc0                    @ DW_AT_location
	.long	.Linfo_string12                 @ DW_AT_name
	.byte	3                               @ DW_AT_decl_file
	.byte	64                              @ DW_AT_decl_line
	.long	182                             @ DW_AT_type
	.byte	0                               @ End Of Children Mark
	.byte	6                               @ Abbrev [6] 0x7c:0x33 DW_TAG_subprogram
	.long	.Lfunc_begin1                   @ DW_AT_low_pc
	.long	.Lfunc_end1-.Lfunc_begin1       @ DW_AT_high_pc
	.byte	1                               @ DW_AT_frame_base
	.byte	93
                                        @ DW_AT_GNU_all_call_sites
	.long	.Linfo_string11                 @ DW_AT_name
	.byte	3                               @ DW_AT_decl_file
	.byte	94                              @ DW_AT_decl_line
                                        @ DW_AT_prototyped
	.long	175                             @ DW_AT_type
                                        @ DW_AT_external
	.byte	8                               @ Abbrev [8] 0x91:0xf DW_TAG_formal_parameter
	.long	.Ldebug_loc1                    @ DW_AT_location
	.long	.Linfo_string16                 @ DW_AT_name
	.byte	3                               @ DW_AT_decl_file
	.byte	94                              @ DW_AT_decl_line
	.long	175                             @ DW_AT_type
	.byte	9                               @ Abbrev [9] 0xa0:0xe DW_TAG_variable
	.byte	2                               @ DW_AT_location
	.byte	145
	.byte	7
	.long	.Linfo_string14                 @ DW_AT_name
	.byte	3                               @ DW_AT_decl_file
	.byte	95                              @ DW_AT_decl_line
	.long	193                             @ DW_AT_type
	.byte	0                               @ End Of Children Mark
	.byte	4                               @ Abbrev [4] 0xaf:0x7 DW_TAG_base_type
	.long	.Linfo_string10                 @ DW_AT_name
	.byte	5                               @ DW_AT_encoding
	.byte	4                               @ DW_AT_byte_size
	.byte	5                               @ Abbrev [5] 0xb6:0xb DW_TAG_typedef
	.long	175                             @ DW_AT_type
	.long	.Linfo_string13                 @ DW_AT_name
	.byte	2                               @ DW_AT_decl_file
	.byte	58                              @ DW_AT_decl_line
	.byte	10                              @ Abbrev [10] 0xc1:0xc DW_TAG_array_type
	.long	76                              @ DW_AT_type
	.byte	11                              @ Abbrev [11] 0xc6:0x6 DW_TAG_subrange_type
	.long	205                             @ DW_AT_type
	.byte	1                               @ DW_AT_count
	.byte	0                               @ End Of Children Mark
	.byte	12                              @ Abbrev [12] 0xcd:0x7 DW_TAG_base_type
	.long	.Linfo_string15                 @ DW_AT_name
	.byte	8                               @ DW_AT_byte_size
	.byte	7                               @ DW_AT_encoding
	.byte	0                               @ End Of Children Mark
.Ldebug_info_end0:
	.section	.debug_ranges,"",%progbits
.Ldebug_ranges0:
	.long	.Lfunc_begin0
	.long	.Lfunc_end0
	.long	.Lfunc_begin1
	.long	.Lfunc_end1
	.long	0
	.long	0
	.section	.debug_str,"MS",%progbits,1
.Linfo_string0:
	.asciz	"Component: ARM Compiler 6.16 Tool: armclang [5dfeb700]" @ string offset=0
.Linfo_string1:
	.asciz	"stdout_USART.c"                @ string offset=55
.Linfo_string2:
	.asciz	"C:\\Users\\philo\\Documents\\GitHub\\code-CortexM-ret2user\\blinky_tz\\Boards\\ARM\\V2M-MPS2\\IOTKit_CM33\\IOTKit_CM33_S_NS\\IOTKit_CM33_s" @ string offset=70
.Linfo_string3:
	.asciz	"unsigned char"                 @ string offset=197
.Linfo_string4:
	.asciz	"ARM_POWER_OFF"                 @ string offset=211
.Linfo_string5:
	.asciz	"ARM_POWER_LOW"                 @ string offset=225
.Linfo_string6:
	.asciz	"ARM_POWER_FULL"                @ string offset=239
.Linfo_string7:
	.asciz	"_ARM_POWER_STATE"              @ string offset=254
.Linfo_string8:
	.asciz	"uint8_t"                       @ string offset=271
.Linfo_string9:
	.asciz	"stdout_init"                   @ string offset=279
.Linfo_string10:
	.asciz	"int"                           @ string offset=291
.Linfo_string11:
	.asciz	"stdout_putchar"                @ string offset=295
.Linfo_string12:
	.asciz	"status"                        @ string offset=310
.Linfo_string13:
	.asciz	"int32_t"                       @ string offset=317
.Linfo_string14:
	.asciz	"buf"                           @ string offset=325
.Linfo_string15:
	.asciz	"__ARRAY_SIZE_TYPE__"           @ string offset=329
.Linfo_string16:
	.asciz	"ch"                            @ string offset=349
	.ident	"Component: ARM Compiler 6.16 Tool: armclang [5dfeb700]"
	.section	".note.GNU-stack","",%progbits
	.eabi_attribute	30, 4	@ Tag_ABI_optimization_goals
	.ARM_attribute	16, 1	@ Tag_AV_eba
	.section	.debug_line,"",%progbits
.Lline_table_start0:
