<!doctype html public "-//w3c//dtd html 4.0 transitional//en">
<html><head>
<title>Static Call Graph - [.\Objects\IOTKit_CM33_ns.axf]</title></head>
<body><HR>
<H1>Static Call Graph for image .\Objects\IOTKit_CM33_ns.axf</H1><HR>
<BR><P>#&#060CALLGRAPH&#062# ARM Linker, 6160001: Last Updated: Mon Sep 26 16:48:12 2022
<BR><P>
<H3>Maximum Stack Usage =         16 bytes + Unknown(Cycles, Untraceable Function Pointers)</H3><H3>
Call chain for Maximum Stack Depth:</H3>
__rt_entry_main &rArr; main
<P>
<H3>
Mutually Recursive functions
</H3> <LI><a href="#[14]">BRIDGE_ERROR_Handler</a>&nbsp;&nbsp;&nbsp;&rArr;&nbsp;&nbsp;&nbsp;<a href="#[14]">BRIDGE_ERROR_Handler</a><BR>
 <LI><a href="#[2]">HardFault_Handler</a>&nbsp;&nbsp;&nbsp;&rArr;&nbsp;&nbsp;&nbsp;<a href="#[2]">HardFault_Handler</a><BR>
</UL>
<P>
<H3>
Function Pointers
</H3><UL>
 <LI><a href="#[14]">BRIDGE_ERROR_Handler</a> from startup_iotkit_cm33.o(.text.Default_Handler) referenced from startup_iotkit_cm33.o(RESET)
 <LI><a href="#[4]">BusFault_Handler</a> from startup_iotkit_cm33.o(.text.Default_Handler) referenced from startup_iotkit_cm33.o(RESET)
 <LI><a href="#[2d]">DMA0_ERROR_Handler</a> from startup_iotkit_cm33.o(.text.Default_Handler) referenced from startup_iotkit_cm33.o(RESET)
 <LI><a href="#[2f]">DMA0_Handler</a> from startup_iotkit_cm33.o(.text.Default_Handler) referenced from startup_iotkit_cm33.o(RESET)
 <LI><a href="#[2e]">DMA0_TC_Handler</a> from startup_iotkit_cm33.o(.text.Default_Handler) referenced from startup_iotkit_cm33.o(RESET)
 <LI><a href="#[30]">DMA1_ERROR_Handler</a> from startup_iotkit_cm33.o(.text.Default_Handler) referenced from startup_iotkit_cm33.o(RESET)
 <LI><a href="#[32]">DMA1_Handler</a> from startup_iotkit_cm33.o(.text.Default_Handler) referenced from startup_iotkit_cm33.o(RESET)
 <LI><a href="#[31]">DMA1_TC_Handler</a> from startup_iotkit_cm33.o(.text.Default_Handler) referenced from startup_iotkit_cm33.o(RESET)
 <LI><a href="#[33]">DMA2_ERROR_Handler</a> from startup_iotkit_cm33.o(.text.Default_Handler) referenced from startup_iotkit_cm33.o(RESET)
 <LI><a href="#[35]">DMA2_Handler</a> from startup_iotkit_cm33.o(.text.Default_Handler) referenced from startup_iotkit_cm33.o(RESET)
 <LI><a href="#[34]">DMA2_TC_Handler</a> from startup_iotkit_cm33.o(.text.Default_Handler) referenced from startup_iotkit_cm33.o(RESET)
 <LI><a href="#[36]">DMA3_ERROR_Handler</a> from startup_iotkit_cm33.o(.text.Default_Handler) referenced from startup_iotkit_cm33.o(RESET)
 <LI><a href="#[38]">DMA3_Handler</a> from startup_iotkit_cm33.o(.text.Default_Handler) referenced from startup_iotkit_cm33.o(RESET)
 <LI><a href="#[37]">DMA3_TC_Handler</a> from startup_iotkit_cm33.o(.text.Default_Handler) referenced from startup_iotkit_cm33.o(RESET)
 <LI><a href="#[10]">DUALTIMER_Handler</a> from startup_iotkit_cm33.o(.text.Default_Handler) referenced from startup_iotkit_cm33.o(RESET)
 <LI><a href="#[8]">DebugMon_Handler</a> from startup_iotkit_cm33.o(.text.Default_Handler) referenced from startup_iotkit_cm33.o(RESET)
 <LI><a href="#[25]">ETHERNET_Handler</a> from startup_iotkit_cm33.o(.text.Default_Handler) referenced from startup_iotkit_cm33.o(RESET)
 <LI><a href="#[3d]">GPIO0_0_Handler</a> from startup_iotkit_cm33.o(.text.Default_Handler) referenced from startup_iotkit_cm33.o(RESET)
 <LI><a href="#[47]">GPIO0_10_Handler</a> from startup_iotkit_cm33.o(.text.Default_Handler) referenced from startup_iotkit_cm33.o(RESET)
 <LI><a href="#[48]">GPIO0_11_Handler</a> from startup_iotkit_cm33.o(.text.Default_Handler) referenced from startup_iotkit_cm33.o(RESET)
 <LI><a href="#[49]">GPIO0_12_Handler</a> from startup_iotkit_cm33.o(.text.Default_Handler) referenced from startup_iotkit_cm33.o(RESET)
 <LI><a href="#[4a]">GPIO0_13_Handler</a> from startup_iotkit_cm33.o(.text.Default_Handler) referenced from startup_iotkit_cm33.o(RESET)
 <LI><a href="#[4b]">GPIO0_14_Handler</a> from startup_iotkit_cm33.o(.text.Default_Handler) referenced from startup_iotkit_cm33.o(RESET)
 <LI><a href="#[4c]">GPIO0_15_Handler</a> from startup_iotkit_cm33.o(.text.Default_Handler) referenced from startup_iotkit_cm33.o(RESET)
 <LI><a href="#[3e]">GPIO0_1_Handler</a> from startup_iotkit_cm33.o(.text.Default_Handler) referenced from startup_iotkit_cm33.o(RESET)
 <LI><a href="#[3f]">GPIO0_2_Handler</a> from startup_iotkit_cm33.o(.text.Default_Handler) referenced from startup_iotkit_cm33.o(RESET)
 <LI><a href="#[40]">GPIO0_3_Handler</a> from startup_iotkit_cm33.o(.text.Default_Handler) referenced from startup_iotkit_cm33.o(RESET)
 <LI><a href="#[41]">GPIO0_4_Handler</a> from startup_iotkit_cm33.o(.text.Default_Handler) referenced from startup_iotkit_cm33.o(RESET)
 <LI><a href="#[42]">GPIO0_5_Handler</a> from startup_iotkit_cm33.o(.text.Default_Handler) referenced from startup_iotkit_cm33.o(RESET)
 <LI><a href="#[43]">GPIO0_6_Handler</a> from startup_iotkit_cm33.o(.text.Default_Handler) referenced from startup_iotkit_cm33.o(RESET)
 <LI><a href="#[44]">GPIO0_7_Handler</a> from startup_iotkit_cm33.o(.text.Default_Handler) referenced from startup_iotkit_cm33.o(RESET)
 <LI><a href="#[45]">GPIO0_8_Handler</a> from startup_iotkit_cm33.o(.text.Default_Handler) referenced from startup_iotkit_cm33.o(RESET)
 <LI><a href="#[46]">GPIO0_9_Handler</a> from startup_iotkit_cm33.o(.text.Default_Handler) referenced from startup_iotkit_cm33.o(RESET)
 <LI><a href="#[39]">GPIO0_Handler</a> from startup_iotkit_cm33.o(.text.Default_Handler) referenced from startup_iotkit_cm33.o(RESET)
 <LI><a href="#[4d]">GPIO1_0_Handler</a> from startup_iotkit_cm33.o(.text.Default_Handler) referenced from startup_iotkit_cm33.o(RESET)
 <LI><a href="#[57]">GPIO1_10_Handler</a> from startup_iotkit_cm33.o(.text.Default_Handler) referenced from startup_iotkit_cm33.o(RESET)
 <LI><a href="#[58]">GPIO1_11_Handler</a> from startup_iotkit_cm33.o(.text.Default_Handler) referenced from startup_iotkit_cm33.o(RESET)
 <LI><a href="#[59]">GPIO1_12_Handler</a> from startup_iotkit_cm33.o(.text.Default_Handler) referenced from startup_iotkit_cm33.o(RESET)
 <LI><a href="#[5a]">GPIO1_13_Handler</a> from startup_iotkit_cm33.o(.text.Default_Handler) referenced from startup_iotkit_cm33.o(RESET)
 <LI><a href="#[5b]">GPIO1_14_Handler</a> from startup_iotkit_cm33.o(.text.Default_Handler) referenced from startup_iotkit_cm33.o(RESET)
 <LI><a href="#[5c]">GPIO1_15_Handler</a> from startup_iotkit_cm33.o(.text.Default_Handler) referenced from startup_iotkit_cm33.o(RESET)
 <LI><a href="#[4e]">GPIO1_1_Handler</a> from startup_iotkit_cm33.o(.text.Default_Handler) referenced from startup_iotkit_cm33.o(RESET)
 <LI><a href="#[4f]">GPIO1_2_Handler</a> from startup_iotkit_cm33.o(.text.Default_Handler) referenced from startup_iotkit_cm33.o(RESET)
 <LI><a href="#[50]">GPIO1_3_Handler</a> from startup_iotkit_cm33.o(.text.Default_Handler) referenced from startup_iotkit_cm33.o(RESET)
 <LI><a href="#[51]">GPIO1_4_Handler</a> from startup_iotkit_cm33.o(.text.Default_Handler) referenced from startup_iotkit_cm33.o(RESET)
 <LI><a href="#[52]">GPIO1_5_Handler</a> from startup_iotkit_cm33.o(.text.Default_Handler) referenced from startup_iotkit_cm33.o(RESET)
 <LI><a href="#[53]">GPIO1_6_Handler</a> from startup_iotkit_cm33.o(.text.Default_Handler) referenced from startup_iotkit_cm33.o(RESET)
 <LI><a href="#[54]">GPIO1_7_Handler</a> from startup_iotkit_cm33.o(.text.Default_Handler) referenced from startup_iotkit_cm33.o(RESET)
 <LI><a href="#[55]">GPIO1_8_Handler</a> from startup_iotkit_cm33.o(.text.Default_Handler) referenced from startup_iotkit_cm33.o(RESET)
 <LI><a href="#[56]">GPIO1_9_Handler</a> from startup_iotkit_cm33.o(.text.Default_Handler) referenced from startup_iotkit_cm33.o(RESET)
 <LI><a href="#[3a]">GPIO1_Handler</a> from startup_iotkit_cm33.o(.text.Default_Handler) referenced from startup_iotkit_cm33.o(RESET)
 <LI><a href="#[5d]">GPIO2_0_Handler</a> from startup_iotkit_cm33.o(.text.Default_Handler) referenced from startup_iotkit_cm33.o(RESET)
 <LI><a href="#[67]">GPIO2_10_Handler</a> from startup_iotkit_cm33.o(.text.Default_Handler) referenced from startup_iotkit_cm33.o(RESET)
 <LI><a href="#[68]">GPIO2_11_Handler</a> from startup_iotkit_cm33.o(.text.Default_Handler) referenced from startup_iotkit_cm33.o(RESET)
 <LI><a href="#[69]">GPIO2_12_Handler</a> from startup_iotkit_cm33.o(.text.Default_Handler) referenced from startup_iotkit_cm33.o(RESET)
 <LI><a href="#[6a]">GPIO2_13_Handler</a> from startup_iotkit_cm33.o(.text.Default_Handler) referenced from startup_iotkit_cm33.o(RESET)
 <LI><a href="#[6b]">GPIO2_14_Handler</a> from startup_iotkit_cm33.o(.text.Default_Handler) referenced from startup_iotkit_cm33.o(RESET)
 <LI><a href="#[6c]">GPIO2_15_Handler</a> from startup_iotkit_cm33.o(.text.Default_Handler) referenced from startup_iotkit_cm33.o(RESET)
 <LI><a href="#[5e]">GPIO2_1_Handler</a> from startup_iotkit_cm33.o(.text.Default_Handler) referenced from startup_iotkit_cm33.o(RESET)
 <LI><a href="#[5f]">GPIO2_2_Handler</a> from startup_iotkit_cm33.o(.text.Default_Handler) referenced from startup_iotkit_cm33.o(RESET)
 <LI><a href="#[60]">GPIO2_3_Handler</a> from startup_iotkit_cm33.o(.text.Default_Handler) referenced from startup_iotkit_cm33.o(RESET)
 <LI><a href="#[61]">GPIO2_4_Handler</a> from startup_iotkit_cm33.o(.text.Default_Handler) referenced from startup_iotkit_cm33.o(RESET)
 <LI><a href="#[62]">GPIO2_5_Handler</a> from startup_iotkit_cm33.o(.text.Default_Handler) referenced from startup_iotkit_cm33.o(RESET)
 <LI><a href="#[63]">GPIO2_6_Handler</a> from startup_iotkit_cm33.o(.text.Default_Handler) referenced from startup_iotkit_cm33.o(RESET)
 <LI><a href="#[64]">GPIO2_7_Handler</a> from startup_iotkit_cm33.o(.text.Default_Handler) referenced from startup_iotkit_cm33.o(RESET)
 <LI><a href="#[65]">GPIO2_8_Handler</a> from startup_iotkit_cm33.o(.text.Default_Handler) referenced from startup_iotkit_cm33.o(RESET)
 <LI><a href="#[66]">GPIO2_9_Handler</a> from startup_iotkit_cm33.o(.text.Default_Handler) referenced from startup_iotkit_cm33.o(RESET)
 <LI><a href="#[3b]">GPIO2_Handler</a> from startup_iotkit_cm33.o(.text.Default_Handler) referenced from startup_iotkit_cm33.o(RESET)
 <LI><a href="#[6d]">GPIO3_0_Handler</a> from startup_iotkit_cm33.o(.text.Default_Handler) referenced from startup_iotkit_cm33.o(RESET)
 <LI><a href="#[6e]">GPIO3_1_Handler</a> from startup_iotkit_cm33.o(.text.Default_Handler) referenced from startup_iotkit_cm33.o(RESET)
 <LI><a href="#[6f]">GPIO3_2_Handler</a> from startup_iotkit_cm33.o(.text.Default_Handler) referenced from startup_iotkit_cm33.o(RESET)
 <LI><a href="#[70]">GPIO3_3_Handler</a> from startup_iotkit_cm33.o(.text.Default_Handler) referenced from startup_iotkit_cm33.o(RESET)
 <LI><a href="#[3c]">GPIO3_Handler</a> from startup_iotkit_cm33.o(.text.Default_Handler) referenced from startup_iotkit_cm33.o(RESET)
 <LI><a href="#[2]">HardFault_Handler</a> from startup_iotkit_cm33.o(.text.HardFault_Handler) referenced from startup_iotkit_cm33.o(RESET)
 <LI><a href="#[26]">I2S_Handler</a> from startup_iotkit_cm33.o(.text.Default_Handler) referenced from startup_iotkit_cm33.o(RESET)
 <LI><a href="#[11]">MPC_Handler</a> from startup_iotkit_cm33.o(.text.Default_Handler) referenced from startup_iotkit_cm33.o(RESET)
 <LI><a href="#[13]">MSC_Handler</a> from startup_iotkit_cm33.o(.text.Default_Handler) referenced from startup_iotkit_cm33.o(RESET)
 <LI><a href="#[3]">MemManage_Handler</a> from startup_iotkit_cm33.o(.text.Default_Handler) referenced from startup_iotkit_cm33.o(RESET)
 <LI><a href="#[1]">NMI_Handler</a> from startup_iotkit_cm33.o(.text.Default_Handler) referenced from startup_iotkit_cm33.o(RESET)
 <LI><a href="#[c]">NONSEC_WATCHDOG_Handler</a> from startup_iotkit_cm33.o(.text.Default_Handler) referenced from startup_iotkit_cm33.o(RESET)
 <LI><a href="#[b]">NONSEC_WATCHDOG_RESET_Handler</a> from startup_iotkit_cm33.o(.text.Default_Handler) referenced from startup_iotkit_cm33.o(RESET)
 <LI><a href="#[72]">NonSecure_LED_Off</a> from main_ns.o(.text.NonSecure_LED_Off) referenced from main_ns.o(.text.main)
 <LI><a href="#[71]">NonSecure_LED_On</a> from main_ns.o(.text.NonSecure_LED_On) referenced from main_ns.o(.text.main)
 <LI><a href="#[12]">PPC_Handler</a> from startup_iotkit_cm33.o(.text.Default_Handler) referenced from startup_iotkit_cm33.o(RESET)
 <LI><a href="#[9]">PendSV_Handler</a> from startup_iotkit_cm33.o(.text.Default_Handler) referenced from startup_iotkit_cm33.o(RESET)
 <LI><a href="#[0]">Reset_Handler</a> from startup_iotkit_cm33.o(.text.Reset_Handler) referenced from startup_iotkit_cm33.o(RESET)
 <LI><a href="#[d]">S32K_TIMER_Handler</a> from startup_iotkit_cm33.o(.text.Default_Handler) referenced from startup_iotkit_cm33.o(RESET)
 <LI><a href="#[28]">SPI0_Handler</a> from startup_iotkit_cm33.o(.text.Default_Handler) referenced from startup_iotkit_cm33.o(RESET)
 <LI><a href="#[29]">SPI1_Handler</a> from startup_iotkit_cm33.o(.text.Default_Handler) referenced from startup_iotkit_cm33.o(RESET)
 <LI><a href="#[2a]">SPI2_Handler</a> from startup_iotkit_cm33.o(.text.Default_Handler) referenced from startup_iotkit_cm33.o(RESET)
 <LI><a href="#[2b]">SPI3_Handler</a> from startup_iotkit_cm33.o(.text.Default_Handler) referenced from startup_iotkit_cm33.o(RESET)
 <LI><a href="#[2c]">SPI4_Handler</a> from startup_iotkit_cm33.o(.text.Default_Handler) referenced from startup_iotkit_cm33.o(RESET)
 <LI><a href="#[7]">SVC_Handler</a> from startup_iotkit_cm33.o(.text.Default_Handler) referenced from startup_iotkit_cm33.o(RESET)
 <LI><a href="#[6]">SecureFault_Handler</a> from startup_iotkit_cm33.o(.text.Default_Handler) referenced from startup_iotkit_cm33.o(RESET)
 <LI><a href="#[a]">SysTick_Handler</a> from main_ns.o(.text.SysTick_Handler) referenced from startup_iotkit_cm33.o(RESET)
 <LI><a href="#[e]">TIMER0_Handler</a> from startup_iotkit_cm33.o(.text.Default_Handler) referenced from startup_iotkit_cm33.o(RESET)
 <LI><a href="#[f]">TIMER1_Handler</a> from startup_iotkit_cm33.o(.text.Default_Handler) referenced from startup_iotkit_cm33.o(RESET)
 <LI><a href="#[27]">TSC_Handler</a> from startup_iotkit_cm33.o(.text.Default_Handler) referenced from startup_iotkit_cm33.o(RESET)
 <LI><a href="#[15]">UART0RX_Handler</a> from startup_iotkit_cm33.o(.text.Default_Handler) referenced from startup_iotkit_cm33.o(RESET)
 <LI><a href="#[16]">UART0TX_Handler</a> from startup_iotkit_cm33.o(.text.Default_Handler) referenced from startup_iotkit_cm33.o(RESET)
 <LI><a href="#[1f]">UART0_Handler</a> from startup_iotkit_cm33.o(.text.Default_Handler) referenced from startup_iotkit_cm33.o(RESET)
 <LI><a href="#[17]">UART1RX_Handler</a> from startup_iotkit_cm33.o(.text.Default_Handler) referenced from startup_iotkit_cm33.o(RESET)
 <LI><a href="#[18]">UART1TX_Handler</a> from startup_iotkit_cm33.o(.text.Default_Handler) referenced from startup_iotkit_cm33.o(RESET)
 <LI><a href="#[20]">UART1_Handler</a> from startup_iotkit_cm33.o(.text.Default_Handler) referenced from startup_iotkit_cm33.o(RESET)
 <LI><a href="#[19]">UART2RX_Handler</a> from startup_iotkit_cm33.o(.text.Default_Handler) referenced from startup_iotkit_cm33.o(RESET)
 <LI><a href="#[1a]">UART2TX_Handler</a> from startup_iotkit_cm33.o(.text.Default_Handler) referenced from startup_iotkit_cm33.o(RESET)
 <LI><a href="#[21]">UART2_Handler</a> from startup_iotkit_cm33.o(.text.Default_Handler) referenced from startup_iotkit_cm33.o(RESET)
 <LI><a href="#[1b]">UART3RX_Handler</a> from startup_iotkit_cm33.o(.text.Default_Handler) referenced from startup_iotkit_cm33.o(RESET)
 <LI><a href="#[1c]">UART3TX_Handler</a> from startup_iotkit_cm33.o(.text.Default_Handler) referenced from startup_iotkit_cm33.o(RESET)
 <LI><a href="#[22]">UART3_Handler</a> from startup_iotkit_cm33.o(.text.Default_Handler) referenced from startup_iotkit_cm33.o(RESET)
 <LI><a href="#[1d]">UART4RX_Handler</a> from startup_iotkit_cm33.o(.text.Default_Handler) referenced from startup_iotkit_cm33.o(RESET)
 <LI><a href="#[1e]">UART4TX_Handler</a> from startup_iotkit_cm33.o(.text.Default_Handler) referenced from startup_iotkit_cm33.o(RESET)
 <LI><a href="#[23]">UART4_Handler</a> from startup_iotkit_cm33.o(.text.Default_Handler) referenced from startup_iotkit_cm33.o(RESET)
 <LI><a href="#[24]">UARTOVF_Handler</a> from startup_iotkit_cm33.o(.text.Default_Handler) referenced from startup_iotkit_cm33.o(RESET)
 <LI><a href="#[5]">UsageFault_Handler</a> from startup_iotkit_cm33.o(.text.Default_Handler) referenced from startup_iotkit_cm33.o(RESET)
</UL>
<P>
<H3>
Global Symbols
</H3>
<P><STRONG><a name="[73]"></a>__main</STRONG> (Thumb, 8 bytes, Stack size 0 bytes, __main.o(!!!main))
<BR><BR>[Calls]<UL><LI><a href="#[74]">&gt;&gt;</a>&nbsp;&nbsp;&nbsp;__scatterload
<LI><a href="#[75]">&gt;&gt;</a>&nbsp;&nbsp;&nbsp;__rt_entry
</UL>
<BR>[Called By]<UL><LI><a href="#[0]">&gt;&gt;</a>&nbsp;&nbsp;&nbsp;Reset_Handler
</UL>

<P><STRONG><a name="[74]"></a>__scatterload</STRONG> (Thumb, 0 bytes, Stack size unknown bytes, __scatter.o(!!!scatter))
<BR><BR>[Called By]<UL><LI><a href="#[73]">&gt;&gt;</a>&nbsp;&nbsp;&nbsp;__main
</UL>

<P><STRONG><a name="[76]"></a>__scatterload_rt2</STRONG> (Thumb, 44 bytes, Stack size unknown bytes, __scatter.o(!!!scatter), UNUSED)
<BR><BR>[Calls]<UL><LI><a href="#[75]">&gt;&gt;</a>&nbsp;&nbsp;&nbsp;__rt_entry
</UL>

<P><STRONG><a name="[8d]"></a>__scatterload_rt2_thumb_only</STRONG> (Thumb, 0 bytes, Stack size unknown bytes, __scatter.o(!!!scatter), UNUSED)

<P><STRONG><a name="[8e]"></a>__scatterload_null</STRONG> (Thumb, 0 bytes, Stack size unknown bytes, __scatter.o(!!!scatter), UNUSED)

<P><STRONG><a name="[77]"></a>__scatterload_copy</STRONG> (Thumb, 26 bytes, Stack size unknown bytes, __scatter_copy.o(!!handler_copy), UNUSED)
<BR><BR>[Calls]<UL><LI><a href="#[77]">&gt;&gt;</a>&nbsp;&nbsp;&nbsp;__scatterload_copy
</UL>
<BR>[Called By]<UL><LI><a href="#[77]">&gt;&gt;</a>&nbsp;&nbsp;&nbsp;__scatterload_copy
</UL>

<P><STRONG><a name="[8f]"></a>__scatterload_zeroinit</STRONG> (Thumb, 28 bytes, Stack size unknown bytes, __scatter_zi.o(!!handler_zi), UNUSED)

<P><STRONG><a name="[7b]"></a>__rt_lib_init</STRONG> (Thumb, 0 bytes, Stack size unknown bytes, libinit.o(.ARM.Collect$$libinit$$00000000))
<BR><BR>[Called By]<UL><LI><a href="#[7a]">&gt;&gt;</a>&nbsp;&nbsp;&nbsp;__rt_entry_li
</UL>

<P><STRONG><a name="[78]"></a>__rt_lib_init_fp_1</STRONG> (Thumb, 0 bytes, Stack size unknown bytes, libinit2.o(.ARM.Collect$$libinit$$00000001))
<BR><BR>[Calls]<UL><LI><a href="#[79]">&gt;&gt;</a>&nbsp;&nbsp;&nbsp;_fp_init
</UL>

<P><STRONG><a name="[90]"></a>__rt_lib_init_alloca_1</STRONG> (Thumb, 0 bytes, Stack size unknown bytes, libinit2.o(.ARM.Collect$$libinit$$0000002E))

<P><STRONG><a name="[91]"></a>__rt_lib_init_argv_1</STRONG> (Thumb, 0 bytes, Stack size unknown bytes, libinit2.o(.ARM.Collect$$libinit$$0000002C))

<P><STRONG><a name="[92]"></a>__rt_lib_init_atexit_1</STRONG> (Thumb, 0 bytes, Stack size unknown bytes, libinit2.o(.ARM.Collect$$libinit$$0000001B))

<P><STRONG><a name="[93]"></a>__rt_lib_init_clock_1</STRONG> (Thumb, 0 bytes, Stack size unknown bytes, libinit2.o(.ARM.Collect$$libinit$$00000021))

<P><STRONG><a name="[94]"></a>__rt_lib_init_cpp_1</STRONG> (Thumb, 0 bytes, Stack size unknown bytes, libinit2.o(.ARM.Collect$$libinit$$00000032))

<P><STRONG><a name="[95]"></a>__rt_lib_init_exceptions_1</STRONG> (Thumb, 0 bytes, Stack size unknown bytes, libinit2.o(.ARM.Collect$$libinit$$00000030))

<P><STRONG><a name="[96]"></a>__rt_lib_init_fp_trap_1</STRONG> (Thumb, 0 bytes, Stack size unknown bytes, libinit2.o(.ARM.Collect$$libinit$$0000001F))

<P><STRONG><a name="[97]"></a>__rt_lib_init_getenv_1</STRONG> (Thumb, 0 bytes, Stack size unknown bytes, libinit2.o(.ARM.Collect$$libinit$$00000023))

<P><STRONG><a name="[98]"></a>__rt_lib_init_heap_1</STRONG> (Thumb, 0 bytes, Stack size unknown bytes, libinit2.o(.ARM.Collect$$libinit$$0000000A))

<P><STRONG><a name="[99]"></a>__rt_lib_init_lc_collate_1</STRONG> (Thumb, 0 bytes, Stack size unknown bytes, libinit2.o(.ARM.Collect$$libinit$$00000011))

<P><STRONG><a name="[9a]"></a>__rt_lib_init_lc_ctype_1</STRONG> (Thumb, 0 bytes, Stack size unknown bytes, libinit2.o(.ARM.Collect$$libinit$$00000013))

<P><STRONG><a name="[9b]"></a>__rt_lib_init_lc_monetary_1</STRONG> (Thumb, 0 bytes, Stack size unknown bytes, libinit2.o(.ARM.Collect$$libinit$$00000015))

<P><STRONG><a name="[9c]"></a>__rt_lib_init_lc_numeric_1</STRONG> (Thumb, 0 bytes, Stack size unknown bytes, libinit2.o(.ARM.Collect$$libinit$$00000017))

<P><STRONG><a name="[9d]"></a>__rt_lib_init_lc_time_1</STRONG> (Thumb, 0 bytes, Stack size unknown bytes, libinit2.o(.ARM.Collect$$libinit$$00000019))

<P><STRONG><a name="[9e]"></a>__rt_lib_init_preinit_1</STRONG> (Thumb, 0 bytes, Stack size unknown bytes, libinit2.o(.ARM.Collect$$libinit$$00000004))

<P><STRONG><a name="[9f]"></a>__rt_lib_init_rand_1</STRONG> (Thumb, 0 bytes, Stack size unknown bytes, libinit2.o(.ARM.Collect$$libinit$$0000000E))

<P><STRONG><a name="[a0]"></a>__rt_lib_init_return</STRONG> (Thumb, 0 bytes, Stack size unknown bytes, libinit2.o(.ARM.Collect$$libinit$$00000033))

<P><STRONG><a name="[a1]"></a>__rt_lib_init_signal_1</STRONG> (Thumb, 0 bytes, Stack size unknown bytes, libinit2.o(.ARM.Collect$$libinit$$0000001D))

<P><STRONG><a name="[a2]"></a>__rt_lib_init_stdio_1</STRONG> (Thumb, 0 bytes, Stack size unknown bytes, libinit2.o(.ARM.Collect$$libinit$$00000025))

<P><STRONG><a name="[a3]"></a>__rt_lib_init_user_alloc_1</STRONG> (Thumb, 0 bytes, Stack size unknown bytes, libinit2.o(.ARM.Collect$$libinit$$0000000C))

<P><STRONG><a name="[80]"></a>__rt_lib_shutdown</STRONG> (Thumb, 0 bytes, Stack size unknown bytes, libshutdown.o(.ARM.Collect$$libshutdown$$00000000))
<BR><BR>[Called By]<UL><LI><a href="#[7f]">&gt;&gt;</a>&nbsp;&nbsp;&nbsp;__rt_exit_ls
</UL>

<P><STRONG><a name="[a4]"></a>__rt_lib_shutdown_cpp_1</STRONG> (Thumb, 0 bytes, Stack size unknown bytes, libshutdown2.o(.ARM.Collect$$libshutdown$$00000002))

<P><STRONG><a name="[a5]"></a>__rt_lib_shutdown_fp_trap_1</STRONG> (Thumb, 0 bytes, Stack size unknown bytes, libshutdown2.o(.ARM.Collect$$libshutdown$$00000007))

<P><STRONG><a name="[a6]"></a>__rt_lib_shutdown_heap_1</STRONG> (Thumb, 0 bytes, Stack size unknown bytes, libshutdown2.o(.ARM.Collect$$libshutdown$$0000000F))

<P><STRONG><a name="[a7]"></a>__rt_lib_shutdown_return</STRONG> (Thumb, 0 bytes, Stack size unknown bytes, libshutdown2.o(.ARM.Collect$$libshutdown$$00000010))

<P><STRONG><a name="[a8]"></a>__rt_lib_shutdown_signal_1</STRONG> (Thumb, 0 bytes, Stack size unknown bytes, libshutdown2.o(.ARM.Collect$$libshutdown$$0000000A))

<P><STRONG><a name="[a9]"></a>__rt_lib_shutdown_stdio_1</STRONG> (Thumb, 0 bytes, Stack size unknown bytes, libshutdown2.o(.ARM.Collect$$libshutdown$$00000004))

<P><STRONG><a name="[aa]"></a>__rt_lib_shutdown_user_alloc_1</STRONG> (Thumb, 0 bytes, Stack size unknown bytes, libshutdown2.o(.ARM.Collect$$libshutdown$$0000000C))

<P><STRONG><a name="[75]"></a>__rt_entry</STRONG> (Thumb, 0 bytes, Stack size unknown bytes, __rtentry.o(.ARM.Collect$$rtentry$$00000000))
<BR><BR>[Called By]<UL><LI><a href="#[76]">&gt;&gt;</a>&nbsp;&nbsp;&nbsp;__scatterload_rt2
<LI><a href="#[73]">&gt;&gt;</a>&nbsp;&nbsp;&nbsp;__main
</UL>

<P><STRONG><a name="[ab]"></a>__rt_entry_presh_1</STRONG> (Thumb, 0 bytes, Stack size unknown bytes, __rtentry2.o(.ARM.Collect$$rtentry$$00000002))

<P><STRONG><a name="[ac]"></a>__rt_entry_sh</STRONG> (Thumb, 0 bytes, Stack size unknown bytes, __rtentry7.o(.ARM.Collect$$rtentry$$00000007))

<P><STRONG><a name="[7a]"></a>__rt_entry_li</STRONG> (Thumb, 0 bytes, Stack size unknown bytes, __rtentry2.o(.ARM.Collect$$rtentry$$0000000A))
<BR><BR>[Calls]<UL><LI><a href="#[7b]">&gt;&gt;</a>&nbsp;&nbsp;&nbsp;__rt_lib_init
</UL>

<P><STRONG><a name="[ad]"></a>__rt_entry_postsh_1</STRONG> (Thumb, 0 bytes, Stack size unknown bytes, __rtentry2.o(.ARM.Collect$$rtentry$$00000009))

<P><STRONG><a name="[7c]"></a>__rt_entry_main</STRONG> (Thumb, 0 bytes, Stack size unknown bytes, __rtentry2.o(.ARM.Collect$$rtentry$$0000000D))
<BR><BR>[Stack]<UL><LI>Max Depth = 16 + Unknown Stack Size
<LI>Call Chain = __rt_entry_main &rArr; main
</UL>
<BR>[Calls]<UL><LI><a href="#[7e]">&gt;&gt;</a>&nbsp;&nbsp;&nbsp;exit
<LI><a href="#[7d]">&gt;&gt;</a>&nbsp;&nbsp;&nbsp;main
</UL>

<P><STRONG><a name="[ae]"></a>__rt_entry_postli_1</STRONG> (Thumb, 0 bytes, Stack size unknown bytes, __rtentry2.o(.ARM.Collect$$rtentry$$0000000C))

<P><STRONG><a name="[83]"></a>__rt_exit</STRONG> (Thumb, 0 bytes, Stack size unknown bytes, rtexit.o(.ARM.Collect$$rtexit$$00000000))
<BR><BR>[Called By]<UL><LI><a href="#[7e]">&gt;&gt;</a>&nbsp;&nbsp;&nbsp;exit
</UL>

<P><STRONG><a name="[7f]"></a>__rt_exit_ls</STRONG> (Thumb, 0 bytes, Stack size unknown bytes, rtexit2.o(.ARM.Collect$$rtexit$$00000003))
<BR><BR>[Calls]<UL><LI><a href="#[80]">&gt;&gt;</a>&nbsp;&nbsp;&nbsp;__rt_lib_shutdown
</UL>

<P><STRONG><a name="[af]"></a>__rt_exit_prels_1</STRONG> (Thumb, 0 bytes, Stack size unknown bytes, rtexit2.o(.ARM.Collect$$rtexit$$00000002))

<P><STRONG><a name="[81]"></a>__rt_exit_exit</STRONG> (Thumb, 0 bytes, Stack size unknown bytes, rtexit2.o(.ARM.Collect$$rtexit$$00000004))
<BR><BR>[Calls]<UL><LI><a href="#[82]">&gt;&gt;</a>&nbsp;&nbsp;&nbsp;_sys_exit
</UL>

<P><STRONG><a name="[7e]"></a>exit</STRONG> (Thumb, 18 bytes, Stack size 8 bytes, exit.o(.text))
<BR><BR>[Stack]<UL><LI>Max Depth = 8 + Unknown Stack Size
<LI>Call Chain = exit
</UL>
<BR>[Calls]<UL><LI><a href="#[83]">&gt;&gt;</a>&nbsp;&nbsp;&nbsp;__rt_exit
</UL>
<BR>[Called By]<UL><LI><a href="#[7c]">&gt;&gt;</a>&nbsp;&nbsp;&nbsp;__rt_entry_main
</UL>

<P><STRONG><a name="[b0]"></a>__I$use$semihosting</STRONG> (Thumb, 0 bytes, Stack size 0 bytes, use_no_semi.o(.text), UNUSED)

<P><STRONG><a name="[b1]"></a>__use_no_semihosting_swi</STRONG> (Thumb, 2 bytes, Stack size 0 bytes, use_no_semi.o(.text), UNUSED)

<P><STRONG><a name="[b2]"></a>__semihosting_library_function</STRONG> (Thumb, 0 bytes, Stack size 0 bytes, indicate_semi.o(.text), UNUSED)

<P><STRONG><a name="[82]"></a>_sys_exit</STRONG> (Thumb, 8 bytes, Stack size 0 bytes, sys_exit.o(.text))
<BR><BR>[Called By]<UL><LI><a href="#[81]">&gt;&gt;</a>&nbsp;&nbsp;&nbsp;__rt_exit_exit
</UL>

<P><STRONG><a name="[14]"></a>BRIDGE_ERROR_Handler</STRONG> (Thumb, 2 bytes, Stack size 0 bytes, startup_iotkit_cm33.o(.text.Default_Handler))
<BR><BR>[Calls]<UL><LI><a href="#[14]">&gt;&gt;</a>&nbsp;&nbsp;&nbsp;BRIDGE_ERROR_Handler
</UL>
<BR>[Called By]<UL><LI><a href="#[14]">&gt;&gt;</a>&nbsp;&nbsp;&nbsp;BRIDGE_ERROR_Handler
</UL>
<BR>[Address Reference Count : 1]<UL><LI> startup_iotkit_cm33.o(RESET)
</UL>
<P><STRONG><a name="[4]"></a>BusFault_Handler</STRONG> (Thumb, 2 bytes, Stack size 0 bytes, startup_iotkit_cm33.o(.text.Default_Handler))
<BR>[Address Reference Count : 1]<UL><LI> startup_iotkit_cm33.o(RESET)
</UL>
<P><STRONG><a name="[2d]"></a>DMA0_ERROR_Handler</STRONG> (Thumb, 2 bytes, Stack size 0 bytes, startup_iotkit_cm33.o(.text.Default_Handler))
<BR>[Address Reference Count : 1]<UL><LI> startup_iotkit_cm33.o(RESET)
</UL>
<P><STRONG><a name="[2f]"></a>DMA0_Handler</STRONG> (Thumb, 2 bytes, Stack size 0 bytes, startup_iotkit_cm33.o(.text.Default_Handler))
<BR>[Address Reference Count : 1]<UL><LI> startup_iotkit_cm33.o(RESET)
</UL>
<P><STRONG><a name="[2e]"></a>DMA0_TC_Handler</STRONG> (Thumb, 2 bytes, Stack size 0 bytes, startup_iotkit_cm33.o(.text.Default_Handler))
<BR>[Address Reference Count : 1]<UL><LI> startup_iotkit_cm33.o(RESET)
</UL>
<P><STRONG><a name="[30]"></a>DMA1_ERROR_Handler</STRONG> (Thumb, 2 bytes, Stack size 0 bytes, startup_iotkit_cm33.o(.text.Default_Handler))
<BR>[Address Reference Count : 1]<UL><LI> startup_iotkit_cm33.o(RESET)
</UL>
<P><STRONG><a name="[32]"></a>DMA1_Handler</STRONG> (Thumb, 2 bytes, Stack size 0 bytes, startup_iotkit_cm33.o(.text.Default_Handler))
<BR>[Address Reference Count : 1]<UL><LI> startup_iotkit_cm33.o(RESET)
</UL>
<P><STRONG><a name="[31]"></a>DMA1_TC_Handler</STRONG> (Thumb, 2 bytes, Stack size 0 bytes, startup_iotkit_cm33.o(.text.Default_Handler))
<BR>[Address Reference Count : 1]<UL><LI> startup_iotkit_cm33.o(RESET)
</UL>
<P><STRONG><a name="[33]"></a>DMA2_ERROR_Handler</STRONG> (Thumb, 2 bytes, Stack size 0 bytes, startup_iotkit_cm33.o(.text.Default_Handler))
<BR>[Address Reference Count : 1]<UL><LI> startup_iotkit_cm33.o(RESET)
</UL>
<P><STRONG><a name="[35]"></a>DMA2_Handler</STRONG> (Thumb, 2 bytes, Stack size 0 bytes, startup_iotkit_cm33.o(.text.Default_Handler))
<BR>[Address Reference Count : 1]<UL><LI> startup_iotkit_cm33.o(RESET)
</UL>
<P><STRONG><a name="[34]"></a>DMA2_TC_Handler</STRONG> (Thumb, 2 bytes, Stack size 0 bytes, startup_iotkit_cm33.o(.text.Default_Handler))
<BR>[Address Reference Count : 1]<UL><LI> startup_iotkit_cm33.o(RESET)
</UL>
<P><STRONG><a name="[36]"></a>DMA3_ERROR_Handler</STRONG> (Thumb, 2 bytes, Stack size 0 bytes, startup_iotkit_cm33.o(.text.Default_Handler))
<BR>[Address Reference Count : 1]<UL><LI> startup_iotkit_cm33.o(RESET)
</UL>
<P><STRONG><a name="[38]"></a>DMA3_Handler</STRONG> (Thumb, 2 bytes, Stack size 0 bytes, startup_iotkit_cm33.o(.text.Default_Handler))
<BR>[Address Reference Count : 1]<UL><LI> startup_iotkit_cm33.o(RESET)
</UL>
<P><STRONG><a name="[37]"></a>DMA3_TC_Handler</STRONG> (Thumb, 2 bytes, Stack size 0 bytes, startup_iotkit_cm33.o(.text.Default_Handler))
<BR>[Address Reference Count : 1]<UL><LI> startup_iotkit_cm33.o(RESET)
</UL>
<P><STRONG><a name="[10]"></a>DUALTIMER_Handler</STRONG> (Thumb, 2 bytes, Stack size 0 bytes, startup_iotkit_cm33.o(.text.Default_Handler))
<BR>[Address Reference Count : 1]<UL><LI> startup_iotkit_cm33.o(RESET)
</UL>
<P><STRONG><a name="[8]"></a>DebugMon_Handler</STRONG> (Thumb, 2 bytes, Stack size 0 bytes, startup_iotkit_cm33.o(.text.Default_Handler))
<BR>[Address Reference Count : 1]<UL><LI> startup_iotkit_cm33.o(RESET)
</UL>
<P><STRONG><a name="[b3]"></a>Default_Handler</STRONG> (Thumb, 2 bytes, Stack size 0 bytes, startup_iotkit_cm33.o(.text.Default_Handler), UNUSED)

<P><STRONG><a name="[25]"></a>ETHERNET_Handler</STRONG> (Thumb, 2 bytes, Stack size 0 bytes, startup_iotkit_cm33.o(.text.Default_Handler))
<BR>[Address Reference Count : 1]<UL><LI> startup_iotkit_cm33.o(RESET)
</UL>
<P><STRONG><a name="[3d]"></a>GPIO0_0_Handler</STRONG> (Thumb, 2 bytes, Stack size 0 bytes, startup_iotkit_cm33.o(.text.Default_Handler))
<BR>[Address Reference Count : 1]<UL><LI> startup_iotkit_cm33.o(RESET)
</UL>
<P><STRONG><a name="[47]"></a>GPIO0_10_Handler</STRONG> (Thumb, 2 bytes, Stack size 0 bytes, startup_iotkit_cm33.o(.text.Default_Handler))
<BR>[Address Reference Count : 1]<UL><LI> startup_iotkit_cm33.o(RESET)
</UL>
<P><STRONG><a name="[48]"></a>GPIO0_11_Handler</STRONG> (Thumb, 2 bytes, Stack size 0 bytes, startup_iotkit_cm33.o(.text.Default_Handler))
<BR>[Address Reference Count : 1]<UL><LI> startup_iotkit_cm33.o(RESET)
</UL>
<P><STRONG><a name="[49]"></a>GPIO0_12_Handler</STRONG> (Thumb, 2 bytes, Stack size 0 bytes, startup_iotkit_cm33.o(.text.Default_Handler))
<BR>[Address Reference Count : 1]<UL><LI> startup_iotkit_cm33.o(RESET)
</UL>
<P><STRONG><a name="[4a]"></a>GPIO0_13_Handler</STRONG> (Thumb, 2 bytes, Stack size 0 bytes, startup_iotkit_cm33.o(.text.Default_Handler))
<BR>[Address Reference Count : 1]<UL><LI> startup_iotkit_cm33.o(RESET)
</UL>
<P><STRONG><a name="[4b]"></a>GPIO0_14_Handler</STRONG> (Thumb, 2 bytes, Stack size 0 bytes, startup_iotkit_cm33.o(.text.Default_Handler))
<BR>[Address Reference Count : 1]<UL><LI> startup_iotkit_cm33.o(RESET)
</UL>
<P><STRONG><a name="[4c]"></a>GPIO0_15_Handler</STRONG> (Thumb, 2 bytes, Stack size 0 bytes, startup_iotkit_cm33.o(.text.Default_Handler))
<BR>[Address Reference Count : 1]<UL><LI> startup_iotkit_cm33.o(RESET)
</UL>
<P><STRONG><a name="[3e]"></a>GPIO0_1_Handler</STRONG> (Thumb, 2 bytes, Stack size 0 bytes, startup_iotkit_cm33.o(.text.Default_Handler))
<BR>[Address Reference Count : 1]<UL><LI> startup_iotkit_cm33.o(RESET)
</UL>
<P><STRONG><a name="[3f]"></a>GPIO0_2_Handler</STRONG> (Thumb, 2 bytes, Stack size 0 bytes, startup_iotkit_cm33.o(.text.Default_Handler))
<BR>[Address Reference Count : 1]<UL><LI> startup_iotkit_cm33.o(RESET)
</UL>
<P><STRONG><a name="[40]"></a>GPIO0_3_Handler</STRONG> (Thumb, 2 bytes, Stack size 0 bytes, startup_iotkit_cm33.o(.text.Default_Handler))
<BR>[Address Reference Count : 1]<UL><LI> startup_iotkit_cm33.o(RESET)
</UL>
<P><STRONG><a name="[41]"></a>GPIO0_4_Handler</STRONG> (Thumb, 2 bytes, Stack size 0 bytes, startup_iotkit_cm33.o(.text.Default_Handler))
<BR>[Address Reference Count : 1]<UL><LI> startup_iotkit_cm33.o(RESET)
</UL>
<P><STRONG><a name="[42]"></a>GPIO0_5_Handler</STRONG> (Thumb, 2 bytes, Stack size 0 bytes, startup_iotkit_cm33.o(.text.Default_Handler))
<BR>[Address Reference Count : 1]<UL><LI> startup_iotkit_cm33.o(RESET)
</UL>
<P><STRONG><a name="[43]"></a>GPIO0_6_Handler</STRONG> (Thumb, 2 bytes, Stack size 0 bytes, startup_iotkit_cm33.o(.text.Default_Handler))
<BR>[Address Reference Count : 1]<UL><LI> startup_iotkit_cm33.o(RESET)
</UL>
<P><STRONG><a name="[44]"></a>GPIO0_7_Handler</STRONG> (Thumb, 2 bytes, Stack size 0 bytes, startup_iotkit_cm33.o(.text.Default_Handler))
<BR>[Address Reference Count : 1]<UL><LI> startup_iotkit_cm33.o(RESET)
</UL>
<P><STRONG><a name="[45]"></a>GPIO0_8_Handler</STRONG> (Thumb, 2 bytes, Stack size 0 bytes, startup_iotkit_cm33.o(.text.Default_Handler))
<BR>[Address Reference Count : 1]<UL><LI> startup_iotkit_cm33.o(RESET)
</UL>
<P><STRONG><a name="[46]"></a>GPIO0_9_Handler</STRONG> (Thumb, 2 bytes, Stack size 0 bytes, startup_iotkit_cm33.o(.text.Default_Handler))
<BR>[Address Reference Count : 1]<UL><LI> startup_iotkit_cm33.o(RESET)
</UL>
<P><STRONG><a name="[39]"></a>GPIO0_Handler</STRONG> (Thumb, 2 bytes, Stack size 0 bytes, startup_iotkit_cm33.o(.text.Default_Handler))
<BR>[Address Reference Count : 1]<UL><LI> startup_iotkit_cm33.o(RESET)
</UL>
<P><STRONG><a name="[4d]"></a>GPIO1_0_Handler</STRONG> (Thumb, 2 bytes, Stack size 0 bytes, startup_iotkit_cm33.o(.text.Default_Handler))
<BR>[Address Reference Count : 1]<UL><LI> startup_iotkit_cm33.o(RESET)
</UL>
<P><STRONG><a name="[57]"></a>GPIO1_10_Handler</STRONG> (Thumb, 2 bytes, Stack size 0 bytes, startup_iotkit_cm33.o(.text.Default_Handler))
<BR>[Address Reference Count : 1]<UL><LI> startup_iotkit_cm33.o(RESET)
</UL>
<P><STRONG><a name="[58]"></a>GPIO1_11_Handler</STRONG> (Thumb, 2 bytes, Stack size 0 bytes, startup_iotkit_cm33.o(.text.Default_Handler))
<BR>[Address Reference Count : 1]<UL><LI> startup_iotkit_cm33.o(RESET)
</UL>
<P><STRONG><a name="[59]"></a>GPIO1_12_Handler</STRONG> (Thumb, 2 bytes, Stack size 0 bytes, startup_iotkit_cm33.o(.text.Default_Handler))
<BR>[Address Reference Count : 1]<UL><LI> startup_iotkit_cm33.o(RESET)
</UL>
<P><STRONG><a name="[5a]"></a>GPIO1_13_Handler</STRONG> (Thumb, 2 bytes, Stack size 0 bytes, startup_iotkit_cm33.o(.text.Default_Handler))
<BR>[Address Reference Count : 1]<UL><LI> startup_iotkit_cm33.o(RESET)
</UL>
<P><STRONG><a name="[5b]"></a>GPIO1_14_Handler</STRONG> (Thumb, 2 bytes, Stack size 0 bytes, startup_iotkit_cm33.o(.text.Default_Handler))
<BR>[Address Reference Count : 1]<UL><LI> startup_iotkit_cm33.o(RESET)
</UL>
<P><STRONG><a name="[5c]"></a>GPIO1_15_Handler</STRONG> (Thumb, 2 bytes, Stack size 0 bytes, startup_iotkit_cm33.o(.text.Default_Handler))
<BR>[Address Reference Count : 1]<UL><LI> startup_iotkit_cm33.o(RESET)
</UL>
<P><STRONG><a name="[4e]"></a>GPIO1_1_Handler</STRONG> (Thumb, 2 bytes, Stack size 0 bytes, startup_iotkit_cm33.o(.text.Default_Handler))
<BR>[Address Reference Count : 1]<UL><LI> startup_iotkit_cm33.o(RESET)
</UL>
<P><STRONG><a name="[4f]"></a>GPIO1_2_Handler</STRONG> (Thumb, 2 bytes, Stack size 0 bytes, startup_iotkit_cm33.o(.text.Default_Handler))
<BR>[Address Reference Count : 1]<UL><LI> startup_iotkit_cm33.o(RESET)
</UL>
<P><STRONG><a name="[50]"></a>GPIO1_3_Handler</STRONG> (Thumb, 2 bytes, Stack size 0 bytes, startup_iotkit_cm33.o(.text.Default_Handler))
<BR>[Address Reference Count : 1]<UL><LI> startup_iotkit_cm33.o(RESET)
</UL>
<P><STRONG><a name="[51]"></a>GPIO1_4_Handler</STRONG> (Thumb, 2 bytes, Stack size 0 bytes, startup_iotkit_cm33.o(.text.Default_Handler))
<BR>[Address Reference Count : 1]<UL><LI> startup_iotkit_cm33.o(RESET)
</UL>
<P><STRONG><a name="[52]"></a>GPIO1_5_Handler</STRONG> (Thumb, 2 bytes, Stack size 0 bytes, startup_iotkit_cm33.o(.text.Default_Handler))
<BR>[Address Reference Count : 1]<UL><LI> startup_iotkit_cm33.o(RESET)
</UL>
<P><STRONG><a name="[53]"></a>GPIO1_6_Handler</STRONG> (Thumb, 2 bytes, Stack size 0 bytes, startup_iotkit_cm33.o(.text.Default_Handler))
<BR>[Address Reference Count : 1]<UL><LI> startup_iotkit_cm33.o(RESET)
</UL>
<P><STRONG><a name="[54]"></a>GPIO1_7_Handler</STRONG> (Thumb, 2 bytes, Stack size 0 bytes, startup_iotkit_cm33.o(.text.Default_Handler))
<BR>[Address Reference Count : 1]<UL><LI> startup_iotkit_cm33.o(RESET)
</UL>
<P><STRONG><a name="[55]"></a>GPIO1_8_Handler</STRONG> (Thumb, 2 bytes, Stack size 0 bytes, startup_iotkit_cm33.o(.text.Default_Handler))
<BR>[Address Reference Count : 1]<UL><LI> startup_iotkit_cm33.o(RESET)
</UL>
<P><STRONG><a name="[56]"></a>GPIO1_9_Handler</STRONG> (Thumb, 2 bytes, Stack size 0 bytes, startup_iotkit_cm33.o(.text.Default_Handler))
<BR>[Address Reference Count : 1]<UL><LI> startup_iotkit_cm33.o(RESET)
</UL>
<P><STRONG><a name="[3a]"></a>GPIO1_Handler</STRONG> (Thumb, 2 bytes, Stack size 0 bytes, startup_iotkit_cm33.o(.text.Default_Handler))
<BR>[Address Reference Count : 1]<UL><LI> startup_iotkit_cm33.o(RESET)
</UL>
<P><STRONG><a name="[5d]"></a>GPIO2_0_Handler</STRONG> (Thumb, 2 bytes, Stack size 0 bytes, startup_iotkit_cm33.o(.text.Default_Handler))
<BR>[Address Reference Count : 1]<UL><LI> startup_iotkit_cm33.o(RESET)
</UL>
<P><STRONG><a name="[67]"></a>GPIO2_10_Handler</STRONG> (Thumb, 2 bytes, Stack size 0 bytes, startup_iotkit_cm33.o(.text.Default_Handler))
<BR>[Address Reference Count : 1]<UL><LI> startup_iotkit_cm33.o(RESET)
</UL>
<P><STRONG><a name="[68]"></a>GPIO2_11_Handler</STRONG> (Thumb, 2 bytes, Stack size 0 bytes, startup_iotkit_cm33.o(.text.Default_Handler))
<BR>[Address Reference Count : 1]<UL><LI> startup_iotkit_cm33.o(RESET)
</UL>
<P><STRONG><a name="[69]"></a>GPIO2_12_Handler</STRONG> (Thumb, 2 bytes, Stack size 0 bytes, startup_iotkit_cm33.o(.text.Default_Handler))
<BR>[Address Reference Count : 1]<UL><LI> startup_iotkit_cm33.o(RESET)
</UL>
<P><STRONG><a name="[6a]"></a>GPIO2_13_Handler</STRONG> (Thumb, 2 bytes, Stack size 0 bytes, startup_iotkit_cm33.o(.text.Default_Handler))
<BR>[Address Reference Count : 1]<UL><LI> startup_iotkit_cm33.o(RESET)
</UL>
<P><STRONG><a name="[6b]"></a>GPIO2_14_Handler</STRONG> (Thumb, 2 bytes, Stack size 0 bytes, startup_iotkit_cm33.o(.text.Default_Handler))
<BR>[Address Reference Count : 1]<UL><LI> startup_iotkit_cm33.o(RESET)
</UL>
<P><STRONG><a name="[6c]"></a>GPIO2_15_Handler</STRONG> (Thumb, 2 bytes, Stack size 0 bytes, startup_iotkit_cm33.o(.text.Default_Handler))
<BR>[Address Reference Count : 1]<UL><LI> startup_iotkit_cm33.o(RESET)
</UL>
<P><STRONG><a name="[5e]"></a>GPIO2_1_Handler</STRONG> (Thumb, 2 bytes, Stack size 0 bytes, startup_iotkit_cm33.o(.text.Default_Handler))
<BR>[Address Reference Count : 1]<UL><LI> startup_iotkit_cm33.o(RESET)
</UL>
<P><STRONG><a name="[5f]"></a>GPIO2_2_Handler</STRONG> (Thumb, 2 bytes, Stack size 0 bytes, startup_iotkit_cm33.o(.text.Default_Handler))
<BR>[Address Reference Count : 1]<UL><LI> startup_iotkit_cm33.o(RESET)
</UL>
<P><STRONG><a name="[60]"></a>GPIO2_3_Handler</STRONG> (Thumb, 2 bytes, Stack size 0 bytes, startup_iotkit_cm33.o(.text.Default_Handler))
<BR>[Address Reference Count : 1]<UL><LI> startup_iotkit_cm33.o(RESET)
</UL>
<P><STRONG><a name="[61]"></a>GPIO2_4_Handler</STRONG> (Thumb, 2 bytes, Stack size 0 bytes, startup_iotkit_cm33.o(.text.Default_Handler))
<BR>[Address Reference Count : 1]<UL><LI> startup_iotkit_cm33.o(RESET)
</UL>
<P><STRONG><a name="[62]"></a>GPIO2_5_Handler</STRONG> (Thumb, 2 bytes, Stack size 0 bytes, startup_iotkit_cm33.o(.text.Default_Handler))
<BR>[Address Reference Count : 1]<UL><LI> startup_iotkit_cm33.o(RESET)
</UL>
<P><STRONG><a name="[63]"></a>GPIO2_6_Handler</STRONG> (Thumb, 2 bytes, Stack size 0 bytes, startup_iotkit_cm33.o(.text.Default_Handler))
<BR>[Address Reference Count : 1]<UL><LI> startup_iotkit_cm33.o(RESET)
</UL>
<P><STRONG><a name="[64]"></a>GPIO2_7_Handler</STRONG> (Thumb, 2 bytes, Stack size 0 bytes, startup_iotkit_cm33.o(.text.Default_Handler))
<BR>[Address Reference Count : 1]<UL><LI> startup_iotkit_cm33.o(RESET)
</UL>
<P><STRONG><a name="[65]"></a>GPIO2_8_Handler</STRONG> (Thumb, 2 bytes, Stack size 0 bytes, startup_iotkit_cm33.o(.text.Default_Handler))
<BR>[Address Reference Count : 1]<UL><LI> startup_iotkit_cm33.o(RESET)
</UL>
<P><STRONG><a name="[66]"></a>GPIO2_9_Handler</STRONG> (Thumb, 2 bytes, Stack size 0 bytes, startup_iotkit_cm33.o(.text.Default_Handler))
<BR>[Address Reference Count : 1]<UL><LI> startup_iotkit_cm33.o(RESET)
</UL>
<P><STRONG><a name="[3b]"></a>GPIO2_Handler</STRONG> (Thumb, 2 bytes, Stack size 0 bytes, startup_iotkit_cm33.o(.text.Default_Handler))
<BR>[Address Reference Count : 1]<UL><LI> startup_iotkit_cm33.o(RESET)
</UL>
<P><STRONG><a name="[6d]"></a>GPIO3_0_Handler</STRONG> (Thumb, 2 bytes, Stack size 0 bytes, startup_iotkit_cm33.o(.text.Default_Handler))
<BR>[Address Reference Count : 1]<UL><LI> startup_iotkit_cm33.o(RESET)
</UL>
<P><STRONG><a name="[6e]"></a>GPIO3_1_Handler</STRONG> (Thumb, 2 bytes, Stack size 0 bytes, startup_iotkit_cm33.o(.text.Default_Handler))
<BR>[Address Reference Count : 1]<UL><LI> startup_iotkit_cm33.o(RESET)
</UL>
<P><STRONG><a name="[6f]"></a>GPIO3_2_Handler</STRONG> (Thumb, 2 bytes, Stack size 0 bytes, startup_iotkit_cm33.o(.text.Default_Handler))
<BR>[Address Reference Count : 1]<UL><LI> startup_iotkit_cm33.o(RESET)
</UL>
<P><STRONG><a name="[70]"></a>GPIO3_3_Handler</STRONG> (Thumb, 2 bytes, Stack size 0 bytes, startup_iotkit_cm33.o(.text.Default_Handler))
<BR>[Address Reference Count : 1]<UL><LI> startup_iotkit_cm33.o(RESET)
</UL>
<P><STRONG><a name="[3c]"></a>GPIO3_Handler</STRONG> (Thumb, 2 bytes, Stack size 0 bytes, startup_iotkit_cm33.o(.text.Default_Handler))
<BR>[Address Reference Count : 1]<UL><LI> startup_iotkit_cm33.o(RESET)
</UL>
<P><STRONG><a name="[26]"></a>I2S_Handler</STRONG> (Thumb, 2 bytes, Stack size 0 bytes, startup_iotkit_cm33.o(.text.Default_Handler))
<BR>[Address Reference Count : 1]<UL><LI> startup_iotkit_cm33.o(RESET)
</UL>
<P><STRONG><a name="[11]"></a>MPC_Handler</STRONG> (Thumb, 2 bytes, Stack size 0 bytes, startup_iotkit_cm33.o(.text.Default_Handler))
<BR>[Address Reference Count : 1]<UL><LI> startup_iotkit_cm33.o(RESET)
</UL>
<P><STRONG><a name="[13]"></a>MSC_Handler</STRONG> (Thumb, 2 bytes, Stack size 0 bytes, startup_iotkit_cm33.o(.text.Default_Handler))
<BR>[Address Reference Count : 1]<UL><LI> startup_iotkit_cm33.o(RESET)
</UL>
<P><STRONG><a name="[3]"></a>MemManage_Handler</STRONG> (Thumb, 2 bytes, Stack size 0 bytes, startup_iotkit_cm33.o(.text.Default_Handler))
<BR>[Address Reference Count : 1]<UL><LI> startup_iotkit_cm33.o(RESET)
</UL>
<P><STRONG><a name="[1]"></a>NMI_Handler</STRONG> (Thumb, 2 bytes, Stack size 0 bytes, startup_iotkit_cm33.o(.text.Default_Handler))
<BR>[Address Reference Count : 1]<UL><LI> startup_iotkit_cm33.o(RESET)
</UL>
<P><STRONG><a name="[c]"></a>NONSEC_WATCHDOG_Handler</STRONG> (Thumb, 2 bytes, Stack size 0 bytes, startup_iotkit_cm33.o(.text.Default_Handler))
<BR>[Address Reference Count : 1]<UL><LI> startup_iotkit_cm33.o(RESET)
</UL>
<P><STRONG><a name="[b]"></a>NONSEC_WATCHDOG_RESET_Handler</STRONG> (Thumb, 2 bytes, Stack size 0 bytes, startup_iotkit_cm33.o(.text.Default_Handler))
<BR>[Address Reference Count : 1]<UL><LI> startup_iotkit_cm33.o(RESET)
</UL>
<P><STRONG><a name="[12]"></a>PPC_Handler</STRONG> (Thumb, 2 bytes, Stack size 0 bytes, startup_iotkit_cm33.o(.text.Default_Handler))
<BR>[Address Reference Count : 1]<UL><LI> startup_iotkit_cm33.o(RESET)
</UL>
<P><STRONG><a name="[9]"></a>PendSV_Handler</STRONG> (Thumb, 2 bytes, Stack size 0 bytes, startup_iotkit_cm33.o(.text.Default_Handler))
<BR>[Address Reference Count : 1]<UL><LI> startup_iotkit_cm33.o(RESET)
</UL>
<P><STRONG><a name="[d]"></a>S32K_TIMER_Handler</STRONG> (Thumb, 2 bytes, Stack size 0 bytes, startup_iotkit_cm33.o(.text.Default_Handler))
<BR>[Address Reference Count : 1]<UL><LI> startup_iotkit_cm33.o(RESET)
</UL>
<P><STRONG><a name="[28]"></a>SPI0_Handler</STRONG> (Thumb, 2 bytes, Stack size 0 bytes, startup_iotkit_cm33.o(.text.Default_Handler))
<BR>[Address Reference Count : 1]<UL><LI> startup_iotkit_cm33.o(RESET)
</UL>
<P><STRONG><a name="[29]"></a>SPI1_Handler</STRONG> (Thumb, 2 bytes, Stack size 0 bytes, startup_iotkit_cm33.o(.text.Default_Handler))
<BR>[Address Reference Count : 1]<UL><LI> startup_iotkit_cm33.o(RESET)
</UL>
<P><STRONG><a name="[2a]"></a>SPI2_Handler</STRONG> (Thumb, 2 bytes, Stack size 0 bytes, startup_iotkit_cm33.o(.text.Default_Handler))
<BR>[Address Reference Count : 1]<UL><LI> startup_iotkit_cm33.o(RESET)
</UL>
<P><STRONG><a name="[2b]"></a>SPI3_Handler</STRONG> (Thumb, 2 bytes, Stack size 0 bytes, startup_iotkit_cm33.o(.text.Default_Handler))
<BR>[Address Reference Count : 1]<UL><LI> startup_iotkit_cm33.o(RESET)
</UL>
<P><STRONG><a name="[2c]"></a>SPI4_Handler</STRONG> (Thumb, 2 bytes, Stack size 0 bytes, startup_iotkit_cm33.o(.text.Default_Handler))
<BR>[Address Reference Count : 1]<UL><LI> startup_iotkit_cm33.o(RESET)
</UL>
<P><STRONG><a name="[7]"></a>SVC_Handler</STRONG> (Thumb, 2 bytes, Stack size 0 bytes, startup_iotkit_cm33.o(.text.Default_Handler))
<BR>[Address Reference Count : 1]<UL><LI> startup_iotkit_cm33.o(RESET)
</UL>
<P><STRONG><a name="[6]"></a>SecureFault_Handler</STRONG> (Thumb, 2 bytes, Stack size 0 bytes, startup_iotkit_cm33.o(.text.Default_Handler))
<BR>[Address Reference Count : 1]<UL><LI> startup_iotkit_cm33.o(RESET)
</UL>
<P><STRONG><a name="[e]"></a>TIMER0_Handler</STRONG> (Thumb, 2 bytes, Stack size 0 bytes, startup_iotkit_cm33.o(.text.Default_Handler))
<BR>[Address Reference Count : 1]<UL><LI> startup_iotkit_cm33.o(RESET)
</UL>
<P><STRONG><a name="[f]"></a>TIMER1_Handler</STRONG> (Thumb, 2 bytes, Stack size 0 bytes, startup_iotkit_cm33.o(.text.Default_Handler))
<BR>[Address Reference Count : 1]<UL><LI> startup_iotkit_cm33.o(RESET)
</UL>
<P><STRONG><a name="[27]"></a>TSC_Handler</STRONG> (Thumb, 2 bytes, Stack size 0 bytes, startup_iotkit_cm33.o(.text.Default_Handler))
<BR>[Address Reference Count : 1]<UL><LI> startup_iotkit_cm33.o(RESET)
</UL>
<P><STRONG><a name="[15]"></a>UART0RX_Handler</STRONG> (Thumb, 2 bytes, Stack size 0 bytes, startup_iotkit_cm33.o(.text.Default_Handler))
<BR>[Address Reference Count : 1]<UL><LI> startup_iotkit_cm33.o(RESET)
</UL>
<P><STRONG><a name="[16]"></a>UART0TX_Handler</STRONG> (Thumb, 2 bytes, Stack size 0 bytes, startup_iotkit_cm33.o(.text.Default_Handler))
<BR>[Address Reference Count : 1]<UL><LI> startup_iotkit_cm33.o(RESET)
</UL>
<P><STRONG><a name="[1f]"></a>UART0_Handler</STRONG> (Thumb, 2 bytes, Stack size 0 bytes, startup_iotkit_cm33.o(.text.Default_Handler))
<BR>[Address Reference Count : 1]<UL><LI> startup_iotkit_cm33.o(RESET)
</UL>
<P><STRONG><a name="[17]"></a>UART1RX_Handler</STRONG> (Thumb, 2 bytes, Stack size 0 bytes, startup_iotkit_cm33.o(.text.Default_Handler))
<BR>[Address Reference Count : 1]<UL><LI> startup_iotkit_cm33.o(RESET)
</UL>
<P><STRONG><a name="[18]"></a>UART1TX_Handler</STRONG> (Thumb, 2 bytes, Stack size 0 bytes, startup_iotkit_cm33.o(.text.Default_Handler))
<BR>[Address Reference Count : 1]<UL><LI> startup_iotkit_cm33.o(RESET)
</UL>
<P><STRONG><a name="[20]"></a>UART1_Handler</STRONG> (Thumb, 2 bytes, Stack size 0 bytes, startup_iotkit_cm33.o(.text.Default_Handler))
<BR>[Address Reference Count : 1]<UL><LI> startup_iotkit_cm33.o(RESET)
</UL>
<P><STRONG><a name="[19]"></a>UART2RX_Handler</STRONG> (Thumb, 2 bytes, Stack size 0 bytes, startup_iotkit_cm33.o(.text.Default_Handler))
<BR>[Address Reference Count : 1]<UL><LI> startup_iotkit_cm33.o(RESET)
</UL>
<P><STRONG><a name="[1a]"></a>UART2TX_Handler</STRONG> (Thumb, 2 bytes, Stack size 0 bytes, startup_iotkit_cm33.o(.text.Default_Handler))
<BR>[Address Reference Count : 1]<UL><LI> startup_iotkit_cm33.o(RESET)
</UL>
<P><STRONG><a name="[21]"></a>UART2_Handler</STRONG> (Thumb, 2 bytes, Stack size 0 bytes, startup_iotkit_cm33.o(.text.Default_Handler))
<BR>[Address Reference Count : 1]<UL><LI> startup_iotkit_cm33.o(RESET)
</UL>
<P><STRONG><a name="[1b]"></a>UART3RX_Handler</STRONG> (Thumb, 2 bytes, Stack size 0 bytes, startup_iotkit_cm33.o(.text.Default_Handler))
<BR>[Address Reference Count : 1]<UL><LI> startup_iotkit_cm33.o(RESET)
</UL>
<P><STRONG><a name="[1c]"></a>UART3TX_Handler</STRONG> (Thumb, 2 bytes, Stack size 0 bytes, startup_iotkit_cm33.o(.text.Default_Handler))
<BR>[Address Reference Count : 1]<UL><LI> startup_iotkit_cm33.o(RESET)
</UL>
<P><STRONG><a name="[22]"></a>UART3_Handler</STRONG> (Thumb, 2 bytes, Stack size 0 bytes, startup_iotkit_cm33.o(.text.Default_Handler))
<BR>[Address Reference Count : 1]<UL><LI> startup_iotkit_cm33.o(RESET)
</UL>
<P><STRONG><a name="[1d]"></a>UART4RX_Handler</STRONG> (Thumb, 2 bytes, Stack size 0 bytes, startup_iotkit_cm33.o(.text.Default_Handler))
<BR>[Address Reference Count : 1]<UL><LI> startup_iotkit_cm33.o(RESET)
</UL>
<P><STRONG><a name="[1e]"></a>UART4TX_Handler</STRONG> (Thumb, 2 bytes, Stack size 0 bytes, startup_iotkit_cm33.o(.text.Default_Handler))
<BR>[Address Reference Count : 1]<UL><LI> startup_iotkit_cm33.o(RESET)
</UL>
<P><STRONG><a name="[23]"></a>UART4_Handler</STRONG> (Thumb, 2 bytes, Stack size 0 bytes, startup_iotkit_cm33.o(.text.Default_Handler))
<BR>[Address Reference Count : 1]<UL><LI> startup_iotkit_cm33.o(RESET)
</UL>
<P><STRONG><a name="[24]"></a>UARTOVF_Handler</STRONG> (Thumb, 2 bytes, Stack size 0 bytes, startup_iotkit_cm33.o(.text.Default_Handler))
<BR>[Address Reference Count : 1]<UL><LI> startup_iotkit_cm33.o(RESET)
</UL>
<P><STRONG><a name="[5]"></a>UsageFault_Handler</STRONG> (Thumb, 2 bytes, Stack size 0 bytes, startup_iotkit_cm33.o(.text.Default_Handler))
<BR>[Address Reference Count : 1]<UL><LI> startup_iotkit_cm33.o(RESET)
</UL>
<P><STRONG><a name="[2]"></a>HardFault_Handler</STRONG> (Thumb, 2 bytes, Stack size 0 bytes, startup_iotkit_cm33.o(.text.HardFault_Handler))
<BR><BR>[Calls]<UL><LI><a href="#[2]">&gt;&gt;</a>&nbsp;&nbsp;&nbsp;HardFault_Handler
</UL>
<BR>[Called By]<UL><LI><a href="#[2]">&gt;&gt;</a>&nbsp;&nbsp;&nbsp;HardFault_Handler
</UL>
<BR>[Address Reference Count : 1]<UL><LI> startup_iotkit_cm33.o(RESET)
</UL>
<P><STRONG><a name="[84]"></a>LED_Off</STRONG> (Thumb, 24 bytes, Stack size 0 bytes, led_v2m-mps2.o(.text.LED_Off))
<BR><BR>[Called By]<UL><LI><a href="#[7d]">&gt;&gt;</a>&nbsp;&nbsp;&nbsp;main
<LI><a href="#[a]">&gt;&gt;</a>&nbsp;&nbsp;&nbsp;SysTick_Handler
<LI><a href="#[72]">&gt;&gt;</a>&nbsp;&nbsp;&nbsp;NonSecure_LED_Off
</UL>

<P><STRONG><a name="[85]"></a>LED_On</STRONG> (Thumb, 24 bytes, Stack size 0 bytes, led_v2m-mps2.o(.text.LED_On))
<BR><BR>[Called By]<UL><LI><a href="#[7d]">&gt;&gt;</a>&nbsp;&nbsp;&nbsp;main
<LI><a href="#[a]">&gt;&gt;</a>&nbsp;&nbsp;&nbsp;SysTick_Handler
<LI><a href="#[71]">&gt;&gt;</a>&nbsp;&nbsp;&nbsp;NonSecure_LED_On
</UL>

<P><STRONG><a name="[72]"></a>NonSecure_LED_Off</STRONG> (Thumb, 4 bytes, Stack size 0 bytes, main_ns.o(.text.NonSecure_LED_Off))
<BR><BR>[Calls]<UL><LI><a href="#[84]">&gt;&gt;</a>&nbsp;&nbsp;&nbsp;LED_Off
</UL>
<BR>[Address Reference Count : 1]<UL><LI> main_ns.o(.text.main)
</UL>
<P><STRONG><a name="[71]"></a>NonSecure_LED_On</STRONG> (Thumb, 4 bytes, Stack size 0 bytes, main_ns.o(.text.NonSecure_LED_On))
<BR><BR>[Calls]<UL><LI><a href="#[85]">&gt;&gt;</a>&nbsp;&nbsp;&nbsp;LED_On
</UL>
<BR>[Address Reference Count : 1]<UL><LI> main_ns.o(.text.main)
</UL>
<P><STRONG><a name="[0]"></a>Reset_Handler</STRONG> (Thumb, 24 bytes, Stack size 0 bytes, startup_iotkit_cm33.o(.text.Reset_Handler))
<BR><BR>[Calls]<UL><LI><a href="#[73]">&gt;&gt;</a>&nbsp;&nbsp;&nbsp;__main
<LI><a href="#[86]">&gt;&gt;</a>&nbsp;&nbsp;&nbsp;SystemInit
</UL>
<BR>[Address Reference Count : 1]<UL><LI> startup_iotkit_cm33.o(RESET)
</UL>
<P><STRONG><a name="[a]"></a>SysTick_Handler</STRONG> (Thumb, 64 bytes, Stack size 0 bytes, main_ns.o(.text.SysTick_Handler))
<BR><BR>[Calls]<UL><LI><a href="#[88]">&gt;&gt;</a>&nbsp;&nbsp;&nbsp;Secure_LED_On (via Veneer)
<LI><a href="#[87]">&gt;&gt;</a>&nbsp;&nbsp;&nbsp;Secure_LED_Off (via Veneer)
<LI><a href="#[85]">&gt;&gt;</a>&nbsp;&nbsp;&nbsp;LED_On
<LI><a href="#[84]">&gt;&gt;</a>&nbsp;&nbsp;&nbsp;LED_Off
</UL>
<BR>[Address Reference Count : 1]<UL><LI> startup_iotkit_cm33.o(RESET)
</UL>
<P><STRONG><a name="[8b]"></a>SystemCoreClockUpdate</STRONG> (Thumb, 8 bytes, Stack size 0 bytes, system_iotkit_cm33.o(.text.SystemCoreClockUpdate))
<BR><BR>[Called By]<UL><LI><a href="#[7d]">&gt;&gt;</a>&nbsp;&nbsp;&nbsp;main
</UL>

<P><STRONG><a name="[86]"></a>SystemInit</STRONG> (Thumb, 28 bytes, Stack size 0 bytes, system_iotkit_cm33.o(.text.SystemInit))
<BR><BR>[Called By]<UL><LI><a href="#[0]">&gt;&gt;</a>&nbsp;&nbsp;&nbsp;Reset_Handler
</UL>

<P><STRONG><a name="[7d]"></a>main</STRONG> (Thumb, 208 bytes, Stack size 16 bytes, main_ns.o(.text.main))
<BR><BR>[Stack]<UL><LI>Max Depth = 16<LI>Call Chain = main
</UL>
<BR>[Calls]<UL><LI><a href="#[8b]">&gt;&gt;</a>&nbsp;&nbsp;&nbsp;SystemCoreClockUpdate
<LI><a href="#[8c]">&gt;&gt;</a>&nbsp;&nbsp;&nbsp;Secure_printf (via Veneer)
<LI><a href="#[89]">&gt;&gt;</a>&nbsp;&nbsp;&nbsp;Secure_LED_On_callback (via Veneer)
<LI><a href="#[88]">&gt;&gt;</a>&nbsp;&nbsp;&nbsp;Secure_LED_On (via Veneer)
<LI><a href="#[8a]">&gt;&gt;</a>&nbsp;&nbsp;&nbsp;Secure_LED_Off_callback (via Veneer)
<LI><a href="#[87]">&gt;&gt;</a>&nbsp;&nbsp;&nbsp;Secure_LED_Off (via Veneer)
<LI><a href="#[85]">&gt;&gt;</a>&nbsp;&nbsp;&nbsp;LED_On
<LI><a href="#[84]">&gt;&gt;</a>&nbsp;&nbsp;&nbsp;LED_Off
</UL>
<BR>[Called By]<UL><LI><a href="#[7c]">&gt;&gt;</a>&nbsp;&nbsp;&nbsp;__rt_entry_main
</UL>

<P><STRONG><a name="[79]"></a>_fp_init</STRONG> (Thumb, 26 bytes, Stack size 0 bytes, fpinit.o(x$fpl$fpinit))
<BR><BR>[Called By]<UL><LI><a href="#[78]">&gt;&gt;</a>&nbsp;&nbsp;&nbsp;__rt_lib_init_fp_1
</UL>

<P><STRONG><a name="[b4]"></a>__fplib_config_fpu_vfp</STRONG> (Thumb, 0 bytes, Stack size unknown bytes, fpinit.o(x$fpl$fpinit), UNUSED)

<P><STRONG><a name="[b5]"></a>__fplib_config_pureend_doubles</STRONG> (Thumb, 0 bytes, Stack size unknown bytes, fpinit.o(x$fpl$fpinit), UNUSED)

<P><STRONG><a name="[87]"></a>Secure_LED_Off</STRONG> (Thumb, 8 bytes, Stack size 0 bytes, IOTKit_CM33_s_CMSE_Lib.o(ABSOLUTE))
<BR><BR>[Called By]<UL><LI><a href="#[7d]">&gt;&gt;</a>&nbsp;&nbsp;&nbsp;main (via Veneer)
<LI><a href="#[a]">&gt;&gt;</a>&nbsp;&nbsp;&nbsp;SysTick_Handler (via Veneer)
</UL>

<P><STRONG><a name="[8a]"></a>Secure_LED_Off_callback</STRONG> (Thumb, 8 bytes, Stack size 0 bytes, IOTKit_CM33_s_CMSE_Lib.o(ABSOLUTE))
<BR><BR>[Called By]<UL><LI><a href="#[7d]">&gt;&gt;</a>&nbsp;&nbsp;&nbsp;main (via Veneer)
</UL>

<P><STRONG><a name="[88]"></a>Secure_LED_On</STRONG> (Thumb, 8 bytes, Stack size 0 bytes, IOTKit_CM33_s_CMSE_Lib.o(ABSOLUTE))
<BR><BR>[Called By]<UL><LI><a href="#[7d]">&gt;&gt;</a>&nbsp;&nbsp;&nbsp;main (via Veneer)
<LI><a href="#[a]">&gt;&gt;</a>&nbsp;&nbsp;&nbsp;SysTick_Handler (via Veneer)
</UL>

<P><STRONG><a name="[89]"></a>Secure_LED_On_callback</STRONG> (Thumb, 8 bytes, Stack size 0 bytes, IOTKit_CM33_s_CMSE_Lib.o(ABSOLUTE))
<BR><BR>[Called By]<UL><LI><a href="#[7d]">&gt;&gt;</a>&nbsp;&nbsp;&nbsp;main (via Veneer)
</UL>

<P><STRONG><a name="[8c]"></a>Secure_printf</STRONG> (Thumb, 8 bytes, Stack size 0 bytes, IOTKit_CM33_s_CMSE_Lib.o(ABSOLUTE))
<BR><BR>[Called By]<UL><LI><a href="#[7d]">&gt;&gt;</a>&nbsp;&nbsp;&nbsp;main (via Veneer)
</UL>
<P>
<H3>
Local Symbols
</H3><P>
<H3>
Undefined Global Symbols
</H3><HR></body></html>
