<!doctype html public "-//w3c//dtd html 4.0 transitional//en">
<html><head>
<title>Static Call Graph - [.\Objects\CM33_s.axf]</title></head>
<body><HR>
<H1>Static Call Graph for image .\Objects\CM33_s.axf</H1><HR>
<BR><P>#&#060CALLGRAPH&#062# ARM Linker, 6160001: Last Updated: Thu Sep 30 15:32:57 2021
<BR><P>
<H3>Maximum Stack Usage =          8 bytes + Unknown(Functions without stacksize, Cycles, Untraceable Function Pointers)</H3><H3>
Call chain for Maximum Stack Depth:</H3>
Reset_Handler &rArr; SystemInit
<P>
<H3>
Functions with no stack information
</H3><UL>
 <LI><a href="#[19]">func1</a>
 <LI><a href="#[1a]">func2</a>
</UL>
</UL>
<P>
<H3>
Mutually Recursive functions
</H3> <LI><a href="#[4]">BusFault_Handler</a>&nbsp;&nbsp;&nbsp;&rArr;&nbsp;&nbsp;&nbsp;<a href="#[4]">BusFault_Handler</a><BR>
 <LI><a href="#[2]">HardFault_Handler</a>&nbsp;&nbsp;&nbsp;&rArr;&nbsp;&nbsp;&nbsp;<a href="#[2]">HardFault_Handler</a><BR>
</UL>
<P>
<H3>
Function Pointers
</H3><UL>
 <LI><a href="#[4]">BusFault_Handler</a> from startup_armcm33.o(.text.Default_Handler) referenced from startup_armcm33.o(RESET)
 <LI><a href="#[8]">DebugMon_Handler</a> from startup_armcm33.o(.text.Default_Handler) referenced from startup_armcm33.o(RESET)
 <LI><a href="#[2]">HardFault_Handler</a> from startup_armcm33.o(.text.HardFault_Handler) referenced from startup_armcm33.o(RESET)
 <LI><a href="#[b]">Interrupt0_Handler</a> from startup_armcm33.o(.text.Default_Handler) referenced from startup_armcm33.o(RESET)
 <LI><a href="#[c]">Interrupt1_Handler</a> from startup_armcm33.o(.text.Default_Handler) referenced from startup_armcm33.o(RESET)
 <LI><a href="#[d]">Interrupt2_Handler</a> from startup_armcm33.o(.text.Default_Handler) referenced from startup_armcm33.o(RESET)
 <LI><a href="#[e]">Interrupt3_Handler</a> from startup_armcm33.o(.text.Default_Handler) referenced from startup_armcm33.o(RESET)
 <LI><a href="#[f]">Interrupt4_Handler</a> from startup_armcm33.o(.text.Default_Handler) referenced from startup_armcm33.o(RESET)
 <LI><a href="#[10]">Interrupt5_Handler</a> from startup_armcm33.o(.text.Default_Handler) referenced from startup_armcm33.o(RESET)
 <LI><a href="#[11]">Interrupt6_Handler</a> from startup_armcm33.o(.text.Default_Handler) referenced from startup_armcm33.o(RESET)
 <LI><a href="#[12]">Interrupt7_Handler</a> from startup_armcm33.o(.text.Default_Handler) referenced from startup_armcm33.o(RESET)
 <LI><a href="#[13]">Interrupt8_Handler</a> from startup_armcm33.o(.text.Default_Handler) referenced from startup_armcm33.o(RESET)
 <LI><a href="#[14]">Interrupt9_Handler</a> from startup_armcm33.o(.text.Default_Handler) referenced from startup_armcm33.o(RESET)
 <LI><a href="#[3]">MemManage_Handler</a> from startup_armcm33.o(.text.Default_Handler) referenced from startup_armcm33.o(RESET)
 <LI><a href="#[1]">NMI_Handler</a> from startup_armcm33.o(.text.Default_Handler) referenced from startup_armcm33.o(RESET)
 <LI><a href="#[9]">PendSV_Handler</a> from startup_armcm33.o(.text.Default_Handler) referenced from startup_armcm33.o(RESET)
 <LI><a href="#[0]">Reset_Handler</a> from startup_armcm33.o(.text.Reset_Handler) referenced from startup_armcm33.o(RESET)
 <LI><a href="#[7]">SVC_Handler</a> from startup_armcm33.o(.text.Default_Handler) referenced from startup_armcm33.o(RESET)
 <LI><a href="#[6]">SecureFault_Handler</a> from startup_armcm33.o(.text.Default_Handler) referenced from startup_armcm33.o(RESET)
 <LI><a href="#[a]">SysTick_Handler</a> from startup_armcm33.o(.text.Default_Handler) referenced from startup_armcm33.o(RESET)
 <LI><a href="#[5]">UsageFault_Handler</a> from startup_armcm33.o(.text.Default_Handler) referenced from startup_armcm33.o(RESET)
 <LI><a href="#[15]">main</a> from main_s.o(.text.main) referenced from entry9a.o(.ARM.Collect$$$$0000000B)
</UL>
<P>
<H3>
Global Symbols
</H3>
<P><STRONG><a name="[16]"></a>__main</STRONG> (Thumb, 0 bytes, Stack size unknown bytes, entry.o(.ARM.Collect$$$$00000000))
<BR><BR>[Called By]<UL><LI><a href="#[0]">&gt;&gt;</a>&nbsp;&nbsp;&nbsp;Reset_Handler
</UL>

<P><STRONG><a name="[20]"></a>_main_stk</STRONG> (Thumb, 0 bytes, Stack size unknown bytes, entry4.o(.ARM.Collect$$$$00000003))

<P><STRONG><a name="[1b]"></a>_main_scatterload</STRONG> (Thumb, 0 bytes, Stack size unknown bytes, entry5.o(.ARM.Collect$$$$00000004))
<BR><BR>[Calls]<UL><LI><a href="#[1c]">&gt;&gt;</a>&nbsp;&nbsp;&nbsp;__scatterload
</UL>

<P><STRONG><a name="[1d]"></a>__main_after_scatterload</STRONG> (Thumb, 0 bytes, Stack size unknown bytes, entry5.o(.ARM.Collect$$$$00000004))
<BR><BR>[Called By]<UL><LI><a href="#[1c]">&gt;&gt;</a>&nbsp;&nbsp;&nbsp;__scatterload
</UL>

<P><STRONG><a name="[21]"></a>_main_clock</STRONG> (Thumb, 0 bytes, Stack size unknown bytes, entry7b.o(.ARM.Collect$$$$00000008))

<P><STRONG><a name="[22]"></a>_main_cpp_init</STRONG> (Thumb, 0 bytes, Stack size unknown bytes, entry8b.o(.ARM.Collect$$$$0000000A))

<P><STRONG><a name="[23]"></a>_main_init</STRONG> (Thumb, 0 bytes, Stack size unknown bytes, entry9a.o(.ARM.Collect$$$$0000000B))

<P><STRONG><a name="[24]"></a>__rt_final_cpp</STRONG> (Thumb, 0 bytes, Stack size unknown bytes, entry10a.o(.ARM.Collect$$$$0000000D))

<P><STRONG><a name="[25]"></a>__rt_final_exit</STRONG> (Thumb, 0 bytes, Stack size unknown bytes, entry11a.o(.ARM.Collect$$$$0000000F))

<P><STRONG><a name="[1c]"></a>__scatterload</STRONG> (Thumb, 28 bytes, Stack size 0 bytes, init.o(.text))
<BR><BR>[Calls]<UL><LI><a href="#[1d]">&gt;&gt;</a>&nbsp;&nbsp;&nbsp;__main_after_scatterload
</UL>
<BR>[Called By]<UL><LI><a href="#[1b]">&gt;&gt;</a>&nbsp;&nbsp;&nbsp;_main_scatterload
</UL>

<P><STRONG><a name="[26]"></a>__scatterload_rt2</STRONG> (Thumb, 0 bytes, Stack size 0 bytes, init.o(.text), UNUSED)

<P><STRONG><a name="[4]"></a>BusFault_Handler</STRONG> (Thumb, 2 bytes, Stack size 0 bytes, startup_armcm33.o(.text.Default_Handler))
<BR><BR>[Calls]<UL><LI><a href="#[4]">&gt;&gt;</a>&nbsp;&nbsp;&nbsp;BusFault_Handler
</UL>
<BR>[Called By]<UL><LI><a href="#[4]">&gt;&gt;</a>&nbsp;&nbsp;&nbsp;BusFault_Handler
</UL>
<BR>[Address Reference Count : 1]<UL><LI> startup_armcm33.o(RESET)
</UL>
<P><STRONG><a name="[8]"></a>DebugMon_Handler</STRONG> (Thumb, 2 bytes, Stack size 0 bytes, startup_armcm33.o(.text.Default_Handler))
<BR>[Address Reference Count : 1]<UL><LI> startup_armcm33.o(RESET)
</UL>
<P><STRONG><a name="[27]"></a>Default_Handler</STRONG> (Thumb, 2 bytes, Stack size 0 bytes, startup_armcm33.o(.text.Default_Handler), UNUSED)

<P><STRONG><a name="[b]"></a>Interrupt0_Handler</STRONG> (Thumb, 2 bytes, Stack size 0 bytes, startup_armcm33.o(.text.Default_Handler))
<BR>[Address Reference Count : 1]<UL><LI> startup_armcm33.o(RESET)
</UL>
<P><STRONG><a name="[c]"></a>Interrupt1_Handler</STRONG> (Thumb, 2 bytes, Stack size 0 bytes, startup_armcm33.o(.text.Default_Handler))
<BR>[Address Reference Count : 1]<UL><LI> startup_armcm33.o(RESET)
</UL>
<P><STRONG><a name="[d]"></a>Interrupt2_Handler</STRONG> (Thumb, 2 bytes, Stack size 0 bytes, startup_armcm33.o(.text.Default_Handler))
<BR>[Address Reference Count : 1]<UL><LI> startup_armcm33.o(RESET)
</UL>
<P><STRONG><a name="[e]"></a>Interrupt3_Handler</STRONG> (Thumb, 2 bytes, Stack size 0 bytes, startup_armcm33.o(.text.Default_Handler))
<BR>[Address Reference Count : 1]<UL><LI> startup_armcm33.o(RESET)
</UL>
<P><STRONG><a name="[f]"></a>Interrupt4_Handler</STRONG> (Thumb, 2 bytes, Stack size 0 bytes, startup_armcm33.o(.text.Default_Handler))
<BR>[Address Reference Count : 1]<UL><LI> startup_armcm33.o(RESET)
</UL>
<P><STRONG><a name="[10]"></a>Interrupt5_Handler</STRONG> (Thumb, 2 bytes, Stack size 0 bytes, startup_armcm33.o(.text.Default_Handler))
<BR>[Address Reference Count : 1]<UL><LI> startup_armcm33.o(RESET)
</UL>
<P><STRONG><a name="[11]"></a>Interrupt6_Handler</STRONG> (Thumb, 2 bytes, Stack size 0 bytes, startup_armcm33.o(.text.Default_Handler))
<BR>[Address Reference Count : 1]<UL><LI> startup_armcm33.o(RESET)
</UL>
<P><STRONG><a name="[12]"></a>Interrupt7_Handler</STRONG> (Thumb, 2 bytes, Stack size 0 bytes, startup_armcm33.o(.text.Default_Handler))
<BR>[Address Reference Count : 1]<UL><LI> startup_armcm33.o(RESET)
</UL>
<P><STRONG><a name="[13]"></a>Interrupt8_Handler</STRONG> (Thumb, 2 bytes, Stack size 0 bytes, startup_armcm33.o(.text.Default_Handler))
<BR>[Address Reference Count : 1]<UL><LI> startup_armcm33.o(RESET)
</UL>
<P><STRONG><a name="[14]"></a>Interrupt9_Handler</STRONG> (Thumb, 2 bytes, Stack size 0 bytes, startup_armcm33.o(.text.Default_Handler))
<BR>[Address Reference Count : 1]<UL><LI> startup_armcm33.o(RESET)
</UL>
<P><STRONG><a name="[3]"></a>MemManage_Handler</STRONG> (Thumb, 2 bytes, Stack size 0 bytes, startup_armcm33.o(.text.Default_Handler))
<BR>[Address Reference Count : 1]<UL><LI> startup_armcm33.o(RESET)
</UL>
<P><STRONG><a name="[1]"></a>NMI_Handler</STRONG> (Thumb, 2 bytes, Stack size 0 bytes, startup_armcm33.o(.text.Default_Handler))
<BR>[Address Reference Count : 1]<UL><LI> startup_armcm33.o(RESET)
</UL>
<P><STRONG><a name="[9]"></a>PendSV_Handler</STRONG> (Thumb, 2 bytes, Stack size 0 bytes, startup_armcm33.o(.text.Default_Handler))
<BR>[Address Reference Count : 1]<UL><LI> startup_armcm33.o(RESET)
</UL>
<P><STRONG><a name="[7]"></a>SVC_Handler</STRONG> (Thumb, 2 bytes, Stack size 0 bytes, startup_armcm33.o(.text.Default_Handler))
<BR>[Address Reference Count : 1]<UL><LI> startup_armcm33.o(RESET)
</UL>
<P><STRONG><a name="[6]"></a>SecureFault_Handler</STRONG> (Thumb, 2 bytes, Stack size 0 bytes, startup_armcm33.o(.text.Default_Handler))
<BR>[Address Reference Count : 1]<UL><LI> startup_armcm33.o(RESET)
</UL>
<P><STRONG><a name="[a]"></a>SysTick_Handler</STRONG> (Thumb, 2 bytes, Stack size 0 bytes, startup_armcm33.o(.text.Default_Handler))
<BR>[Address Reference Count : 1]<UL><LI> startup_armcm33.o(RESET)
</UL>
<P><STRONG><a name="[5]"></a>UsageFault_Handler</STRONG> (Thumb, 2 bytes, Stack size 0 bytes, startup_armcm33.o(.text.Default_Handler))
<BR>[Address Reference Count : 1]<UL><LI> startup_armcm33.o(RESET)
</UL>
<P><STRONG><a name="[2]"></a>HardFault_Handler</STRONG> (Thumb, 2 bytes, Stack size 0 bytes, startup_armcm33.o(.text.HardFault_Handler))
<BR><BR>[Calls]<UL><LI><a href="#[2]">&gt;&gt;</a>&nbsp;&nbsp;&nbsp;HardFault_Handler
</UL>
<BR>[Called By]<UL><LI><a href="#[2]">&gt;&gt;</a>&nbsp;&nbsp;&nbsp;HardFault_Handler
</UL>
<BR>[Address Reference Count : 1]<UL><LI> startup_armcm33.o(RESET)
</UL>
<P><STRONG><a name="[0]"></a>Reset_Handler</STRONG> (Thumb, 56 bytes, Stack size 0 bytes, startup_armcm33.o(.text.Reset_Handler))
<BR><BR>[Stack]<UL><LI>Max Depth = 8 + Unknown Stack Size
<LI>Call Chain = Reset_Handler &rArr; SystemInit
</UL>
<BR>[Calls]<UL><LI><a href="#[16]">&gt;&gt;</a>&nbsp;&nbsp;&nbsp;__main
<LI><a href="#[1e]">&gt;&gt;</a>&nbsp;&nbsp;&nbsp;SystemInit
</UL>
<BR>[Address Reference Count : 1]<UL><LI> startup_armcm33.o(RESET)
</UL>
<P><STRONG><a name="[1e]"></a>SystemInit</STRONG> (Thumb, 54 bytes, Stack size 8 bytes, system_armcm33.o(.text.SystemInit))
<BR><BR>[Stack]<UL><LI>Max Depth = 8<LI>Call Chain = SystemInit
</UL>
<BR>[Calls]<UL><LI><a href="#[1f]">&gt;&gt;</a>&nbsp;&nbsp;&nbsp;TZ_SAU_Setup
</UL>
<BR>[Called By]<UL><LI><a href="#[0]">&gt;&gt;</a>&nbsp;&nbsp;&nbsp;Reset_Handler
</UL>

<P><STRONG><a name="[17]"></a>__acle_se_func1</STRONG> (Thumb, 0 bytes, Stack size 0 bytes, interface.o(.text.func1), UNUSED, KEPT)
<BR><BR>[Called By]<UL><LI><a href="#[19]">&gt;&gt;</a>&nbsp;&nbsp;&nbsp;func1
</UL>

<P><STRONG><a name="[18]"></a>__acle_se_func2</STRONG> (Thumb, 0 bytes, Stack size 8 bytes, interface.o(.text.func2), UNUSED, KEPT)
<BR><BR>[Stack]<UL><LI>Max Depth = 8<LI>Call Chain = __acle_se_func2
</UL>
<BR>[Called By]<UL><LI><a href="#[1a]">&gt;&gt;</a>&nbsp;&nbsp;&nbsp;func2
</UL>

<P><STRONG><a name="[15]"></a>main</STRONG> (Thumb, 76 bytes, Stack size 0 bytes, main_s.o(.text.main))
<BR>[Address Reference Count : 1]<UL><LI> entry9a.o(.ARM.Collect$$$$0000000B)
</UL>
<P><STRONG><a name="[28]"></a>__scatterload_copy</STRONG> (Thumb, 14 bytes, Stack size unknown bytes, handlers.o(i.__scatterload_copy), UNUSED)

<P><STRONG><a name="[29]"></a>__scatterload_null</STRONG> (Thumb, 2 bytes, Stack size unknown bytes, handlers.o(i.__scatterload_null), UNUSED)

<P><STRONG><a name="[2a]"></a>__scatterload_zeroinit</STRONG> (Thumb, 14 bytes, Stack size unknown bytes, handlers.o(i.__scatterload_zeroinit), UNUSED)

<P><STRONG><a name="[19]"></a>func1</STRONG> (Thumb, 8 bytes, Stack size unknown bytes, anon$$obj.o(Veneer$$CMSE), UNUSED, KEPT)
<BR><BR>[Calls]<UL><LI><a href="#[17]">&gt;&gt;</a>&nbsp;&nbsp;&nbsp;__acle_se_func1
</UL>

<P><STRONG><a name="[1a]"></a>func2</STRONG> (Thumb, 8 bytes, Stack size unknown bytes, anon$$obj.o(Veneer$$CMSE), UNUSED, KEPT)
<BR><BR>[Stack]<UL><LI>Max Depth = 8 + Unknown Stack Size
<LI>Call Chain = func2 &rArr; __acle_se_func2
</UL>
<BR>[Calls]<UL><LI><a href="#[18]">&gt;&gt;</a>&nbsp;&nbsp;&nbsp;__acle_se_func2
</UL>
<P>
<H3>
Local Symbols
</H3>
<P><STRONG><a name="[1f]"></a>TZ_SAU_Setup</STRONG> (Thumb, 164 bytes, Stack size 0 bytes, system_armcm33.o(.text.TZ_SAU_Setup))
<BR><BR>[Called By]<UL><LI><a href="#[1e]">&gt;&gt;</a>&nbsp;&nbsp;&nbsp;SystemInit
</UL>
<P>
<H3>
Undefined Global Symbols
</H3><HR></body></html>
