<!doctype html public "-//w3c//dtd html 4.0 transitional//en">
<html><head>
<title>Static Call Graph - [.\Objects\IOTKit_CM33_s.axf]</title></head>
<body><HR>
<H1>Static Call Graph for image .\Objects\IOTKit_CM33_s.axf</H1><HR>
<BR><P>#&#060CALLGRAPH&#062# ARM Linker, 6160001: Last Updated: Mon Sep 26 16:48:12 2022
<BR><P>
<H3>Maximum Stack Usage =        152 bytes + Unknown(Functions without stacksize, Cycles, Untraceable Function Pointers)</H3><H3>
Call chain for Maximum Stack Depth:</H3>
__rt_lib_init_stdio_2 &rArr; _initio &rArr; freopen &rArr; _fclose_internal &rArr; _fflush &rArr; _writebuf &rArr; _sys_write &rArr; stdout_putchar
<P>
<H3>
Functions with no stack information
</H3><UL>
 <LI><a href="#[8c]">Secure_LED_Off</a>
 <LI><a href="#[8d]">Secure_LED_Off_callback</a>
 <LI><a href="#[8e]">Secure_LED_On</a>
 <LI><a href="#[8f]">Secure_LED_On_callback</a>
 <LI><a href="#[90]">Secure_printf</a>
</UL>
</UL>
<P>
<H3>
Mutually Recursive functions
</H3> <LI><a href="#[14]">BRIDGE_ERROR_Handler</a>&nbsp;&nbsp;&nbsp;&rArr;&nbsp;&nbsp;&nbsp;<a href="#[14]">BRIDGE_ERROR_Handler</a><BR>
 <LI><a href="#[2]">HardFault_Handler</a>&nbsp;&nbsp;&nbsp;&rArr;&nbsp;&nbsp;&nbsp;<a href="#[2]">HardFault_Handler</a><BR>
</UL>
<P>
<H3>
Function Pointers
</H3><UL>
 <LI><a href="#[14]">BRIDGE_ERROR_Handler</a> from startup_iotkit_cm33.o(.text.Default_Handler) referenced from startup_iotkit_cm33.o(RESET)
 <LI><a href="#[4]">BusFault_Handler</a> from startup_iotkit_cm33.o(.text.Default_Handler) referenced from startup_iotkit_cm33.o(RESET)
 <LI><a href="#[2d]">DMA0_ERROR_Handler</a> from startup_iotkit_cm33.o(.text.Default_Handler) referenced from startup_iotkit_cm33.o(RESET)
 <LI><a href="#[2f]">DMA0_Handler</a> from startup_iotkit_cm33.o(.text.Default_Handler) referenced from startup_iotkit_cm33.o(RESET)
 <LI><a href="#[2e]">DMA0_TC_Handler</a> from startup_iotkit_cm33.o(.text.Default_Handler) referenced from startup_iotkit_cm33.o(RESET)
 <LI><a href="#[30]">DMA1_ERROR_Handler</a> from startup_iotkit_cm33.o(.text.Default_Handler) referenced from startup_iotkit_cm33.o(RESET)
 <LI><a href="#[32]">DMA1_Handler</a> from startup_iotkit_cm33.o(.text.Default_Handler) referenced from startup_iotkit_cm33.o(RESET)
 <LI><a href="#[31]">DMA1_TC_Handler</a> from startup_iotkit_cm33.o(.text.Default_Handler) referenced from startup_iotkit_cm33.o(RESET)
 <LI><a href="#[33]">DMA2_ERROR_Handler</a> from startup_iotkit_cm33.o(.text.Default_Handler) referenced from startup_iotkit_cm33.o(RESET)
 <LI><a href="#[35]">DMA2_Handler</a> from startup_iotkit_cm33.o(.text.Default_Handler) referenced from startup_iotkit_cm33.o(RESET)
 <LI><a href="#[34]">DMA2_TC_Handler</a> from startup_iotkit_cm33.o(.text.Default_Handler) referenced from startup_iotkit_cm33.o(RESET)
 <LI><a href="#[36]">DMA3_ERROR_Handler</a> from startup_iotkit_cm33.o(.text.Default_Handler) referenced from startup_iotkit_cm33.o(RESET)
 <LI><a href="#[38]">DMA3_Handler</a> from startup_iotkit_cm33.o(.text.Default_Handler) referenced from startup_iotkit_cm33.o(RESET)
 <LI><a href="#[37]">DMA3_TC_Handler</a> from startup_iotkit_cm33.o(.text.Default_Handler) referenced from startup_iotkit_cm33.o(RESET)
 <LI><a href="#[10]">DUALTIMER_Handler</a> from startup_iotkit_cm33.o(.text.Default_Handler) referenced from startup_iotkit_cm33.o(RESET)
 <LI><a href="#[8]">DebugMon_Handler</a> from startup_iotkit_cm33.o(.text.Default_Handler) referenced from startup_iotkit_cm33.o(RESET)
 <LI><a href="#[25]">ETHERNET_Handler</a> from startup_iotkit_cm33.o(.text.Default_Handler) referenced from startup_iotkit_cm33.o(RESET)
 <LI><a href="#[76]">GLCD_DrawString</a> from glcd_v2m-mps2.o(.text.GLCD_DrawString) referenced from main_s.o(.text.main)
 <LI><a href="#[75]">GLCD_SetBackgroundColor</a> from glcd_v2m-mps2.o(.text.GLCD_SetBackgroundColor) referenced from main_s.o(.text.main)
 <LI><a href="#[3d]">GPIO0_0_Handler</a> from startup_iotkit_cm33.o(.text.Default_Handler) referenced from startup_iotkit_cm33.o(RESET)
 <LI><a href="#[47]">GPIO0_10_Handler</a> from startup_iotkit_cm33.o(.text.Default_Handler) referenced from startup_iotkit_cm33.o(RESET)
 <LI><a href="#[48]">GPIO0_11_Handler</a> from startup_iotkit_cm33.o(.text.Default_Handler) referenced from startup_iotkit_cm33.o(RESET)
 <LI><a href="#[49]">GPIO0_12_Handler</a> from startup_iotkit_cm33.o(.text.Default_Handler) referenced from startup_iotkit_cm33.o(RESET)
 <LI><a href="#[4a]">GPIO0_13_Handler</a> from startup_iotkit_cm33.o(.text.Default_Handler) referenced from startup_iotkit_cm33.o(RESET)
 <LI><a href="#[4b]">GPIO0_14_Handler</a> from startup_iotkit_cm33.o(.text.Default_Handler) referenced from startup_iotkit_cm33.o(RESET)
 <LI><a href="#[4c]">GPIO0_15_Handler</a> from startup_iotkit_cm33.o(.text.Default_Handler) referenced from startup_iotkit_cm33.o(RESET)
 <LI><a href="#[3e]">GPIO0_1_Handler</a> from startup_iotkit_cm33.o(.text.Default_Handler) referenced from startup_iotkit_cm33.o(RESET)
 <LI><a href="#[3f]">GPIO0_2_Handler</a> from startup_iotkit_cm33.o(.text.Default_Handler) referenced from startup_iotkit_cm33.o(RESET)
 <LI><a href="#[40]">GPIO0_3_Handler</a> from startup_iotkit_cm33.o(.text.Default_Handler) referenced from startup_iotkit_cm33.o(RESET)
 <LI><a href="#[41]">GPIO0_4_Handler</a> from startup_iotkit_cm33.o(.text.Default_Handler) referenced from startup_iotkit_cm33.o(RESET)
 <LI><a href="#[42]">GPIO0_5_Handler</a> from startup_iotkit_cm33.o(.text.Default_Handler) referenced from startup_iotkit_cm33.o(RESET)
 <LI><a href="#[43]">GPIO0_6_Handler</a> from startup_iotkit_cm33.o(.text.Default_Handler) referenced from startup_iotkit_cm33.o(RESET)
 <LI><a href="#[44]">GPIO0_7_Handler</a> from startup_iotkit_cm33.o(.text.Default_Handler) referenced from startup_iotkit_cm33.o(RESET)
 <LI><a href="#[45]">GPIO0_8_Handler</a> from startup_iotkit_cm33.o(.text.Default_Handler) referenced from startup_iotkit_cm33.o(RESET)
 <LI><a href="#[46]">GPIO0_9_Handler</a> from startup_iotkit_cm33.o(.text.Default_Handler) referenced from startup_iotkit_cm33.o(RESET)
 <LI><a href="#[39]">GPIO0_Handler</a> from startup_iotkit_cm33.o(.text.Default_Handler) referenced from startup_iotkit_cm33.o(RESET)
 <LI><a href="#[4d]">GPIO1_0_Handler</a> from startup_iotkit_cm33.o(.text.Default_Handler) referenced from startup_iotkit_cm33.o(RESET)
 <LI><a href="#[57]">GPIO1_10_Handler</a> from startup_iotkit_cm33.o(.text.Default_Handler) referenced from startup_iotkit_cm33.o(RESET)
 <LI><a href="#[58]">GPIO1_11_Handler</a> from startup_iotkit_cm33.o(.text.Default_Handler) referenced from startup_iotkit_cm33.o(RESET)
 <LI><a href="#[59]">GPIO1_12_Handler</a> from startup_iotkit_cm33.o(.text.Default_Handler) referenced from startup_iotkit_cm33.o(RESET)
 <LI><a href="#[5a]">GPIO1_13_Handler</a> from startup_iotkit_cm33.o(.text.Default_Handler) referenced from startup_iotkit_cm33.o(RESET)
 <LI><a href="#[5b]">GPIO1_14_Handler</a> from startup_iotkit_cm33.o(.text.Default_Handler) referenced from startup_iotkit_cm33.o(RESET)
 <LI><a href="#[5c]">GPIO1_15_Handler</a> from startup_iotkit_cm33.o(.text.Default_Handler) referenced from startup_iotkit_cm33.o(RESET)
 <LI><a href="#[4e]">GPIO1_1_Handler</a> from startup_iotkit_cm33.o(.text.Default_Handler) referenced from startup_iotkit_cm33.o(RESET)
 <LI><a href="#[4f]">GPIO1_2_Handler</a> from startup_iotkit_cm33.o(.text.Default_Handler) referenced from startup_iotkit_cm33.o(RESET)
 <LI><a href="#[50]">GPIO1_3_Handler</a> from startup_iotkit_cm33.o(.text.Default_Handler) referenced from startup_iotkit_cm33.o(RESET)
 <LI><a href="#[51]">GPIO1_4_Handler</a> from startup_iotkit_cm33.o(.text.Default_Handler) referenced from startup_iotkit_cm33.o(RESET)
 <LI><a href="#[52]">GPIO1_5_Handler</a> from startup_iotkit_cm33.o(.text.Default_Handler) referenced from startup_iotkit_cm33.o(RESET)
 <LI><a href="#[53]">GPIO1_6_Handler</a> from startup_iotkit_cm33.o(.text.Default_Handler) referenced from startup_iotkit_cm33.o(RESET)
 <LI><a href="#[54]">GPIO1_7_Handler</a> from startup_iotkit_cm33.o(.text.Default_Handler) referenced from startup_iotkit_cm33.o(RESET)
 <LI><a href="#[55]">GPIO1_8_Handler</a> from startup_iotkit_cm33.o(.text.Default_Handler) referenced from startup_iotkit_cm33.o(RESET)
 <LI><a href="#[56]">GPIO1_9_Handler</a> from startup_iotkit_cm33.o(.text.Default_Handler) referenced from startup_iotkit_cm33.o(RESET)
 <LI><a href="#[3a]">GPIO1_Handler</a> from startup_iotkit_cm33.o(.text.Default_Handler) referenced from startup_iotkit_cm33.o(RESET)
 <LI><a href="#[5d]">GPIO2_0_Handler</a> from startup_iotkit_cm33.o(.text.Default_Handler) referenced from startup_iotkit_cm33.o(RESET)
 <LI><a href="#[67]">GPIO2_10_Handler</a> from startup_iotkit_cm33.o(.text.Default_Handler) referenced from startup_iotkit_cm33.o(RESET)
 <LI><a href="#[68]">GPIO2_11_Handler</a> from startup_iotkit_cm33.o(.text.Default_Handler) referenced from startup_iotkit_cm33.o(RESET)
 <LI><a href="#[69]">GPIO2_12_Handler</a> from startup_iotkit_cm33.o(.text.Default_Handler) referenced from startup_iotkit_cm33.o(RESET)
 <LI><a href="#[6a]">GPIO2_13_Handler</a> from startup_iotkit_cm33.o(.text.Default_Handler) referenced from startup_iotkit_cm33.o(RESET)
 <LI><a href="#[6b]">GPIO2_14_Handler</a> from startup_iotkit_cm33.o(.text.Default_Handler) referenced from startup_iotkit_cm33.o(RESET)
 <LI><a href="#[6c]">GPIO2_15_Handler</a> from startup_iotkit_cm33.o(.text.Default_Handler) referenced from startup_iotkit_cm33.o(RESET)
 <LI><a href="#[5e]">GPIO2_1_Handler</a> from startup_iotkit_cm33.o(.text.Default_Handler) referenced from startup_iotkit_cm33.o(RESET)
 <LI><a href="#[5f]">GPIO2_2_Handler</a> from startup_iotkit_cm33.o(.text.Default_Handler) referenced from startup_iotkit_cm33.o(RESET)
 <LI><a href="#[60]">GPIO2_3_Handler</a> from startup_iotkit_cm33.o(.text.Default_Handler) referenced from startup_iotkit_cm33.o(RESET)
 <LI><a href="#[61]">GPIO2_4_Handler</a> from startup_iotkit_cm33.o(.text.Default_Handler) referenced from startup_iotkit_cm33.o(RESET)
 <LI><a href="#[62]">GPIO2_5_Handler</a> from startup_iotkit_cm33.o(.text.Default_Handler) referenced from startup_iotkit_cm33.o(RESET)
 <LI><a href="#[63]">GPIO2_6_Handler</a> from startup_iotkit_cm33.o(.text.Default_Handler) referenced from startup_iotkit_cm33.o(RESET)
 <LI><a href="#[64]">GPIO2_7_Handler</a> from startup_iotkit_cm33.o(.text.Default_Handler) referenced from startup_iotkit_cm33.o(RESET)
 <LI><a href="#[65]">GPIO2_8_Handler</a> from startup_iotkit_cm33.o(.text.Default_Handler) referenced from startup_iotkit_cm33.o(RESET)
 <LI><a href="#[66]">GPIO2_9_Handler</a> from startup_iotkit_cm33.o(.text.Default_Handler) referenced from startup_iotkit_cm33.o(RESET)
 <LI><a href="#[3b]">GPIO2_Handler</a> from startup_iotkit_cm33.o(.text.Default_Handler) referenced from startup_iotkit_cm33.o(RESET)
 <LI><a href="#[6d]">GPIO3_0_Handler</a> from startup_iotkit_cm33.o(.text.Default_Handler) referenced from startup_iotkit_cm33.o(RESET)
 <LI><a href="#[6e]">GPIO3_1_Handler</a> from startup_iotkit_cm33.o(.text.Default_Handler) referenced from startup_iotkit_cm33.o(RESET)
 <LI><a href="#[6f]">GPIO3_2_Handler</a> from startup_iotkit_cm33.o(.text.Default_Handler) referenced from startup_iotkit_cm33.o(RESET)
 <LI><a href="#[70]">GPIO3_3_Handler</a> from startup_iotkit_cm33.o(.text.Default_Handler) referenced from startup_iotkit_cm33.o(RESET)
 <LI><a href="#[3c]">GPIO3_Handler</a> from startup_iotkit_cm33.o(.text.Default_Handler) referenced from startup_iotkit_cm33.o(RESET)
 <LI><a href="#[2]">HardFault_Handler</a> from startup_iotkit_cm33.o(.text.HardFault_Handler) referenced from startup_iotkit_cm33.o(RESET)
 <LI><a href="#[26]">I2S_Handler</a> from startup_iotkit_cm33.o(.text.Default_Handler) referenced from startup_iotkit_cm33.o(RESET)
 <LI><a href="#[11]">MPC_Handler</a> from startup_iotkit_cm33.o(.text.Default_Handler) referenced from startup_iotkit_cm33.o(RESET)
 <LI><a href="#[13]">MSC_Handler</a> from startup_iotkit_cm33.o(.text.Default_Handler) referenced from startup_iotkit_cm33.o(RESET)
 <LI><a href="#[3]">MemManage_Handler</a> from startup_iotkit_cm33.o(.text.Default_Handler) referenced from startup_iotkit_cm33.o(RESET)
 <LI><a href="#[1]">NMI_Handler</a> from startup_iotkit_cm33.o(.text.Default_Handler) referenced from startup_iotkit_cm33.o(RESET)
 <LI><a href="#[c]">NONSEC_WATCHDOG_Handler</a> from startup_iotkit_cm33.o(.text.Default_Handler) referenced from startup_iotkit_cm33.o(RESET)
 <LI><a href="#[b]">NONSEC_WATCHDOG_RESET_Handler</a> from startup_iotkit_cm33.o(.text.Default_Handler) referenced from startup_iotkit_cm33.o(RESET)
 <LI><a href="#[12]">PPC_Handler</a> from startup_iotkit_cm33.o(.text.Default_Handler) referenced from startup_iotkit_cm33.o(RESET)
 <LI><a href="#[9]">PendSV_Handler</a> from startup_iotkit_cm33.o(.text.Default_Handler) referenced from startup_iotkit_cm33.o(RESET)
 <LI><a href="#[0]">Reset_Handler</a> from startup_iotkit_cm33.o(.text.Reset_Handler) referenced from startup_iotkit_cm33.o(RESET)
 <LI><a href="#[d]">S32K_TIMER_Handler</a> from startup_iotkit_cm33.o(.text.Default_Handler) referenced from startup_iotkit_cm33.o(RESET)
 <LI><a href="#[28]">SPI0_Handler</a> from startup_iotkit_cm33.o(.text.Default_Handler) referenced from startup_iotkit_cm33.o(RESET)
 <LI><a href="#[29]">SPI1_Handler</a> from startup_iotkit_cm33.o(.text.Default_Handler) referenced from startup_iotkit_cm33.o(RESET)
 <LI><a href="#[2a]">SPI2_Handler</a> from startup_iotkit_cm33.o(.text.Default_Handler) referenced from startup_iotkit_cm33.o(RESET)
 <LI><a href="#[2b]">SPI3_Handler</a> from startup_iotkit_cm33.o(.text.Default_Handler) referenced from startup_iotkit_cm33.o(RESET)
 <LI><a href="#[2c]">SPI4_Handler</a> from startup_iotkit_cm33.o(.text.Default_Handler) referenced from startup_iotkit_cm33.o(RESET)
 <LI><a href="#[7]">SVC_Handler</a> from startup_iotkit_cm33.o(.text.Default_Handler) referenced from startup_iotkit_cm33.o(RESET)
 <LI><a href="#[6]">SecureFault_Handler</a> from startup_iotkit_cm33.o(.text.Default_Handler) referenced from startup_iotkit_cm33.o(RESET)
 <LI><a href="#[a]">SysTick_Handler</a> from main_s.o(.text.SysTick_Handler) referenced from startup_iotkit_cm33.o(RESET)
 <LI><a href="#[e]">TIMER0_Handler</a> from startup_iotkit_cm33.o(.text.Default_Handler) referenced from startup_iotkit_cm33.o(RESET)
 <LI><a href="#[f]">TIMER1_Handler</a> from startup_iotkit_cm33.o(.text.Default_Handler) referenced from startup_iotkit_cm33.o(RESET)
 <LI><a href="#[27]">TSC_Handler</a> from startup_iotkit_cm33.o(.text.Default_Handler) referenced from startup_iotkit_cm33.o(RESET)
 <LI><a href="#[15]">UART0RX_Handler</a> from usart_v2m-mps2.o(.text.UART0RX_Handler) referenced from startup_iotkit_cm33.o(RESET)
 <LI><a href="#[16]">UART0TX_Handler</a> from usart_v2m-mps2.o(.text.UART0TX_Handler) referenced from startup_iotkit_cm33.o(RESET)
 <LI><a href="#[1f]">UART0_Handler</a> from startup_iotkit_cm33.o(.text.Default_Handler) referenced from startup_iotkit_cm33.o(RESET)
 <LI><a href="#[17]">UART1RX_Handler</a> from startup_iotkit_cm33.o(.text.Default_Handler) referenced from startup_iotkit_cm33.o(RESET)
 <LI><a href="#[18]">UART1TX_Handler</a> from startup_iotkit_cm33.o(.text.Default_Handler) referenced from startup_iotkit_cm33.o(RESET)
 <LI><a href="#[20]">UART1_Handler</a> from startup_iotkit_cm33.o(.text.Default_Handler) referenced from startup_iotkit_cm33.o(RESET)
 <LI><a href="#[19]">UART2RX_Handler</a> from startup_iotkit_cm33.o(.text.Default_Handler) referenced from startup_iotkit_cm33.o(RESET)
 <LI><a href="#[1a]">UART2TX_Handler</a> from startup_iotkit_cm33.o(.text.Default_Handler) referenced from startup_iotkit_cm33.o(RESET)
 <LI><a href="#[21]">UART2_Handler</a> from startup_iotkit_cm33.o(.text.Default_Handler) referenced from startup_iotkit_cm33.o(RESET)
 <LI><a href="#[1b]">UART3RX_Handler</a> from startup_iotkit_cm33.o(.text.Default_Handler) referenced from startup_iotkit_cm33.o(RESET)
 <LI><a href="#[1c]">UART3TX_Handler</a> from startup_iotkit_cm33.o(.text.Default_Handler) referenced from startup_iotkit_cm33.o(RESET)
 <LI><a href="#[22]">UART3_Handler</a> from startup_iotkit_cm33.o(.text.Default_Handler) referenced from startup_iotkit_cm33.o(RESET)
 <LI><a href="#[1d]">UART4RX_Handler</a> from startup_iotkit_cm33.o(.text.Default_Handler) referenced from startup_iotkit_cm33.o(RESET)
 <LI><a href="#[1e]">UART4TX_Handler</a> from startup_iotkit_cm33.o(.text.Default_Handler) referenced from startup_iotkit_cm33.o(RESET)
 <LI><a href="#[23]">UART4_Handler</a> from startup_iotkit_cm33.o(.text.Default_Handler) referenced from startup_iotkit_cm33.o(RESET)
 <LI><a href="#[24]">UARTOVF_Handler</a> from startup_iotkit_cm33.o(.text.Default_Handler) referenced from startup_iotkit_cm33.o(RESET)
 <LI><a href="#[82]">USART0_Control</a> from usart_v2m-mps2.o(.text.USART0_Control) referenced from usart_v2m-mps2.o(.rodata.Driver_USART0)
 <LI><a href="#[79]">USART0_GetCapabilities</a> from usart_v2m-mps2.o(.text.USART0_GetCapabilities) referenced from usart_v2m-mps2.o(.rodata.Driver_USART0)
 <LI><a href="#[85]">USART0_GetModemStatus</a> from usart_v2m-mps2.o(.text.USART0_GetModemStatus) referenced from usart_v2m-mps2.o(.rodata.Driver_USART0)
 <LI><a href="#[81]">USART0_GetRxCount</a> from usart_v2m-mps2.o(.text.USART0_GetRxCount) referenced from usart_v2m-mps2.o(.rodata.Driver_USART0)
 <LI><a href="#[83]">USART0_GetStatus</a> from usart_v2m-mps2.o(.text.USART0_GetStatus) referenced from usart_v2m-mps2.o(.rodata.Driver_USART0)
 <LI><a href="#[80]">USART0_GetTxCount</a> from usart_v2m-mps2.o(.text.USART0_GetTxCount) referenced from usart_v2m-mps2.o(.rodata.Driver_USART0)
 <LI><a href="#[7a]">USART0_Initialize</a> from usart_v2m-mps2.o(.text.USART0_Initialize) referenced from usart_v2m-mps2.o(.rodata.Driver_USART0)
 <LI><a href="#[7c]">USART0_PowerControl</a> from usart_v2m-mps2.o(.text.USART0_PowerControl) referenced from usart_v2m-mps2.o(.rodata.Driver_USART0)
 <LI><a href="#[7e]">USART0_Receive</a> from usart_v2m-mps2.o(.text.USART0_Receive) referenced from usart_v2m-mps2.o(.rodata.Driver_USART0)
 <LI><a href="#[7d]">USART0_Send</a> from usart_v2m-mps2.o(.text.USART0_Send) referenced from usart_v2m-mps2.o(.rodata.Driver_USART0)
 <LI><a href="#[84]">USART0_SetModemControl</a> from usart_v2m-mps2.o(.text.USART0_SetModemControl) referenced from usart_v2m-mps2.o(.rodata.Driver_USART0)
 <LI><a href="#[7f]">USART0_Transfer</a> from usart_v2m-mps2.o(.text.USART0_Transfer) referenced from usart_v2m-mps2.o(.rodata.Driver_USART0)
 <LI><a href="#[7b]">USART0_Uninitialize</a> from usart_v2m-mps2.o(.text.USART0_Uninitialize) referenced from usart_v2m-mps2.o(.rodata.Driver_USART0)
 <LI><a href="#[78]">USARTx_GetVersion</a> from usart_v2m-mps2.o(.text.USARTx_GetVersion) referenced from usart_v2m-mps2.o(.rodata.Driver_USART0)
 <LI><a href="#[5]">UsageFault_Handler</a> from startup_iotkit_cm33.o(.text.Default_Handler) referenced from startup_iotkit_cm33.o(RESET)
 <LI><a href="#[72]">_printf_input_char</a> from _printf_char_common.o(.text) referenced from _printf_char_common.o(.text)
 <LI><a href="#[73]">delay_ms</a> from glcd_v2m-mps2.o(.text.delay_ms) referenced from glcd_v2m-mps2.o(.text.GLCD_Initialize)
 <LI><a href="#[71]">fputc</a> from fputc.o(i.fputc) referenced from _printf_char_file.o(.text)
 <LI><a href="#[77]">spi_tran</a> from glcd_v2m-mps2.o(.text.spi_tran) referenced from glcd_v2m-mps2.o(.text.wr_dat)
 <LI><a href="#[74]">wr_reg</a> from glcd_v2m-mps2.o(.text.wr_reg) referenced from glcd_v2m-mps2.o(.text.GLCD_SetWindow)
</UL>
<P>
<H3>
Global Symbols
</H3>
<P><STRONG><a name="[86]"></a>__main</STRONG> (Thumb, 8 bytes, Stack size 0 bytes, __main.o(!!!main))
<BR><BR>[Calls]<UL><LI><a href="#[92]">&gt;&gt;</a>&nbsp;&nbsp;&nbsp;__rt_entry
<LI><a href="#[91]">&gt;&gt;</a>&nbsp;&nbsp;&nbsp;__scatterload
</UL>
<BR>[Called By]<UL><LI><a href="#[0]">&gt;&gt;</a>&nbsp;&nbsp;&nbsp;Reset_Handler
</UL>

<P><STRONG><a name="[91]"></a>__scatterload</STRONG> (Thumb, 0 bytes, Stack size unknown bytes, __scatter.o(!!!scatter))
<BR><BR>[Called By]<UL><LI><a href="#[86]">&gt;&gt;</a>&nbsp;&nbsp;&nbsp;__main
</UL>

<P><STRONG><a name="[93]"></a>__scatterload_rt2</STRONG> (Thumb, 44 bytes, Stack size unknown bytes, __scatter.o(!!!scatter), UNUSED)
<BR><BR>[Calls]<UL><LI><a href="#[92]">&gt;&gt;</a>&nbsp;&nbsp;&nbsp;__rt_entry
</UL>

<P><STRONG><a name="[eb]"></a>__scatterload_rt2_thumb_only</STRONG> (Thumb, 0 bytes, Stack size unknown bytes, __scatter.o(!!!scatter), UNUSED)

<P><STRONG><a name="[ec]"></a>__scatterload_null</STRONG> (Thumb, 0 bytes, Stack size unknown bytes, __scatter.o(!!!scatter), UNUSED)

<P><STRONG><a name="[94]"></a>__scatterload_copy</STRONG> (Thumb, 26 bytes, Stack size unknown bytes, __scatter_copy.o(!!handler_copy), UNUSED)
<BR><BR>[Calls]<UL><LI><a href="#[94]">&gt;&gt;</a>&nbsp;&nbsp;&nbsp;__scatterload_copy
</UL>
<BR>[Called By]<UL><LI><a href="#[94]">&gt;&gt;</a>&nbsp;&nbsp;&nbsp;__scatterload_copy
</UL>

<P><STRONG><a name="[ed]"></a>__scatterload_zeroinit</STRONG> (Thumb, 28 bytes, Stack size unknown bytes, __scatter_zi.o(!!handler_zi), UNUSED)

<P><STRONG><a name="[ab]"></a>_printf_percent</STRONG> (Thumb, 0 bytes, Stack size unknown bytes, _printf_percent.o(.ARM.Collect$$_printf_percent$$00000000))
<BR><BR>[Called By]<UL><LI><a href="#[aa]">&gt;&gt;</a>&nbsp;&nbsp;&nbsp;__printf
</UL>

<P><STRONG><a name="[95]"></a>_printf_s</STRONG> (Thumb, 0 bytes, Stack size unknown bytes, _printf_s.o(.ARM.Collect$$_printf_percent$$00000014))
<BR><BR>[Stack]<UL><LI>Max Depth = 24 + Unknown Stack Size
<LI>Call Chain = _printf_s &rArr; _printf_string &rArr; _printf_cs_common &rArr; _printf_str
</UL>
<BR>[Calls]<UL><LI><a href="#[96]">&gt;&gt;</a>&nbsp;&nbsp;&nbsp;_printf_string
</UL>

<P><STRONG><a name="[ee]"></a>_printf_percent_end</STRONG> (Thumb, 0 bytes, Stack size unknown bytes, _printf_percent_end.o(.ARM.Collect$$_printf_percent$$00000017))

<P><STRONG><a name="[a0]"></a>__rt_lib_init</STRONG> (Thumb, 0 bytes, Stack size unknown bytes, libinit.o(.ARM.Collect$$libinit$$00000000))
<BR><BR>[Called By]<UL><LI><a href="#[9f]">&gt;&gt;</a>&nbsp;&nbsp;&nbsp;__rt_entry_li
</UL>

<P><STRONG><a name="[97]"></a>__rt_lib_init_fp_1</STRONG> (Thumb, 0 bytes, Stack size unknown bytes, libinit2.o(.ARM.Collect$$libinit$$00000001))
<BR><BR>[Calls]<UL><LI><a href="#[98]">&gt;&gt;</a>&nbsp;&nbsp;&nbsp;_fp_init
</UL>

<P><STRONG><a name="[99]"></a>__rt_lib_init_heap_2</STRONG> (Thumb, 0 bytes, Stack size unknown bytes, libinit5.o(.ARM.Collect$$libinit$$00000008))
<BR><BR>[Stack]<UL><LI>Max Depth = 64 + Unknown Stack Size
<LI>Call Chain = __rt_lib_init_heap_2 &rArr; _init_alloc &rArr; __rt_SIGRTMEM &rArr; __rt_SIGRTMEM_inner &rArr; __default_signal_display &rArr; _ttywrch
</UL>
<BR>[Calls]<UL><LI><a href="#[9a]">&gt;&gt;</a>&nbsp;&nbsp;&nbsp;_init_alloc
</UL>

<P><STRONG><a name="[ef]"></a>__rt_lib_init_preinit_1</STRONG> (Thumb, 0 bytes, Stack size unknown bytes, libinit2.o(.ARM.Collect$$libinit$$00000004))

<P><STRONG><a name="[f0]"></a>__rt_lib_init_atexit_1</STRONG> (Thumb, 0 bytes, Stack size unknown bytes, libinit2.o(.ARM.Collect$$libinit$$0000001B))

<P><STRONG><a name="[f1]"></a>__rt_lib_init_clock_1</STRONG> (Thumb, 0 bytes, Stack size unknown bytes, libinit2.o(.ARM.Collect$$libinit$$00000021))

<P><STRONG><a name="[f2]"></a>__rt_lib_init_fp_trap_1</STRONG> (Thumb, 0 bytes, Stack size unknown bytes, libinit2.o(.ARM.Collect$$libinit$$0000001F))

<P><STRONG><a name="[f3]"></a>__rt_lib_init_getenv_1</STRONG> (Thumb, 0 bytes, Stack size unknown bytes, libinit2.o(.ARM.Collect$$libinit$$00000023))

<P><STRONG><a name="[f4]"></a>__rt_lib_init_heap_1</STRONG> (Thumb, 0 bytes, Stack size unknown bytes, libinit2.o(.ARM.Collect$$libinit$$0000000A))

<P><STRONG><a name="[f5]"></a>__rt_lib_init_lc_collate_1</STRONG> (Thumb, 0 bytes, Stack size unknown bytes, libinit2.o(.ARM.Collect$$libinit$$00000011))

<P><STRONG><a name="[f6]"></a>__rt_lib_init_lc_ctype_1</STRONG> (Thumb, 0 bytes, Stack size unknown bytes, libinit2.o(.ARM.Collect$$libinit$$00000013))

<P><STRONG><a name="[f7]"></a>__rt_lib_init_lc_monetary_1</STRONG> (Thumb, 0 bytes, Stack size unknown bytes, libinit2.o(.ARM.Collect$$libinit$$00000015))

<P><STRONG><a name="[f8]"></a>__rt_lib_init_lc_numeric_1</STRONG> (Thumb, 0 bytes, Stack size unknown bytes, libinit2.o(.ARM.Collect$$libinit$$00000017))

<P><STRONG><a name="[f9]"></a>__rt_lib_init_lc_time_1</STRONG> (Thumb, 0 bytes, Stack size unknown bytes, libinit2.o(.ARM.Collect$$libinit$$00000019))

<P><STRONG><a name="[fa]"></a>__rt_lib_init_rand_1</STRONG> (Thumb, 0 bytes, Stack size unknown bytes, libinit2.o(.ARM.Collect$$libinit$$0000000E))

<P><STRONG><a name="[fb]"></a>__rt_lib_init_signal_1</STRONG> (Thumb, 0 bytes, Stack size unknown bytes, libinit2.o(.ARM.Collect$$libinit$$0000001D))

<P><STRONG><a name="[9b]"></a>__rt_lib_init_stdio_2</STRONG> (Thumb, 0 bytes, Stack size unknown bytes, libinit2.o(.ARM.Collect$$libinit$$00000024))
<BR><BR>[Stack]<UL><LI>Max Depth = 152 + Unknown Stack Size
<LI>Call Chain = __rt_lib_init_stdio_2 &rArr; _initio &rArr; freopen &rArr; _fclose_internal &rArr; _fflush &rArr; _writebuf &rArr; _sys_write &rArr; stdout_putchar
</UL>
<BR>[Calls]<UL><LI><a href="#[9c]">&gt;&gt;</a>&nbsp;&nbsp;&nbsp;_initio
</UL>

<P><STRONG><a name="[fc]"></a>__rt_lib_init_user_alloc_1</STRONG> (Thumb, 0 bytes, Stack size unknown bytes, libinit2.o(.ARM.Collect$$libinit$$0000000C))

<P><STRONG><a name="[fd]"></a>__rt_lib_init_alloca_1</STRONG> (Thumb, 0 bytes, Stack size unknown bytes, libinit2.o(.ARM.Collect$$libinit$$0000002E))

<P><STRONG><a name="[fe]"></a>__rt_lib_init_argv_1</STRONG> (Thumb, 0 bytes, Stack size unknown bytes, libinit2.o(.ARM.Collect$$libinit$$0000002C))

<P><STRONG><a name="[ff]"></a>__rt_lib_init_cpp_1</STRONG> (Thumb, 0 bytes, Stack size unknown bytes, libinit2.o(.ARM.Collect$$libinit$$00000032))

<P><STRONG><a name="[100]"></a>__rt_lib_init_exceptions_1</STRONG> (Thumb, 0 bytes, Stack size unknown bytes, libinit2.o(.ARM.Collect$$libinit$$00000030))

<P><STRONG><a name="[101]"></a>__rt_lib_init_return</STRONG> (Thumb, 0 bytes, Stack size unknown bytes, libinit2.o(.ARM.Collect$$libinit$$00000033))

<P><STRONG><a name="[102]"></a>__rt_lib_init_stdio_1</STRONG> (Thumb, 0 bytes, Stack size unknown bytes, libinit2.o(.ARM.Collect$$libinit$$00000025))

<P><STRONG><a name="[a5]"></a>__rt_lib_shutdown</STRONG> (Thumb, 0 bytes, Stack size unknown bytes, libshutdown.o(.ARM.Collect$$libshutdown$$00000000))
<BR><BR>[Called By]<UL><LI><a href="#[a4]">&gt;&gt;</a>&nbsp;&nbsp;&nbsp;__rt_exit_ls
</UL>

<P><STRONG><a name="[103]"></a>__rt_lib_shutdown_cpp_1</STRONG> (Thumb, 0 bytes, Stack size unknown bytes, libshutdown2.o(.ARM.Collect$$libshutdown$$00000002))

<P><STRONG><a name="[9d]"></a>__rt_lib_shutdown_stdio_2</STRONG> (Thumb, 0 bytes, Stack size unknown bytes, libshutdown2.o(.ARM.Collect$$libshutdown$$00000003))
<BR><BR>[Stack]<UL><LI>Max Depth = 136 + Unknown Stack Size
<LI>Call Chain = __rt_lib_shutdown_stdio_2 &rArr; _terminateio &rArr; _fclose_internal &rArr; _fflush &rArr; _writebuf &rArr; _sys_write &rArr; stdout_putchar
</UL>
<BR>[Calls]<UL><LI><a href="#[9e]">&gt;&gt;</a>&nbsp;&nbsp;&nbsp;_terminateio
</UL>

<P><STRONG><a name="[104]"></a>__rt_lib_shutdown_fp_trap_1</STRONG> (Thumb, 0 bytes, Stack size unknown bytes, libshutdown2.o(.ARM.Collect$$libshutdown$$00000007))

<P><STRONG><a name="[105]"></a>__rt_lib_shutdown_heap_1</STRONG> (Thumb, 0 bytes, Stack size unknown bytes, libshutdown2.o(.ARM.Collect$$libshutdown$$0000000F))

<P><STRONG><a name="[106]"></a>__rt_lib_shutdown_return</STRONG> (Thumb, 0 bytes, Stack size unknown bytes, libshutdown2.o(.ARM.Collect$$libshutdown$$00000010))

<P><STRONG><a name="[107]"></a>__rt_lib_shutdown_signal_1</STRONG> (Thumb, 0 bytes, Stack size unknown bytes, libshutdown2.o(.ARM.Collect$$libshutdown$$0000000A))

<P><STRONG><a name="[108]"></a>__rt_lib_shutdown_stdio_1</STRONG> (Thumb, 0 bytes, Stack size unknown bytes, libshutdown2.o(.ARM.Collect$$libshutdown$$00000004))

<P><STRONG><a name="[109]"></a>__rt_lib_shutdown_user_alloc_1</STRONG> (Thumb, 0 bytes, Stack size unknown bytes, libshutdown2.o(.ARM.Collect$$libshutdown$$0000000C))

<P><STRONG><a name="[92]"></a>__rt_entry</STRONG> (Thumb, 0 bytes, Stack size unknown bytes, __rtentry.o(.ARM.Collect$$rtentry$$00000000))
<BR><BR>[Called By]<UL><LI><a href="#[86]">&gt;&gt;</a>&nbsp;&nbsp;&nbsp;__main
<LI><a href="#[93]">&gt;&gt;</a>&nbsp;&nbsp;&nbsp;__scatterload_rt2
</UL>

<P><STRONG><a name="[10a]"></a>__rt_entry_presh_1</STRONG> (Thumb, 0 bytes, Stack size unknown bytes, __rtentry2.o(.ARM.Collect$$rtentry$$00000002))

<P><STRONG><a name="[10b]"></a>__rt_entry_sh</STRONG> (Thumb, 0 bytes, Stack size unknown bytes, __rtentry7.o(.ARM.Collect$$rtentry$$00000007))

<P><STRONG><a name="[9f]"></a>__rt_entry_li</STRONG> (Thumb, 0 bytes, Stack size unknown bytes, __rtentry2.o(.ARM.Collect$$rtentry$$0000000A))
<BR><BR>[Calls]<UL><LI><a href="#[a0]">&gt;&gt;</a>&nbsp;&nbsp;&nbsp;__rt_lib_init
</UL>

<P><STRONG><a name="[10c]"></a>__rt_entry_postsh_1</STRONG> (Thumb, 0 bytes, Stack size unknown bytes, __rtentry2.o(.ARM.Collect$$rtentry$$00000009))

<P><STRONG><a name="[a1]"></a>__rt_entry_main</STRONG> (Thumb, 0 bytes, Stack size unknown bytes, __rtentry2.o(.ARM.Collect$$rtentry$$0000000D))
<BR><BR>[Stack]<UL><LI>Max Depth = 80 + Unknown Stack Size
<LI>Call Chain = __rt_entry_main &rArr; main &rArr; GLCD_ClearScreen &rArr; OUTLINED_FUNCTION_3 &rArr; GLCD_SetWindow
</UL>
<BR>[Calls]<UL><LI><a href="#[a3]">&gt;&gt;</a>&nbsp;&nbsp;&nbsp;exit
<LI><a href="#[a2]">&gt;&gt;</a>&nbsp;&nbsp;&nbsp;main
</UL>

<P><STRONG><a name="[10d]"></a>__rt_entry_postli_1</STRONG> (Thumb, 0 bytes, Stack size unknown bytes, __rtentry2.o(.ARM.Collect$$rtentry$$0000000C))

<P><STRONG><a name="[c4]"></a>__rt_exit</STRONG> (Thumb, 0 bytes, Stack size unknown bytes, rtexit.o(.ARM.Collect$$rtexit$$00000000))
<BR><BR>[Called By]<UL><LI><a href="#[a3]">&gt;&gt;</a>&nbsp;&nbsp;&nbsp;exit
</UL>

<P><STRONG><a name="[a4]"></a>__rt_exit_ls</STRONG> (Thumb, 0 bytes, Stack size unknown bytes, rtexit2.o(.ARM.Collect$$rtexit$$00000003))
<BR><BR>[Calls]<UL><LI><a href="#[a5]">&gt;&gt;</a>&nbsp;&nbsp;&nbsp;__rt_lib_shutdown
</UL>

<P><STRONG><a name="[10e]"></a>__rt_exit_prels_1</STRONG> (Thumb, 0 bytes, Stack size unknown bytes, rtexit2.o(.ARM.Collect$$rtexit$$00000002))

<P><STRONG><a name="[a6]"></a>__rt_exit_exit</STRONG> (Thumb, 0 bytes, Stack size unknown bytes, rtexit2.o(.ARM.Collect$$rtexit$$00000004))
<BR><BR>[Calls]<UL><LI><a href="#[a7]">&gt;&gt;</a>&nbsp;&nbsp;&nbsp;_sys_exit
</UL>

<P><STRONG><a name="[a8]"></a>__2printf</STRONG> (Thumb, 20 bytes, Stack size 24 bytes, noretval__2printf.o(.text))
<BR><BR>[Stack]<UL><LI>Max Depth = 128 + Unknown Stack Size
<LI>Call Chain = __2printf &rArr; _printf_char_file &rArr; _printf_char_common &rArr; __printf
</UL>
<BR>[Calls]<UL><LI><a href="#[a9]">&gt;&gt;</a>&nbsp;&nbsp;&nbsp;_printf_char_file
</UL>
<BR>[Called By]<UL><LI><a href="#[8b]">&gt;&gt;</a>&nbsp;&nbsp;&nbsp;__acle_se_Secure_printf
<LI><a href="#[a]">&gt;&gt;</a>&nbsp;&nbsp;&nbsp;SysTick_Handler
</UL>

<P><STRONG><a name="[aa]"></a>__printf</STRONG> (Thumb, 104 bytes, Stack size 24 bytes, __printf.o(.text))
<BR><BR>[Stack]<UL><LI>Max Depth = 24 + Unknown Stack Size
<LI>Call Chain = __printf
</UL>
<BR>[Calls]<UL><LI><a href="#[ab]">&gt;&gt;</a>&nbsp;&nbsp;&nbsp;_printf_percent
</UL>
<BR>[Called By]<UL><LI><a href="#[af]">&gt;&gt;</a>&nbsp;&nbsp;&nbsp;_printf_char_common
</UL>

<P><STRONG><a name="[ad]"></a>_printf_str</STRONG> (Thumb, 82 bytes, Stack size 16 bytes, _printf_str.o(.text))
<BR><BR>[Stack]<UL><LI>Max Depth = 16<LI>Call Chain = _printf_str
</UL>
<BR>[Called By]<UL><LI><a href="#[ac]">&gt;&gt;</a>&nbsp;&nbsp;&nbsp;_printf_cs_common
</UL>

<P><STRONG><a name="[b1]"></a>__aeabi_memclr4</STRONG> (Thumb, 0 bytes, Stack size unknown bytes, rt_memclr_w.o(.text))
<BR><BR>[Called By]<UL><LI><a href="#[b5]">&gt;&gt;</a>&nbsp;&nbsp;&nbsp;_fclose_internal
<LI><a href="#[c1]">&gt;&gt;</a>&nbsp;&nbsp;&nbsp;fopen
<LI><a href="#[9c]">&gt;&gt;</a>&nbsp;&nbsp;&nbsp;_initio
<LI><a href="#[7a]">&gt;&gt;</a>&nbsp;&nbsp;&nbsp;USART0_Initialize
</UL>

<P><STRONG><a name="[10f]"></a>__aeabi_memclr8</STRONG> (Thumb, 0 bytes, Stack size unknown bytes, rt_memclr_w.o(.text), UNUSED)

<P><STRONG><a name="[110]"></a>__rt_memclr_w</STRONG> (Thumb, 0 bytes, Stack size unknown bytes, rt_memclr_w.o(.text), UNUSED)

<P><STRONG><a name="[111]"></a>_memset_w</STRONG> (Thumb, 74 bytes, Stack size 4 bytes, rt_memclr_w.o(.text), UNUSED)

<P><STRONG><a name="[e0]"></a>strcmp</STRONG> (Thumb, 124 bytes, Stack size 8 bytes, strcmpv8m_maindsp.o(.text))
<BR><BR>[Stack]<UL><LI>Max Depth = 8<LI>Call Chain = strcmp
</UL>
<BR>[Called By]<UL><LI><a href="#[bf]">&gt;&gt;</a>&nbsp;&nbsp;&nbsp;_sys_open
</UL>

<P><STRONG><a name="[ac]"></a>_printf_cs_common</STRONG> (Thumb, 20 bytes, Stack size 8 bytes, _printf_char.o(.text))
<BR><BR>[Stack]<UL><LI>Max Depth = 24<LI>Call Chain = _printf_cs_common &rArr; _printf_str
</UL>
<BR>[Calls]<UL><LI><a href="#[ad]">&gt;&gt;</a>&nbsp;&nbsp;&nbsp;_printf_str
</UL>
<BR>[Called By]<UL><LI><a href="#[96]">&gt;&gt;</a>&nbsp;&nbsp;&nbsp;_printf_string
<LI><a href="#[ae]">&gt;&gt;</a>&nbsp;&nbsp;&nbsp;_printf_char
</UL>

<P><STRONG><a name="[ae]"></a>_printf_char</STRONG> (Thumb, 16 bytes, Stack size 0 bytes, _printf_char.o(.text), UNUSED)
<BR><BR>[Calls]<UL><LI><a href="#[ac]">&gt;&gt;</a>&nbsp;&nbsp;&nbsp;_printf_cs_common
</UL>

<P><STRONG><a name="[96]"></a>_printf_string</STRONG> (Thumb, 8 bytes, Stack size 0 bytes, _printf_char.o(.text))
<BR><BR>[Stack]<UL><LI>Max Depth = 24<LI>Call Chain = _printf_string &rArr; _printf_cs_common &rArr; _printf_str
</UL>
<BR>[Calls]<UL><LI><a href="#[ac]">&gt;&gt;</a>&nbsp;&nbsp;&nbsp;_printf_cs_common
</UL>
<BR>[Called By]<UL><LI><a href="#[95]">&gt;&gt;</a>&nbsp;&nbsp;&nbsp;_printf_s
</UL>

<P><STRONG><a name="[a9]"></a>_printf_char_file</STRONG> (Thumb, 32 bytes, Stack size 16 bytes, _printf_char_file.o(.text))
<BR><BR>[Stack]<UL><LI>Max Depth = 104 + Unknown Stack Size
<LI>Call Chain = _printf_char_file &rArr; _printf_char_common &rArr; __printf
</UL>
<BR>[Calls]<UL><LI><a href="#[b0]">&gt;&gt;</a>&nbsp;&nbsp;&nbsp;ferror
<LI><a href="#[af]">&gt;&gt;</a>&nbsp;&nbsp;&nbsp;_printf_char_common
</UL>
<BR>[Called By]<UL><LI><a href="#[a8]">&gt;&gt;</a>&nbsp;&nbsp;&nbsp;__2printf
</UL>

<P><STRONG><a name="[af]"></a>_printf_char_common</STRONG> (Thumb, 32 bytes, Stack size 64 bytes, _printf_char_common.o(.text))
<BR><BR>[Stack]<UL><LI>Max Depth = 88 + Unknown Stack Size
<LI>Call Chain = _printf_char_common &rArr; __printf
</UL>
<BR>[Calls]<UL><LI><a href="#[aa]">&gt;&gt;</a>&nbsp;&nbsp;&nbsp;__printf
</UL>
<BR>[Called By]<UL><LI><a href="#[a9]">&gt;&gt;</a>&nbsp;&nbsp;&nbsp;_printf_char_file
</UL>

<P><STRONG><a name="[b0]"></a>ferror</STRONG> (Thumb, 8 bytes, Stack size 0 bytes, ferror.o(.text))
<BR><BR>[Called By]<UL><LI><a href="#[a9]">&gt;&gt;</a>&nbsp;&nbsp;&nbsp;_printf_char_file
</UL>

<P><STRONG><a name="[9c]"></a>_initio</STRONG> (Thumb, 210 bytes, Stack size 8 bytes, initio.o(.text))
<BR><BR>[Stack]<UL><LI>Max Depth = 152 + Unknown Stack Size
<LI>Call Chain = _initio &rArr; freopen &rArr; _fclose_internal &rArr; _fflush &rArr; _writebuf &rArr; _sys_write &rArr; stdout_putchar
</UL>
<BR>[Calls]<UL><LI><a href="#[b3]">&gt;&gt;</a>&nbsp;&nbsp;&nbsp;__rt_SIGRTRED
<LI><a href="#[b2]">&gt;&gt;</a>&nbsp;&nbsp;&nbsp;freopen
<LI><a href="#[b4]">&gt;&gt;</a>&nbsp;&nbsp;&nbsp;setvbuf
<LI><a href="#[b1]">&gt;&gt;</a>&nbsp;&nbsp;&nbsp;__aeabi_memclr4
</UL>
<BR>[Called By]<UL><LI><a href="#[9b]">&gt;&gt;</a>&nbsp;&nbsp;&nbsp;__rt_lib_init_stdio_2
</UL>

<P><STRONG><a name="[9e]"></a>_terminateio</STRONG> (Thumb, 56 bytes, Stack size 16 bytes, initio.o(.text))
<BR><BR>[Stack]<UL><LI>Max Depth = 136 + Unknown Stack Size
<LI>Call Chain = _terminateio &rArr; _fclose_internal &rArr; _fflush &rArr; _writebuf &rArr; _sys_write &rArr; stdout_putchar
</UL>
<BR>[Calls]<UL><LI><a href="#[b5]">&gt;&gt;</a>&nbsp;&nbsp;&nbsp;_fclose_internal
<LI><a href="#[b6]">&gt;&gt;</a>&nbsp;&nbsp;&nbsp;free
</UL>
<BR>[Called By]<UL><LI><a href="#[9d]">&gt;&gt;</a>&nbsp;&nbsp;&nbsp;__rt_lib_shutdown_stdio_2
</UL>

<P><STRONG><a name="[b6]"></a>free</STRONG> (Thumb, 78 bytes, Stack size 16 bytes, h1_free.o(.text))
<BR><BR>[Stack]<UL><LI>Max Depth = 16<LI>Call Chain = free
</UL>
<BR>[Calls]<UL><LI><a href="#[b7]">&gt;&gt;</a>&nbsp;&nbsp;&nbsp;__rt_heap_descriptor
</UL>
<BR>[Called By]<UL><LI><a href="#[b5]">&gt;&gt;</a>&nbsp;&nbsp;&nbsp;_fclose_internal
<LI><a href="#[9e]">&gt;&gt;</a>&nbsp;&nbsp;&nbsp;_terminateio
<LI><a href="#[c8]">&gt;&gt;</a>&nbsp;&nbsp;&nbsp;__Heap_ProvideMemory
</UL>

<P><STRONG><a name="[b8]"></a>__flsbuf</STRONG> (Thumb, 470 bytes, Stack size 32 bytes, flsbuf.o(.text), UNUSED)
<BR><BR>[Calls]<UL><LI><a href="#[bc]">&gt;&gt;</a>&nbsp;&nbsp;&nbsp;_sys_istty
<LI><a href="#[bb]">&gt;&gt;</a>&nbsp;&nbsp;&nbsp;_sys_flen
<LI><a href="#[b9]">&gt;&gt;</a>&nbsp;&nbsp;&nbsp;_deferredlazyseek
<LI><a href="#[be]">&gt;&gt;</a>&nbsp;&nbsp;&nbsp;_writebuf
<LI><a href="#[ba]">&gt;&gt;</a>&nbsp;&nbsp;&nbsp;_seterr
<LI><a href="#[bd]">&gt;&gt;</a>&nbsp;&nbsp;&nbsp;malloc
</UL>

<P><STRONG><a name="[ea]"></a>__flsbuf_byte</STRONG> (Thumb, 0 bytes, Stack size 32 bytes, flsbuf.o(.text))
<BR><BR>[Stack]<UL><LI>Max Depth = 32<LI>Call Chain = __flsbuf_byte
</UL>
<BR>[Called By]<UL><LI><a href="#[71]">&gt;&gt;</a>&nbsp;&nbsp;&nbsp;fputc
</UL>

<P><STRONG><a name="[112]"></a>__flsbuf_wide</STRONG> (Thumb, 0 bytes, Stack size 32 bytes, flsbuf.o(.text), UNUSED)

<P><STRONG><a name="[b4]"></a>setvbuf</STRONG> (Thumb, 70 bytes, Stack size 16 bytes, setvbuf.o(.text))
<BR><BR>[Stack]<UL><LI>Max Depth = 16<LI>Call Chain = setvbuf
</UL>
<BR>[Called By]<UL><LI><a href="#[9c]">&gt;&gt;</a>&nbsp;&nbsp;&nbsp;_initio
</UL>

<P><STRONG><a name="[b2]"></a>freopen</STRONG> (Thumb, 160 bytes, Stack size 24 bytes, fopen.o(.text))
<BR><BR>[Stack]<UL><LI>Max Depth = 144 + Unknown Stack Size
<LI>Call Chain = freopen &rArr; _fclose_internal &rArr; _fflush &rArr; _writebuf &rArr; _sys_write &rArr; stdout_putchar
</UL>
<BR>[Calls]<UL><LI><a href="#[b5]">&gt;&gt;</a>&nbsp;&nbsp;&nbsp;_fclose_internal
<LI><a href="#[bf]">&gt;&gt;</a>&nbsp;&nbsp;&nbsp;_sys_open
<LI><a href="#[c0]">&gt;&gt;</a>&nbsp;&nbsp;&nbsp;_fseek
</UL>
<BR>[Called By]<UL><LI><a href="#[c1]">&gt;&gt;</a>&nbsp;&nbsp;&nbsp;fopen
<LI><a href="#[9c]">&gt;&gt;</a>&nbsp;&nbsp;&nbsp;_initio
</UL>

<P><STRONG><a name="[c1]"></a>fopen</STRONG> (Thumb, 74 bytes, Stack size 24 bytes, fopen.o(.text), UNUSED)
<BR><BR>[Calls]<UL><LI><a href="#[b2]">&gt;&gt;</a>&nbsp;&nbsp;&nbsp;freopen
<LI><a href="#[b1]">&gt;&gt;</a>&nbsp;&nbsp;&nbsp;__aeabi_memclr4
<LI><a href="#[bd]">&gt;&gt;</a>&nbsp;&nbsp;&nbsp;malloc
</UL>

<P><STRONG><a name="[b5]"></a>_fclose_internal</STRONG> (Thumb, 76 bytes, Stack size 32 bytes, fclose.o(.text))
<BR><BR>[Stack]<UL><LI>Max Depth = 120 + Unknown Stack Size
<LI>Call Chain = _fclose_internal &rArr; _fflush &rArr; _writebuf &rArr; _sys_write &rArr; stdout_putchar
</UL>
<BR>[Calls]<UL><LI><a href="#[b6]">&gt;&gt;</a>&nbsp;&nbsp;&nbsp;free
<LI><a href="#[b1]">&gt;&gt;</a>&nbsp;&nbsp;&nbsp;__aeabi_memclr4
<LI><a href="#[c3]">&gt;&gt;</a>&nbsp;&nbsp;&nbsp;_sys_close
<LI><a href="#[c2]">&gt;&gt;</a>&nbsp;&nbsp;&nbsp;_fflush
</UL>
<BR>[Called By]<UL><LI><a href="#[b2]">&gt;&gt;</a>&nbsp;&nbsp;&nbsp;freopen
<LI><a href="#[9e]">&gt;&gt;</a>&nbsp;&nbsp;&nbsp;_terminateio
</UL>

<P><STRONG><a name="[113]"></a>fclose</STRONG> (Thumb, 0 bytes, Stack size 32 bytes, fclose.o(.text), UNUSED)

<P><STRONG><a name="[a3]"></a>exit</STRONG> (Thumb, 18 bytes, Stack size 8 bytes, exit.o(.text))
<BR><BR>[Stack]<UL><LI>Max Depth = 8 + Unknown Stack Size
<LI>Call Chain = exit
</UL>
<BR>[Calls]<UL><LI><a href="#[c4]">&gt;&gt;</a>&nbsp;&nbsp;&nbsp;__rt_exit
</UL>
<BR>[Called By]<UL><LI><a href="#[a1]">&gt;&gt;</a>&nbsp;&nbsp;&nbsp;__rt_entry_main
</UL>

<P><STRONG><a name="[b3]"></a>__rt_SIGRTRED</STRONG> (Thumb, 14 bytes, Stack size 8 bytes, defsig_rtred_outer.o(.text))
<BR><BR>[Stack]<UL><LI>Max Depth = 40<LI>Call Chain = __rt_SIGRTRED &rArr; __rt_SIGRTRED_inner &rArr; __default_signal_display &rArr; _ttywrch
</UL>
<BR>[Calls]<UL><LI><a href="#[c5]">&gt;&gt;</a>&nbsp;&nbsp;&nbsp;__rt_SIGRTRED_inner
<LI><a href="#[c6]">&gt;&gt;</a>&nbsp;&nbsp;&nbsp;__sig_exit
</UL>
<BR>[Called By]<UL><LI><a href="#[9c]">&gt;&gt;</a>&nbsp;&nbsp;&nbsp;_initio
</UL>

<P><STRONG><a name="[b7]"></a>__rt_heap_descriptor</STRONG> (Thumb, 8 bytes, Stack size 0 bytes, rt_heap_descriptor_intlibspace.o(.text))
<BR><BR>[Called By]<UL><LI><a href="#[b6]">&gt;&gt;</a>&nbsp;&nbsp;&nbsp;free
<LI><a href="#[bd]">&gt;&gt;</a>&nbsp;&nbsp;&nbsp;malloc
<LI><a href="#[9a]">&gt;&gt;</a>&nbsp;&nbsp;&nbsp;_init_alloc
</UL>

<P><STRONG><a name="[114]"></a>__use_no_heap</STRONG> (Thumb, 2 bytes, Stack size 0 bytes, hguard.o(.text), UNUSED)

<P><STRONG><a name="[115]"></a>__heap$guard</STRONG> (Thumb, 2 bytes, Stack size 0 bytes, hguard.o(.text), UNUSED)

<P><STRONG><a name="[116]"></a>_terminate_user_alloc</STRONG> (Thumb, 2 bytes, Stack size 0 bytes, init_alloc.o(.text), UNUSED)

<P><STRONG><a name="[117]"></a>_init_user_alloc</STRONG> (Thumb, 2 bytes, Stack size 0 bytes, init_alloc.o(.text), UNUSED)

<P><STRONG><a name="[c7]"></a>__Heap_Full</STRONG> (Thumb, 34 bytes, Stack size 16 bytes, init_alloc.o(.text), UNUSED)
<BR><BR>[Calls]<UL><LI><a href="#[c8]">&gt;&gt;</a>&nbsp;&nbsp;&nbsp;__Heap_ProvideMemory
</UL>
<BR>[Called By]<UL><LI><a href="#[bd]">&gt;&gt;</a>&nbsp;&nbsp;&nbsp;malloc
</UL>

<P><STRONG><a name="[c9]"></a>__Heap_Broken</STRONG> (Thumb, 6 bytes, Stack size 0 bytes, init_alloc.o(.text), UNUSED)
<BR><BR>[Calls]<UL><LI><a href="#[ca]">&gt;&gt;</a>&nbsp;&nbsp;&nbsp;__rt_SIGRTMEM
</UL>

<P><STRONG><a name="[9a]"></a>_init_alloc</STRONG> (Thumb, 94 bytes, Stack size 24 bytes, init_alloc.o(.text))
<BR><BR>[Stack]<UL><LI>Max Depth = 64<LI>Call Chain = _init_alloc &rArr; __rt_SIGRTMEM &rArr; __rt_SIGRTMEM_inner &rArr; __default_signal_display &rArr; _ttywrch
</UL>
<BR>[Calls]<UL><LI><a href="#[ca]">&gt;&gt;</a>&nbsp;&nbsp;&nbsp;__rt_SIGRTMEM
<LI><a href="#[c8]">&gt;&gt;</a>&nbsp;&nbsp;&nbsp;__Heap_ProvideMemory
<LI><a href="#[cb]">&gt;&gt;</a>&nbsp;&nbsp;&nbsp;__Heap_Initialize
<LI><a href="#[b7]">&gt;&gt;</a>&nbsp;&nbsp;&nbsp;__rt_heap_descriptor
</UL>
<BR>[Called By]<UL><LI><a href="#[99]">&gt;&gt;</a>&nbsp;&nbsp;&nbsp;__rt_lib_init_heap_2
</UL>

<P><STRONG><a name="[bd]"></a>malloc</STRONG> (Thumb, 94 bytes, Stack size 16 bytes, h1_alloc.o(.text), UNUSED)
<BR><BR>[Calls]<UL><LI><a href="#[c7]">&gt;&gt;</a>&nbsp;&nbsp;&nbsp;__Heap_Full
<LI><a href="#[b7]">&gt;&gt;</a>&nbsp;&nbsp;&nbsp;__rt_heap_descriptor
</UL>
<BR>[Called By]<UL><LI><a href="#[c1]">&gt;&gt;</a>&nbsp;&nbsp;&nbsp;fopen
<LI><a href="#[b8]">&gt;&gt;</a>&nbsp;&nbsp;&nbsp;__flsbuf
</UL>

<P><STRONG><a name="[c0]"></a>_fseek</STRONG> (Thumb, 242 bytes, Stack size 24 bytes, fseek.o(.text))
<BR><BR>[Stack]<UL><LI>Max Depth = 32<LI>Call Chain = _fseek &rArr; _ftell_internal
</UL>
<BR>[Calls]<UL><LI><a href="#[bc]">&gt;&gt;</a>&nbsp;&nbsp;&nbsp;_sys_istty
<LI><a href="#[bb]">&gt;&gt;</a>&nbsp;&nbsp;&nbsp;_sys_flen
<LI><a href="#[cc]">&gt;&gt;</a>&nbsp;&nbsp;&nbsp;_ftell_internal
<LI><a href="#[ba]">&gt;&gt;</a>&nbsp;&nbsp;&nbsp;_seterr
</UL>
<BR>[Called By]<UL><LI><a href="#[b2]">&gt;&gt;</a>&nbsp;&nbsp;&nbsp;freopen
</UL>

<P><STRONG><a name="[118]"></a>fseek</STRONG> (Thumb, 0 bytes, Stack size 24 bytes, fseek.o(.text), UNUSED)

<P><STRONG><a name="[ba]"></a>_seterr</STRONG> (Thumb, 20 bytes, Stack size 0 bytes, stdio.o(.text))
<BR><BR>[Called By]<UL><LI><a href="#[b8]">&gt;&gt;</a>&nbsp;&nbsp;&nbsp;__flsbuf
<LI><a href="#[be]">&gt;&gt;</a>&nbsp;&nbsp;&nbsp;_writebuf
<LI><a href="#[c0]">&gt;&gt;</a>&nbsp;&nbsp;&nbsp;_fseek
</UL>

<P><STRONG><a name="[be]"></a>_writebuf</STRONG> (Thumb, 84 bytes, Stack size 32 bytes, stdio.o(.text))
<BR><BR>[Stack]<UL><LI>Max Depth = 72<LI>Call Chain = _writebuf &rArr; _sys_write &rArr; stdout_putchar
</UL>
<BR>[Calls]<UL><LI><a href="#[ce]">&gt;&gt;</a>&nbsp;&nbsp;&nbsp;_sys_write
<LI><a href="#[cd]">&gt;&gt;</a>&nbsp;&nbsp;&nbsp;_sys_seek
<LI><a href="#[ba]">&gt;&gt;</a>&nbsp;&nbsp;&nbsp;_seterr
</UL>
<BR>[Called By]<UL><LI><a href="#[b8]">&gt;&gt;</a>&nbsp;&nbsp;&nbsp;__flsbuf
<LI><a href="#[c2]">&gt;&gt;</a>&nbsp;&nbsp;&nbsp;_fflush
</UL>

<P><STRONG><a name="[c2]"></a>_fflush</STRONG> (Thumb, 70 bytes, Stack size 16 bytes, stdio.o(.text))
<BR><BR>[Stack]<UL><LI>Max Depth = 88<LI>Call Chain = _fflush &rArr; _writebuf &rArr; _sys_write &rArr; stdout_putchar
</UL>
<BR>[Calls]<UL><LI><a href="#[be]">&gt;&gt;</a>&nbsp;&nbsp;&nbsp;_writebuf
</UL>
<BR>[Called By]<UL><LI><a href="#[b5]">&gt;&gt;</a>&nbsp;&nbsp;&nbsp;_fclose_internal
<LI><a href="#[b9]">&gt;&gt;</a>&nbsp;&nbsp;&nbsp;_deferredlazyseek
</UL>

<P><STRONG><a name="[b9]"></a>_deferredlazyseek</STRONG> (Thumb, 60 bytes, Stack size 8 bytes, stdio.o(.text), UNUSED)
<BR><BR>[Calls]<UL><LI><a href="#[c2]">&gt;&gt;</a>&nbsp;&nbsp;&nbsp;_fflush
</UL>
<BR>[Called By]<UL><LI><a href="#[b8]">&gt;&gt;</a>&nbsp;&nbsp;&nbsp;__flsbuf
</UL>

<P><STRONG><a name="[c6]"></a>__sig_exit</STRONG> (Thumb, 10 bytes, Stack size 0 bytes, defsig_exit.o(.text))
<BR><BR>[Calls]<UL><LI><a href="#[a7]">&gt;&gt;</a>&nbsp;&nbsp;&nbsp;_sys_exit
</UL>
<BR>[Called By]<UL><LI><a href="#[b3]">&gt;&gt;</a>&nbsp;&nbsp;&nbsp;__rt_SIGRTRED
<LI><a href="#[ca]">&gt;&gt;</a>&nbsp;&nbsp;&nbsp;__rt_SIGRTMEM
</UL>

<P><STRONG><a name="[c5]"></a>__rt_SIGRTRED_inner</STRONG> (Thumb, 14 bytes, Stack size 8 bytes, defsig_rtred_inner.o(.text))
<BR><BR>[Stack]<UL><LI>Max Depth = 32<LI>Call Chain = __rt_SIGRTRED_inner &rArr; __default_signal_display &rArr; _ttywrch
</UL>
<BR>[Calls]<UL><LI><a href="#[cf]">&gt;&gt;</a>&nbsp;&nbsp;&nbsp;__default_signal_display
</UL>
<BR>[Called By]<UL><LI><a href="#[b3]">&gt;&gt;</a>&nbsp;&nbsp;&nbsp;__rt_SIGRTRED
</UL>

<P><STRONG><a name="[a7]"></a>_sys_exit</STRONG> (Thumb, 8 bytes, Stack size 0 bytes, sys_exit.o(.text))
<BR><BR>[Called By]<UL><LI><a href="#[a6]">&gt;&gt;</a>&nbsp;&nbsp;&nbsp;__rt_exit_exit
<LI><a href="#[c6]">&gt;&gt;</a>&nbsp;&nbsp;&nbsp;__sig_exit
</UL>

<P><STRONG><a name="[119]"></a>__I$use$semihosting</STRONG> (Thumb, 0 bytes, Stack size 0 bytes, use_no_semi.o(.text), UNUSED)

<P><STRONG><a name="[11a]"></a>__use_no_semihosting_swi</STRONG> (Thumb, 2 bytes, Stack size 0 bytes, use_no_semi.o(.text), UNUSED)

<P><STRONG><a name="[cb]"></a>__Heap_Initialize</STRONG> (Thumb, 10 bytes, Stack size 0 bytes, h1_init.o(.text))
<BR><BR>[Called By]<UL><LI><a href="#[9a]">&gt;&gt;</a>&nbsp;&nbsp;&nbsp;_init_alloc
</UL>

<P><STRONG><a name="[11b]"></a>__semihosting_library_function</STRONG> (Thumb, 0 bytes, Stack size 0 bytes, indicate_semi.o(.text), UNUSED)

<P><STRONG><a name="[11c]"></a>_maybe_terminate_alloc</STRONG> (Thumb, 0 bytes, Stack size 0 bytes, maybetermalloc1.o(.text), UNUSED)

<P><STRONG><a name="[11d]"></a>__Heap_DescSize</STRONG> (Thumb, 4 bytes, Stack size 0 bytes, h1_init.o(.text), UNUSED)

<P><STRONG><a name="[c8]"></a>__Heap_ProvideMemory</STRONG> (Thumb, 52 bytes, Stack size 0 bytes, h1_extend.o(.text))
<BR><BR>[Stack]<UL><LI>Max Depth = 16<LI>Call Chain = __Heap_ProvideMemory &rArr; free
</UL>
<BR>[Calls]<UL><LI><a href="#[b6]">&gt;&gt;</a>&nbsp;&nbsp;&nbsp;free
</UL>
<BR>[Called By]<UL><LI><a href="#[9a]">&gt;&gt;</a>&nbsp;&nbsp;&nbsp;_init_alloc
<LI><a href="#[c7]">&gt;&gt;</a>&nbsp;&nbsp;&nbsp;__Heap_Full
</UL>

<P><STRONG><a name="[cc]"></a>_ftell_internal</STRONG> (Thumb, 66 bytes, Stack size 8 bytes, ftell.o(.text))
<BR><BR>[Stack]<UL><LI>Max Depth = 8<LI>Call Chain = _ftell_internal
</UL>
<BR>[Calls]<UL><LI><a href="#[d0]">&gt;&gt;</a>&nbsp;&nbsp;&nbsp;__aeabi_errno_addr
</UL>
<BR>[Called By]<UL><LI><a href="#[c0]">&gt;&gt;</a>&nbsp;&nbsp;&nbsp;_fseek
</UL>

<P><STRONG><a name="[11e]"></a>ftell</STRONG> (Thumb, 0 bytes, Stack size 8 bytes, ftell.o(.text), UNUSED)

<P><STRONG><a name="[cf]"></a>__default_signal_display</STRONG> (Thumb, 50 bytes, Stack size 16 bytes, defsig_general.o(.text))
<BR><BR>[Stack]<UL><LI>Max Depth = 24<LI>Call Chain = __default_signal_display &rArr; _ttywrch
</UL>
<BR>[Calls]<UL><LI><a href="#[d1]">&gt;&gt;</a>&nbsp;&nbsp;&nbsp;_ttywrch
</UL>
<BR>[Called By]<UL><LI><a href="#[d2]">&gt;&gt;</a>&nbsp;&nbsp;&nbsp;__rt_SIGRTMEM_inner
<LI><a href="#[c5]">&gt;&gt;</a>&nbsp;&nbsp;&nbsp;__rt_SIGRTRED_inner
</UL>

<P><STRONG><a name="[ca]"></a>__rt_SIGRTMEM</STRONG> (Thumb, 14 bytes, Stack size 8 bytes, defsig_rtmem_outer.o(.text))
<BR><BR>[Stack]<UL><LI>Max Depth = 40<LI>Call Chain = __rt_SIGRTMEM &rArr; __rt_SIGRTMEM_inner &rArr; __default_signal_display &rArr; _ttywrch
</UL>
<BR>[Calls]<UL><LI><a href="#[d2]">&gt;&gt;</a>&nbsp;&nbsp;&nbsp;__rt_SIGRTMEM_inner
<LI><a href="#[c6]">&gt;&gt;</a>&nbsp;&nbsp;&nbsp;__sig_exit
</UL>
<BR>[Called By]<UL><LI><a href="#[9a]">&gt;&gt;</a>&nbsp;&nbsp;&nbsp;_init_alloc
<LI><a href="#[c9]">&gt;&gt;</a>&nbsp;&nbsp;&nbsp;__Heap_Broken
</UL>

<P><STRONG><a name="[d1]"></a>_ttywrch</STRONG> (Thumb, 14 bytes, Stack size 8 bytes, sys_wrch.o(.text))
<BR><BR>[Stack]<UL><LI>Max Depth = 8<LI>Call Chain = _ttywrch
</UL>
<BR>[Called By]<UL><LI><a href="#[cf]">&gt;&gt;</a>&nbsp;&nbsp;&nbsp;__default_signal_display
</UL>

<P><STRONG><a name="[d0]"></a>__aeabi_errno_addr</STRONG> (Thumb, 8 bytes, Stack size 0 bytes, rt_errno_addr_intlibspace.o(.text))
<BR><BR>[Called By]<UL><LI><a href="#[cc]">&gt;&gt;</a>&nbsp;&nbsp;&nbsp;_ftell_internal
</UL>

<P><STRONG><a name="[11f]"></a>__errno$intlibspace</STRONG> (Thumb, 0 bytes, Stack size 0 bytes, rt_errno_addr_intlibspace.o(.text), UNUSED)

<P><STRONG><a name="[120]"></a>__rt_errno_addr$intlibspace</STRONG> (Thumb, 0 bytes, Stack size 0 bytes, rt_errno_addr_intlibspace.o(.text), UNUSED)

<P><STRONG><a name="[d2]"></a>__rt_SIGRTMEM_inner</STRONG> (Thumb, 22 bytes, Stack size 8 bytes, defsig_rtmem_inner.o(.text))
<BR><BR>[Stack]<UL><LI>Max Depth = 32<LI>Call Chain = __rt_SIGRTMEM_inner &rArr; __default_signal_display &rArr; _ttywrch
</UL>
<BR>[Calls]<UL><LI><a href="#[cf]">&gt;&gt;</a>&nbsp;&nbsp;&nbsp;__default_signal_display
</UL>
<BR>[Called By]<UL><LI><a href="#[ca]">&gt;&gt;</a>&nbsp;&nbsp;&nbsp;__rt_SIGRTMEM
</UL>

<P><STRONG><a name="[14]"></a>BRIDGE_ERROR_Handler</STRONG> (Thumb, 2 bytes, Stack size 0 bytes, startup_iotkit_cm33.o(.text.Default_Handler))
<BR><BR>[Calls]<UL><LI><a href="#[14]">&gt;&gt;</a>&nbsp;&nbsp;&nbsp;BRIDGE_ERROR_Handler
</UL>
<BR>[Called By]<UL><LI><a href="#[14]">&gt;&gt;</a>&nbsp;&nbsp;&nbsp;BRIDGE_ERROR_Handler
</UL>
<BR>[Address Reference Count : 1]<UL><LI> startup_iotkit_cm33.o(RESET)
</UL>
<P><STRONG><a name="[4]"></a>BusFault_Handler</STRONG> (Thumb, 2 bytes, Stack size 0 bytes, startup_iotkit_cm33.o(.text.Default_Handler))
<BR>[Address Reference Count : 1]<UL><LI> startup_iotkit_cm33.o(RESET)
</UL>
<P><STRONG><a name="[2d]"></a>DMA0_ERROR_Handler</STRONG> (Thumb, 2 bytes, Stack size 0 bytes, startup_iotkit_cm33.o(.text.Default_Handler))
<BR>[Address Reference Count : 1]<UL><LI> startup_iotkit_cm33.o(RESET)
</UL>
<P><STRONG><a name="[2f]"></a>DMA0_Handler</STRONG> (Thumb, 2 bytes, Stack size 0 bytes, startup_iotkit_cm33.o(.text.Default_Handler))
<BR>[Address Reference Count : 1]<UL><LI> startup_iotkit_cm33.o(RESET)
</UL>
<P><STRONG><a name="[2e]"></a>DMA0_TC_Handler</STRONG> (Thumb, 2 bytes, Stack size 0 bytes, startup_iotkit_cm33.o(.text.Default_Handler))
<BR>[Address Reference Count : 1]<UL><LI> startup_iotkit_cm33.o(RESET)
</UL>
<P><STRONG><a name="[30]"></a>DMA1_ERROR_Handler</STRONG> (Thumb, 2 bytes, Stack size 0 bytes, startup_iotkit_cm33.o(.text.Default_Handler))
<BR>[Address Reference Count : 1]<UL><LI> startup_iotkit_cm33.o(RESET)
</UL>
<P><STRONG><a name="[32]"></a>DMA1_Handler</STRONG> (Thumb, 2 bytes, Stack size 0 bytes, startup_iotkit_cm33.o(.text.Default_Handler))
<BR>[Address Reference Count : 1]<UL><LI> startup_iotkit_cm33.o(RESET)
</UL>
<P><STRONG><a name="[31]"></a>DMA1_TC_Handler</STRONG> (Thumb, 2 bytes, Stack size 0 bytes, startup_iotkit_cm33.o(.text.Default_Handler))
<BR>[Address Reference Count : 1]<UL><LI> startup_iotkit_cm33.o(RESET)
</UL>
<P><STRONG><a name="[33]"></a>DMA2_ERROR_Handler</STRONG> (Thumb, 2 bytes, Stack size 0 bytes, startup_iotkit_cm33.o(.text.Default_Handler))
<BR>[Address Reference Count : 1]<UL><LI> startup_iotkit_cm33.o(RESET)
</UL>
<P><STRONG><a name="[35]"></a>DMA2_Handler</STRONG> (Thumb, 2 bytes, Stack size 0 bytes, startup_iotkit_cm33.o(.text.Default_Handler))
<BR>[Address Reference Count : 1]<UL><LI> startup_iotkit_cm33.o(RESET)
</UL>
<P><STRONG><a name="[34]"></a>DMA2_TC_Handler</STRONG> (Thumb, 2 bytes, Stack size 0 bytes, startup_iotkit_cm33.o(.text.Default_Handler))
<BR>[Address Reference Count : 1]<UL><LI> startup_iotkit_cm33.o(RESET)
</UL>
<P><STRONG><a name="[36]"></a>DMA3_ERROR_Handler</STRONG> (Thumb, 2 bytes, Stack size 0 bytes, startup_iotkit_cm33.o(.text.Default_Handler))
<BR>[Address Reference Count : 1]<UL><LI> startup_iotkit_cm33.o(RESET)
</UL>
<P><STRONG><a name="[38]"></a>DMA3_Handler</STRONG> (Thumb, 2 bytes, Stack size 0 bytes, startup_iotkit_cm33.o(.text.Default_Handler))
<BR>[Address Reference Count : 1]<UL><LI> startup_iotkit_cm33.o(RESET)
</UL>
<P><STRONG><a name="[37]"></a>DMA3_TC_Handler</STRONG> (Thumb, 2 bytes, Stack size 0 bytes, startup_iotkit_cm33.o(.text.Default_Handler))
<BR>[Address Reference Count : 1]<UL><LI> startup_iotkit_cm33.o(RESET)
</UL>
<P><STRONG><a name="[10]"></a>DUALTIMER_Handler</STRONG> (Thumb, 2 bytes, Stack size 0 bytes, startup_iotkit_cm33.o(.text.Default_Handler))
<BR>[Address Reference Count : 1]<UL><LI> startup_iotkit_cm33.o(RESET)
</UL>
<P><STRONG><a name="[8]"></a>DebugMon_Handler</STRONG> (Thumb, 2 bytes, Stack size 0 bytes, startup_iotkit_cm33.o(.text.Default_Handler))
<BR>[Address Reference Count : 1]<UL><LI> startup_iotkit_cm33.o(RESET)
</UL>
<P><STRONG><a name="[121]"></a>Default_Handler</STRONG> (Thumb, 2 bytes, Stack size 0 bytes, startup_iotkit_cm33.o(.text.Default_Handler), UNUSED)

<P><STRONG><a name="[25]"></a>ETHERNET_Handler</STRONG> (Thumb, 2 bytes, Stack size 0 bytes, startup_iotkit_cm33.o(.text.Default_Handler))
<BR>[Address Reference Count : 1]<UL><LI> startup_iotkit_cm33.o(RESET)
</UL>
<P><STRONG><a name="[3d]"></a>GPIO0_0_Handler</STRONG> (Thumb, 2 bytes, Stack size 0 bytes, startup_iotkit_cm33.o(.text.Default_Handler))
<BR>[Address Reference Count : 1]<UL><LI> startup_iotkit_cm33.o(RESET)
</UL>
<P><STRONG><a name="[47]"></a>GPIO0_10_Handler</STRONG> (Thumb, 2 bytes, Stack size 0 bytes, startup_iotkit_cm33.o(.text.Default_Handler))
<BR>[Address Reference Count : 1]<UL><LI> startup_iotkit_cm33.o(RESET)
</UL>
<P><STRONG><a name="[48]"></a>GPIO0_11_Handler</STRONG> (Thumb, 2 bytes, Stack size 0 bytes, startup_iotkit_cm33.o(.text.Default_Handler))
<BR>[Address Reference Count : 1]<UL><LI> startup_iotkit_cm33.o(RESET)
</UL>
<P><STRONG><a name="[49]"></a>GPIO0_12_Handler</STRONG> (Thumb, 2 bytes, Stack size 0 bytes, startup_iotkit_cm33.o(.text.Default_Handler))
<BR>[Address Reference Count : 1]<UL><LI> startup_iotkit_cm33.o(RESET)
</UL>
<P><STRONG><a name="[4a]"></a>GPIO0_13_Handler</STRONG> (Thumb, 2 bytes, Stack size 0 bytes, startup_iotkit_cm33.o(.text.Default_Handler))
<BR>[Address Reference Count : 1]<UL><LI> startup_iotkit_cm33.o(RESET)
</UL>
<P><STRONG><a name="[4b]"></a>GPIO0_14_Handler</STRONG> (Thumb, 2 bytes, Stack size 0 bytes, startup_iotkit_cm33.o(.text.Default_Handler))
<BR>[Address Reference Count : 1]<UL><LI> startup_iotkit_cm33.o(RESET)
</UL>
<P><STRONG><a name="[4c]"></a>GPIO0_15_Handler</STRONG> (Thumb, 2 bytes, Stack size 0 bytes, startup_iotkit_cm33.o(.text.Default_Handler))
<BR>[Address Reference Count : 1]<UL><LI> startup_iotkit_cm33.o(RESET)
</UL>
<P><STRONG><a name="[3e]"></a>GPIO0_1_Handler</STRONG> (Thumb, 2 bytes, Stack size 0 bytes, startup_iotkit_cm33.o(.text.Default_Handler))
<BR>[Address Reference Count : 1]<UL><LI> startup_iotkit_cm33.o(RESET)
</UL>
<P><STRONG><a name="[3f]"></a>GPIO0_2_Handler</STRONG> (Thumb, 2 bytes, Stack size 0 bytes, startup_iotkit_cm33.o(.text.Default_Handler))
<BR>[Address Reference Count : 1]<UL><LI> startup_iotkit_cm33.o(RESET)
</UL>
<P><STRONG><a name="[40]"></a>GPIO0_3_Handler</STRONG> (Thumb, 2 bytes, Stack size 0 bytes, startup_iotkit_cm33.o(.text.Default_Handler))
<BR>[Address Reference Count : 1]<UL><LI> startup_iotkit_cm33.o(RESET)
</UL>
<P><STRONG><a name="[41]"></a>GPIO0_4_Handler</STRONG> (Thumb, 2 bytes, Stack size 0 bytes, startup_iotkit_cm33.o(.text.Default_Handler))
<BR>[Address Reference Count : 1]<UL><LI> startup_iotkit_cm33.o(RESET)
</UL>
<P><STRONG><a name="[42]"></a>GPIO0_5_Handler</STRONG> (Thumb, 2 bytes, Stack size 0 bytes, startup_iotkit_cm33.o(.text.Default_Handler))
<BR>[Address Reference Count : 1]<UL><LI> startup_iotkit_cm33.o(RESET)
</UL>
<P><STRONG><a name="[43]"></a>GPIO0_6_Handler</STRONG> (Thumb, 2 bytes, Stack size 0 bytes, startup_iotkit_cm33.o(.text.Default_Handler))
<BR>[Address Reference Count : 1]<UL><LI> startup_iotkit_cm33.o(RESET)
</UL>
<P><STRONG><a name="[44]"></a>GPIO0_7_Handler</STRONG> (Thumb, 2 bytes, Stack size 0 bytes, startup_iotkit_cm33.o(.text.Default_Handler))
<BR>[Address Reference Count : 1]<UL><LI> startup_iotkit_cm33.o(RESET)
</UL>
<P><STRONG><a name="[45]"></a>GPIO0_8_Handler</STRONG> (Thumb, 2 bytes, Stack size 0 bytes, startup_iotkit_cm33.o(.text.Default_Handler))
<BR>[Address Reference Count : 1]<UL><LI> startup_iotkit_cm33.o(RESET)
</UL>
<P><STRONG><a name="[46]"></a>GPIO0_9_Handler</STRONG> (Thumb, 2 bytes, Stack size 0 bytes, startup_iotkit_cm33.o(.text.Default_Handler))
<BR>[Address Reference Count : 1]<UL><LI> startup_iotkit_cm33.o(RESET)
</UL>
<P><STRONG><a name="[39]"></a>GPIO0_Handler</STRONG> (Thumb, 2 bytes, Stack size 0 bytes, startup_iotkit_cm33.o(.text.Default_Handler))
<BR>[Address Reference Count : 1]<UL><LI> startup_iotkit_cm33.o(RESET)
</UL>
<P><STRONG><a name="[4d]"></a>GPIO1_0_Handler</STRONG> (Thumb, 2 bytes, Stack size 0 bytes, startup_iotkit_cm33.o(.text.Default_Handler))
<BR>[Address Reference Count : 1]<UL><LI> startup_iotkit_cm33.o(RESET)
</UL>
<P><STRONG><a name="[57]"></a>GPIO1_10_Handler</STRONG> (Thumb, 2 bytes, Stack size 0 bytes, startup_iotkit_cm33.o(.text.Default_Handler))
<BR>[Address Reference Count : 1]<UL><LI> startup_iotkit_cm33.o(RESET)
</UL>
<P><STRONG><a name="[58]"></a>GPIO1_11_Handler</STRONG> (Thumb, 2 bytes, Stack size 0 bytes, startup_iotkit_cm33.o(.text.Default_Handler))
<BR>[Address Reference Count : 1]<UL><LI> startup_iotkit_cm33.o(RESET)
</UL>
<P><STRONG><a name="[59]"></a>GPIO1_12_Handler</STRONG> (Thumb, 2 bytes, Stack size 0 bytes, startup_iotkit_cm33.o(.text.Default_Handler))
<BR>[Address Reference Count : 1]<UL><LI> startup_iotkit_cm33.o(RESET)
</UL>
<P><STRONG><a name="[5a]"></a>GPIO1_13_Handler</STRONG> (Thumb, 2 bytes, Stack size 0 bytes, startup_iotkit_cm33.o(.text.Default_Handler))
<BR>[Address Reference Count : 1]<UL><LI> startup_iotkit_cm33.o(RESET)
</UL>
<P><STRONG><a name="[5b]"></a>GPIO1_14_Handler</STRONG> (Thumb, 2 bytes, Stack size 0 bytes, startup_iotkit_cm33.o(.text.Default_Handler))
<BR>[Address Reference Count : 1]<UL><LI> startup_iotkit_cm33.o(RESET)
</UL>
<P><STRONG><a name="[5c]"></a>GPIO1_15_Handler</STRONG> (Thumb, 2 bytes, Stack size 0 bytes, startup_iotkit_cm33.o(.text.Default_Handler))
<BR>[Address Reference Count : 1]<UL><LI> startup_iotkit_cm33.o(RESET)
</UL>
<P><STRONG><a name="[4e]"></a>GPIO1_1_Handler</STRONG> (Thumb, 2 bytes, Stack size 0 bytes, startup_iotkit_cm33.o(.text.Default_Handler))
<BR>[Address Reference Count : 1]<UL><LI> startup_iotkit_cm33.o(RESET)
</UL>
<P><STRONG><a name="[4f]"></a>GPIO1_2_Handler</STRONG> (Thumb, 2 bytes, Stack size 0 bytes, startup_iotkit_cm33.o(.text.Default_Handler))
<BR>[Address Reference Count : 1]<UL><LI> startup_iotkit_cm33.o(RESET)
</UL>
<P><STRONG><a name="[50]"></a>GPIO1_3_Handler</STRONG> (Thumb, 2 bytes, Stack size 0 bytes, startup_iotkit_cm33.o(.text.Default_Handler))
<BR>[Address Reference Count : 1]<UL><LI> startup_iotkit_cm33.o(RESET)
</UL>
<P><STRONG><a name="[51]"></a>GPIO1_4_Handler</STRONG> (Thumb, 2 bytes, Stack size 0 bytes, startup_iotkit_cm33.o(.text.Default_Handler))
<BR>[Address Reference Count : 1]<UL><LI> startup_iotkit_cm33.o(RESET)
</UL>
<P><STRONG><a name="[52]"></a>GPIO1_5_Handler</STRONG> (Thumb, 2 bytes, Stack size 0 bytes, startup_iotkit_cm33.o(.text.Default_Handler))
<BR>[Address Reference Count : 1]<UL><LI> startup_iotkit_cm33.o(RESET)
</UL>
<P><STRONG><a name="[53]"></a>GPIO1_6_Handler</STRONG> (Thumb, 2 bytes, Stack size 0 bytes, startup_iotkit_cm33.o(.text.Default_Handler))
<BR>[Address Reference Count : 1]<UL><LI> startup_iotkit_cm33.o(RESET)
</UL>
<P><STRONG><a name="[54]"></a>GPIO1_7_Handler</STRONG> (Thumb, 2 bytes, Stack size 0 bytes, startup_iotkit_cm33.o(.text.Default_Handler))
<BR>[Address Reference Count : 1]<UL><LI> startup_iotkit_cm33.o(RESET)
</UL>
<P><STRONG><a name="[55]"></a>GPIO1_8_Handler</STRONG> (Thumb, 2 bytes, Stack size 0 bytes, startup_iotkit_cm33.o(.text.Default_Handler))
<BR>[Address Reference Count : 1]<UL><LI> startup_iotkit_cm33.o(RESET)
</UL>
<P><STRONG><a name="[56]"></a>GPIO1_9_Handler</STRONG> (Thumb, 2 bytes, Stack size 0 bytes, startup_iotkit_cm33.o(.text.Default_Handler))
<BR>[Address Reference Count : 1]<UL><LI> startup_iotkit_cm33.o(RESET)
</UL>
<P><STRONG><a name="[3a]"></a>GPIO1_Handler</STRONG> (Thumb, 2 bytes, Stack size 0 bytes, startup_iotkit_cm33.o(.text.Default_Handler))
<BR>[Address Reference Count : 1]<UL><LI> startup_iotkit_cm33.o(RESET)
</UL>
<P><STRONG><a name="[5d]"></a>GPIO2_0_Handler</STRONG> (Thumb, 2 bytes, Stack size 0 bytes, startup_iotkit_cm33.o(.text.Default_Handler))
<BR>[Address Reference Count : 1]<UL><LI> startup_iotkit_cm33.o(RESET)
</UL>
<P><STRONG><a name="[67]"></a>GPIO2_10_Handler</STRONG> (Thumb, 2 bytes, Stack size 0 bytes, startup_iotkit_cm33.o(.text.Default_Handler))
<BR>[Address Reference Count : 1]<UL><LI> startup_iotkit_cm33.o(RESET)
</UL>
<P><STRONG><a name="[68]"></a>GPIO2_11_Handler</STRONG> (Thumb, 2 bytes, Stack size 0 bytes, startup_iotkit_cm33.o(.text.Default_Handler))
<BR>[Address Reference Count : 1]<UL><LI> startup_iotkit_cm33.o(RESET)
</UL>
<P><STRONG><a name="[69]"></a>GPIO2_12_Handler</STRONG> (Thumb, 2 bytes, Stack size 0 bytes, startup_iotkit_cm33.o(.text.Default_Handler))
<BR>[Address Reference Count : 1]<UL><LI> startup_iotkit_cm33.o(RESET)
</UL>
<P><STRONG><a name="[6a]"></a>GPIO2_13_Handler</STRONG> (Thumb, 2 bytes, Stack size 0 bytes, startup_iotkit_cm33.o(.text.Default_Handler))
<BR>[Address Reference Count : 1]<UL><LI> startup_iotkit_cm33.o(RESET)
</UL>
<P><STRONG><a name="[6b]"></a>GPIO2_14_Handler</STRONG> (Thumb, 2 bytes, Stack size 0 bytes, startup_iotkit_cm33.o(.text.Default_Handler))
<BR>[Address Reference Count : 1]<UL><LI> startup_iotkit_cm33.o(RESET)
</UL>
<P><STRONG><a name="[6c]"></a>GPIO2_15_Handler</STRONG> (Thumb, 2 bytes, Stack size 0 bytes, startup_iotkit_cm33.o(.text.Default_Handler))
<BR>[Address Reference Count : 1]<UL><LI> startup_iotkit_cm33.o(RESET)
</UL>
<P><STRONG><a name="[5e]"></a>GPIO2_1_Handler</STRONG> (Thumb, 2 bytes, Stack size 0 bytes, startup_iotkit_cm33.o(.text.Default_Handler))
<BR>[Address Reference Count : 1]<UL><LI> startup_iotkit_cm33.o(RESET)
</UL>
<P><STRONG><a name="[5f]"></a>GPIO2_2_Handler</STRONG> (Thumb, 2 bytes, Stack size 0 bytes, startup_iotkit_cm33.o(.text.Default_Handler))
<BR>[Address Reference Count : 1]<UL><LI> startup_iotkit_cm33.o(RESET)
</UL>
<P><STRONG><a name="[60]"></a>GPIO2_3_Handler</STRONG> (Thumb, 2 bytes, Stack size 0 bytes, startup_iotkit_cm33.o(.text.Default_Handler))
<BR>[Address Reference Count : 1]<UL><LI> startup_iotkit_cm33.o(RESET)
</UL>
<P><STRONG><a name="[61]"></a>GPIO2_4_Handler</STRONG> (Thumb, 2 bytes, Stack size 0 bytes, startup_iotkit_cm33.o(.text.Default_Handler))
<BR>[Address Reference Count : 1]<UL><LI> startup_iotkit_cm33.o(RESET)
</UL>
<P><STRONG><a name="[62]"></a>GPIO2_5_Handler</STRONG> (Thumb, 2 bytes, Stack size 0 bytes, startup_iotkit_cm33.o(.text.Default_Handler))
<BR>[Address Reference Count : 1]<UL><LI> startup_iotkit_cm33.o(RESET)
</UL>
<P><STRONG><a name="[63]"></a>GPIO2_6_Handler</STRONG> (Thumb, 2 bytes, Stack size 0 bytes, startup_iotkit_cm33.o(.text.Default_Handler))
<BR>[Address Reference Count : 1]<UL><LI> startup_iotkit_cm33.o(RESET)
</UL>
<P><STRONG><a name="[64]"></a>GPIO2_7_Handler</STRONG> (Thumb, 2 bytes, Stack size 0 bytes, startup_iotkit_cm33.o(.text.Default_Handler))
<BR>[Address Reference Count : 1]<UL><LI> startup_iotkit_cm33.o(RESET)
</UL>
<P><STRONG><a name="[65]"></a>GPIO2_8_Handler</STRONG> (Thumb, 2 bytes, Stack size 0 bytes, startup_iotkit_cm33.o(.text.Default_Handler))
<BR>[Address Reference Count : 1]<UL><LI> startup_iotkit_cm33.o(RESET)
</UL>
<P><STRONG><a name="[66]"></a>GPIO2_9_Handler</STRONG> (Thumb, 2 bytes, Stack size 0 bytes, startup_iotkit_cm33.o(.text.Default_Handler))
<BR>[Address Reference Count : 1]<UL><LI> startup_iotkit_cm33.o(RESET)
</UL>
<P><STRONG><a name="[3b]"></a>GPIO2_Handler</STRONG> (Thumb, 2 bytes, Stack size 0 bytes, startup_iotkit_cm33.o(.text.Default_Handler))
<BR>[Address Reference Count : 1]<UL><LI> startup_iotkit_cm33.o(RESET)
</UL>
<P><STRONG><a name="[6d]"></a>GPIO3_0_Handler</STRONG> (Thumb, 2 bytes, Stack size 0 bytes, startup_iotkit_cm33.o(.text.Default_Handler))
<BR>[Address Reference Count : 1]<UL><LI> startup_iotkit_cm33.o(RESET)
</UL>
<P><STRONG><a name="[6e]"></a>GPIO3_1_Handler</STRONG> (Thumb, 2 bytes, Stack size 0 bytes, startup_iotkit_cm33.o(.text.Default_Handler))
<BR>[Address Reference Count : 1]<UL><LI> startup_iotkit_cm33.o(RESET)
</UL>
<P><STRONG><a name="[6f]"></a>GPIO3_2_Handler</STRONG> (Thumb, 2 bytes, Stack size 0 bytes, startup_iotkit_cm33.o(.text.Default_Handler))
<BR>[Address Reference Count : 1]<UL><LI> startup_iotkit_cm33.o(RESET)
</UL>
<P><STRONG><a name="[70]"></a>GPIO3_3_Handler</STRONG> (Thumb, 2 bytes, Stack size 0 bytes, startup_iotkit_cm33.o(.text.Default_Handler))
<BR>[Address Reference Count : 1]<UL><LI> startup_iotkit_cm33.o(RESET)
</UL>
<P><STRONG><a name="[3c]"></a>GPIO3_Handler</STRONG> (Thumb, 2 bytes, Stack size 0 bytes, startup_iotkit_cm33.o(.text.Default_Handler))
<BR>[Address Reference Count : 1]<UL><LI> startup_iotkit_cm33.o(RESET)
</UL>
<P><STRONG><a name="[26]"></a>I2S_Handler</STRONG> (Thumb, 2 bytes, Stack size 0 bytes, startup_iotkit_cm33.o(.text.Default_Handler))
<BR>[Address Reference Count : 1]<UL><LI> startup_iotkit_cm33.o(RESET)
</UL>
<P><STRONG><a name="[11]"></a>MPC_Handler</STRONG> (Thumb, 2 bytes, Stack size 0 bytes, startup_iotkit_cm33.o(.text.Default_Handler))
<BR>[Address Reference Count : 1]<UL><LI> startup_iotkit_cm33.o(RESET)
</UL>
<P><STRONG><a name="[13]"></a>MSC_Handler</STRONG> (Thumb, 2 bytes, Stack size 0 bytes, startup_iotkit_cm33.o(.text.Default_Handler))
<BR>[Address Reference Count : 1]<UL><LI> startup_iotkit_cm33.o(RESET)
</UL>
<P><STRONG><a name="[3]"></a>MemManage_Handler</STRONG> (Thumb, 2 bytes, Stack size 0 bytes, startup_iotkit_cm33.o(.text.Default_Handler))
<BR>[Address Reference Count : 1]<UL><LI> startup_iotkit_cm33.o(RESET)
</UL>
<P><STRONG><a name="[1]"></a>NMI_Handler</STRONG> (Thumb, 2 bytes, Stack size 0 bytes, startup_iotkit_cm33.o(.text.Default_Handler))
<BR>[Address Reference Count : 1]<UL><LI> startup_iotkit_cm33.o(RESET)
</UL>
<P><STRONG><a name="[c]"></a>NONSEC_WATCHDOG_Handler</STRONG> (Thumb, 2 bytes, Stack size 0 bytes, startup_iotkit_cm33.o(.text.Default_Handler))
<BR>[Address Reference Count : 1]<UL><LI> startup_iotkit_cm33.o(RESET)
</UL>
<P><STRONG><a name="[b]"></a>NONSEC_WATCHDOG_RESET_Handler</STRONG> (Thumb, 2 bytes, Stack size 0 bytes, startup_iotkit_cm33.o(.text.Default_Handler))
<BR>[Address Reference Count : 1]<UL><LI> startup_iotkit_cm33.o(RESET)
</UL>
<P><STRONG><a name="[12]"></a>PPC_Handler</STRONG> (Thumb, 2 bytes, Stack size 0 bytes, startup_iotkit_cm33.o(.text.Default_Handler))
<BR>[Address Reference Count : 1]<UL><LI> startup_iotkit_cm33.o(RESET)
</UL>
<P><STRONG><a name="[9]"></a>PendSV_Handler</STRONG> (Thumb, 2 bytes, Stack size 0 bytes, startup_iotkit_cm33.o(.text.Default_Handler))
<BR>[Address Reference Count : 1]<UL><LI> startup_iotkit_cm33.o(RESET)
</UL>
<P><STRONG><a name="[d]"></a>S32K_TIMER_Handler</STRONG> (Thumb, 2 bytes, Stack size 0 bytes, startup_iotkit_cm33.o(.text.Default_Handler))
<BR>[Address Reference Count : 1]<UL><LI> startup_iotkit_cm33.o(RESET)
</UL>
<P><STRONG><a name="[28]"></a>SPI0_Handler</STRONG> (Thumb, 2 bytes, Stack size 0 bytes, startup_iotkit_cm33.o(.text.Default_Handler))
<BR>[Address Reference Count : 1]<UL><LI> startup_iotkit_cm33.o(RESET)
</UL>
<P><STRONG><a name="[29]"></a>SPI1_Handler</STRONG> (Thumb, 2 bytes, Stack size 0 bytes, startup_iotkit_cm33.o(.text.Default_Handler))
<BR>[Address Reference Count : 1]<UL><LI> startup_iotkit_cm33.o(RESET)
</UL>
<P><STRONG><a name="[2a]"></a>SPI2_Handler</STRONG> (Thumb, 2 bytes, Stack size 0 bytes, startup_iotkit_cm33.o(.text.Default_Handler))
<BR>[Address Reference Count : 1]<UL><LI> startup_iotkit_cm33.o(RESET)
</UL>
<P><STRONG><a name="[2b]"></a>SPI3_Handler</STRONG> (Thumb, 2 bytes, Stack size 0 bytes, startup_iotkit_cm33.o(.text.Default_Handler))
<BR>[Address Reference Count : 1]<UL><LI> startup_iotkit_cm33.o(RESET)
</UL>
<P><STRONG><a name="[2c]"></a>SPI4_Handler</STRONG> (Thumb, 2 bytes, Stack size 0 bytes, startup_iotkit_cm33.o(.text.Default_Handler))
<BR>[Address Reference Count : 1]<UL><LI> startup_iotkit_cm33.o(RESET)
</UL>
<P><STRONG><a name="[7]"></a>SVC_Handler</STRONG> (Thumb, 2 bytes, Stack size 0 bytes, startup_iotkit_cm33.o(.text.Default_Handler))
<BR>[Address Reference Count : 1]<UL><LI> startup_iotkit_cm33.o(RESET)
</UL>
<P><STRONG><a name="[6]"></a>SecureFault_Handler</STRONG> (Thumb, 2 bytes, Stack size 0 bytes, startup_iotkit_cm33.o(.text.Default_Handler))
<BR>[Address Reference Count : 1]<UL><LI> startup_iotkit_cm33.o(RESET)
</UL>
<P><STRONG><a name="[e]"></a>TIMER0_Handler</STRONG> (Thumb, 2 bytes, Stack size 0 bytes, startup_iotkit_cm33.o(.text.Default_Handler))
<BR>[Address Reference Count : 1]<UL><LI> startup_iotkit_cm33.o(RESET)
</UL>
<P><STRONG><a name="[f]"></a>TIMER1_Handler</STRONG> (Thumb, 2 bytes, Stack size 0 bytes, startup_iotkit_cm33.o(.text.Default_Handler))
<BR>[Address Reference Count : 1]<UL><LI> startup_iotkit_cm33.o(RESET)
</UL>
<P><STRONG><a name="[27]"></a>TSC_Handler</STRONG> (Thumb, 2 bytes, Stack size 0 bytes, startup_iotkit_cm33.o(.text.Default_Handler))
<BR>[Address Reference Count : 1]<UL><LI> startup_iotkit_cm33.o(RESET)
</UL>
<P><STRONG><a name="[1f]"></a>UART0_Handler</STRONG> (Thumb, 2 bytes, Stack size 0 bytes, startup_iotkit_cm33.o(.text.Default_Handler))
<BR>[Address Reference Count : 1]<UL><LI> startup_iotkit_cm33.o(RESET)
</UL>
<P><STRONG><a name="[17]"></a>UART1RX_Handler</STRONG> (Thumb, 2 bytes, Stack size 0 bytes, startup_iotkit_cm33.o(.text.Default_Handler))
<BR>[Address Reference Count : 1]<UL><LI> startup_iotkit_cm33.o(RESET)
</UL>
<P><STRONG><a name="[18]"></a>UART1TX_Handler</STRONG> (Thumb, 2 bytes, Stack size 0 bytes, startup_iotkit_cm33.o(.text.Default_Handler))
<BR>[Address Reference Count : 1]<UL><LI> startup_iotkit_cm33.o(RESET)
</UL>
<P><STRONG><a name="[20]"></a>UART1_Handler</STRONG> (Thumb, 2 bytes, Stack size 0 bytes, startup_iotkit_cm33.o(.text.Default_Handler))
<BR>[Address Reference Count : 1]<UL><LI> startup_iotkit_cm33.o(RESET)
</UL>
<P><STRONG><a name="[19]"></a>UART2RX_Handler</STRONG> (Thumb, 2 bytes, Stack size 0 bytes, startup_iotkit_cm33.o(.text.Default_Handler))
<BR>[Address Reference Count : 1]<UL><LI> startup_iotkit_cm33.o(RESET)
</UL>
<P><STRONG><a name="[1a]"></a>UART2TX_Handler</STRONG> (Thumb, 2 bytes, Stack size 0 bytes, startup_iotkit_cm33.o(.text.Default_Handler))
<BR>[Address Reference Count : 1]<UL><LI> startup_iotkit_cm33.o(RESET)
</UL>
<P><STRONG><a name="[21]"></a>UART2_Handler</STRONG> (Thumb, 2 bytes, Stack size 0 bytes, startup_iotkit_cm33.o(.text.Default_Handler))
<BR>[Address Reference Count : 1]<UL><LI> startup_iotkit_cm33.o(RESET)
</UL>
<P><STRONG><a name="[1b]"></a>UART3RX_Handler</STRONG> (Thumb, 2 bytes, Stack size 0 bytes, startup_iotkit_cm33.o(.text.Default_Handler))
<BR>[Address Reference Count : 1]<UL><LI> startup_iotkit_cm33.o(RESET)
</UL>
<P><STRONG><a name="[1c]"></a>UART3TX_Handler</STRONG> (Thumb, 2 bytes, Stack size 0 bytes, startup_iotkit_cm33.o(.text.Default_Handler))
<BR>[Address Reference Count : 1]<UL><LI> startup_iotkit_cm33.o(RESET)
</UL>
<P><STRONG><a name="[22]"></a>UART3_Handler</STRONG> (Thumb, 2 bytes, Stack size 0 bytes, startup_iotkit_cm33.o(.text.Default_Handler))
<BR>[Address Reference Count : 1]<UL><LI> startup_iotkit_cm33.o(RESET)
</UL>
<P><STRONG><a name="[1d]"></a>UART4RX_Handler</STRONG> (Thumb, 2 bytes, Stack size 0 bytes, startup_iotkit_cm33.o(.text.Default_Handler))
<BR>[Address Reference Count : 1]<UL><LI> startup_iotkit_cm33.o(RESET)
</UL>
<P><STRONG><a name="[1e]"></a>UART4TX_Handler</STRONG> (Thumb, 2 bytes, Stack size 0 bytes, startup_iotkit_cm33.o(.text.Default_Handler))
<BR>[Address Reference Count : 1]<UL><LI> startup_iotkit_cm33.o(RESET)
</UL>
<P><STRONG><a name="[23]"></a>UART4_Handler</STRONG> (Thumb, 2 bytes, Stack size 0 bytes, startup_iotkit_cm33.o(.text.Default_Handler))
<BR>[Address Reference Count : 1]<UL><LI> startup_iotkit_cm33.o(RESET)
</UL>
<P><STRONG><a name="[24]"></a>UARTOVF_Handler</STRONG> (Thumb, 2 bytes, Stack size 0 bytes, startup_iotkit_cm33.o(.text.Default_Handler))
<BR>[Address Reference Count : 1]<UL><LI> startup_iotkit_cm33.o(RESET)
</UL>
<P><STRONG><a name="[5]"></a>UsageFault_Handler</STRONG> (Thumb, 2 bytes, Stack size 0 bytes, startup_iotkit_cm33.o(.text.Default_Handler))
<BR>[Address Reference Count : 1]<UL><LI> startup_iotkit_cm33.o(RESET)
</UL>
<P><STRONG><a name="[d3]"></a>GLCD_ClearScreen</STRONG> (Thumb, 40 bytes, Stack size 16 bytes, glcd_v2m-mps2.o(.text.GLCD_ClearScreen))
<BR><BR>[Stack]<UL><LI>Max Depth = 40<LI>Call Chain = GLCD_ClearScreen &rArr; OUTLINED_FUNCTION_3 &rArr; GLCD_SetWindow
</UL>
<BR>[Calls]<UL><LI><a href="#[d6]">&gt;&gt;</a>&nbsp;&nbsp;&nbsp;wr_dat_start
<LI><a href="#[d7]">&gt;&gt;</a>&nbsp;&nbsp;&nbsp;wr_dat_only
<LI><a href="#[d4]">&gt;&gt;</a>&nbsp;&nbsp;&nbsp;OUTLINED_FUNCTION_3
<LI><a href="#[d5]">&gt;&gt;</a>&nbsp;&nbsp;&nbsp;OUTLINED_FUNCTION_1
<LI><a href="#[d8]">&gt;&gt;</a>&nbsp;&nbsp;&nbsp;OUTLINED_FUNCTION_0
</UL>
<BR>[Called By]<UL><LI><a href="#[a2]">&gt;&gt;</a>&nbsp;&nbsp;&nbsp;main
</UL>

<P><STRONG><a name="[d9]"></a>GLCD_DrawChar</STRONG> (Thumb, 148 bytes, Stack size 32 bytes, glcd_v2m-mps2.o(.text.GLCD_DrawChar))
<BR><BR>[Stack]<UL><LI>Max Depth = 56<LI>Call Chain = GLCD_DrawChar &rArr; GLCD_SetWindow
</UL>
<BR>[Calls]<UL><LI><a href="#[d6]">&gt;&gt;</a>&nbsp;&nbsp;&nbsp;wr_dat_start
<LI><a href="#[d7]">&gt;&gt;</a>&nbsp;&nbsp;&nbsp;wr_dat_only
<LI><a href="#[db]">&gt;&gt;</a>&nbsp;&nbsp;&nbsp;OUTLINED_FUNCTION_2
<LI><a href="#[d5]">&gt;&gt;</a>&nbsp;&nbsp;&nbsp;OUTLINED_FUNCTION_1
<LI><a href="#[da]">&gt;&gt;</a>&nbsp;&nbsp;&nbsp;GLCD_SetWindow
</UL>
<BR>[Called By]<UL><LI><a href="#[76]">&gt;&gt;</a>&nbsp;&nbsp;&nbsp;GLCD_DrawString
</UL>

<P><STRONG><a name="[76]"></a>GLCD_DrawString</STRONG> (Thumb, 36 bytes, Stack size 24 bytes, glcd_v2m-mps2.o(.text.GLCD_DrawString))
<BR><BR>[Stack]<UL><LI>Max Depth = 80<LI>Call Chain = GLCD_DrawString &rArr; GLCD_DrawChar &rArr; GLCD_SetWindow
</UL>
<BR>[Calls]<UL><LI><a href="#[d9]">&gt;&gt;</a>&nbsp;&nbsp;&nbsp;GLCD_DrawChar
</UL>
<BR>[Address Reference Count : 1]<UL><LI> main_s.o(.text.main)
</UL>
<P><STRONG><a name="[e5]"></a>GLCD_Initialize</STRONG> (Thumb, 472 bytes, Stack size 16 bytes, glcd_v2m-mps2.o(.text.GLCD_Initialize))
<BR><BR>[Stack]<UL><LI>Max Depth = 16<LI>Call Chain = GLCD_Initialize
</UL>
<BR>[Called By]<UL><LI><a href="#[a2]">&gt;&gt;</a>&nbsp;&nbsp;&nbsp;main
</UL>

<P><STRONG><a name="[75]"></a>GLCD_SetBackgroundColor</STRONG> (Thumb, 8 bytes, Stack size 0 bytes, glcd_v2m-mps2.o(.text.GLCD_SetBackgroundColor))
<BR>[Address Reference Count : 1]<UL><LI> main_s.o(.text.main)
</UL>
<P><STRONG><a name="[e6]"></a>GLCD_SetFont</STRONG> (Thumb, 8 bytes, Stack size 0 bytes, glcd_v2m-mps2.o(.text.GLCD_SetFont))
<BR><BR>[Called By]<UL><LI><a href="#[a2]">&gt;&gt;</a>&nbsp;&nbsp;&nbsp;main
</UL>

<P><STRONG><a name="[e7]"></a>GLCD_SetForegroundColor</STRONG> (Thumb, 8 bytes, Stack size 0 bytes, glcd_v2m-mps2.o(.text.GLCD_SetForegroundColor))
<BR><BR>[Called By]<UL><LI><a href="#[a2]">&gt;&gt;</a>&nbsp;&nbsp;&nbsp;main
</UL>

<P><STRONG><a name="[2]"></a>HardFault_Handler</STRONG> (Thumb, 2 bytes, Stack size 0 bytes, startup_iotkit_cm33.o(.text.HardFault_Handler))
<BR><BR>[Calls]<UL><LI><a href="#[2]">&gt;&gt;</a>&nbsp;&nbsp;&nbsp;HardFault_Handler
</UL>
<BR>[Called By]<UL><LI><a href="#[2]">&gt;&gt;</a>&nbsp;&nbsp;&nbsp;HardFault_Handler
</UL>
<BR>[Address Reference Count : 1]<UL><LI> startup_iotkit_cm33.o(RESET)
</UL>
<P><STRONG><a name="[e4]"></a>LED_Initialize</STRONG> (Thumb, 12 bytes, Stack size 0 bytes, led_v2m-mps2.o(.text.LED_Initialize))
<BR><BR>[Called By]<UL><LI><a href="#[a2]">&gt;&gt;</a>&nbsp;&nbsp;&nbsp;main
</UL>

<P><STRONG><a name="[de]"></a>LED_Off</STRONG> (Thumb, 24 bytes, Stack size 0 bytes, led_v2m-mps2.o(.text.LED_Off))
<BR><BR>[Called By]<UL><LI><a href="#[87]">&gt;&gt;</a>&nbsp;&nbsp;&nbsp;__acle_se_Secure_LED_Off
<LI><a href="#[a]">&gt;&gt;</a>&nbsp;&nbsp;&nbsp;SysTick_Handler
</UL>

<P><STRONG><a name="[df]"></a>LED_On</STRONG> (Thumb, 24 bytes, Stack size 0 bytes, led_v2m-mps2.o(.text.LED_On))
<BR><BR>[Called By]<UL><LI><a href="#[89]">&gt;&gt;</a>&nbsp;&nbsp;&nbsp;__acle_se_Secure_LED_On
<LI><a href="#[a]">&gt;&gt;</a>&nbsp;&nbsp;&nbsp;SysTick_Handler
</UL>

<P><STRONG><a name="[0]"></a>Reset_Handler</STRONG> (Thumb, 32 bytes, Stack size 0 bytes, startup_iotkit_cm33.o(.text.Reset_Handler))
<BR><BR>[Stack]<UL><LI>Max Depth = 8 + Unknown Stack Size
<LI>Call Chain = Reset_Handler &rArr; SystemInit
</UL>
<BR>[Calls]<UL><LI><a href="#[86]">&gt;&gt;</a>&nbsp;&nbsp;&nbsp;__main
<LI><a href="#[dd]">&gt;&gt;</a>&nbsp;&nbsp;&nbsp;SystemInit
</UL>
<BR>[Address Reference Count : 1]<UL><LI> startup_iotkit_cm33.o(RESET)
</UL>
<P><STRONG><a name="[87]"></a>__acle_se_Secure_LED_Off</STRONG> (Thumb, 0 bytes, Stack size 8 bytes, main_s.o(.text.Secure_LED_Off), UNUSED, KEPT)
<BR><BR>[Stack]<UL><LI>Max Depth = 8<LI>Call Chain = __acle_se_Secure_LED_Off
</UL>
<BR>[Calls]<UL><LI><a href="#[de]">&gt;&gt;</a>&nbsp;&nbsp;&nbsp;LED_Off
</UL>
<BR>[Called By]<UL><LI><a href="#[8c]">&gt;&gt;</a>&nbsp;&nbsp;&nbsp;Secure_LED_Off
</UL>

<P><STRONG><a name="[88]"></a>__acle_se_Secure_LED_Off_callback</STRONG> (Thumb, 0 bytes, Stack size 0 bytes, main_s.o(.text.Secure_LED_Off_callback), UNUSED, KEPT)
<BR><BR>[Called By]<UL><LI><a href="#[8d]">&gt;&gt;</a>&nbsp;&nbsp;&nbsp;Secure_LED_Off_callback
</UL>

<P><STRONG><a name="[89]"></a>__acle_se_Secure_LED_On</STRONG> (Thumb, 0 bytes, Stack size 8 bytes, main_s.o(.text.Secure_LED_On), UNUSED, KEPT)
<BR><BR>[Stack]<UL><LI>Max Depth = 8<LI>Call Chain = __acle_se_Secure_LED_On
</UL>
<BR>[Calls]<UL><LI><a href="#[df]">&gt;&gt;</a>&nbsp;&nbsp;&nbsp;LED_On
</UL>
<BR>[Called By]<UL><LI><a href="#[8e]">&gt;&gt;</a>&nbsp;&nbsp;&nbsp;Secure_LED_On
</UL>

<P><STRONG><a name="[8a]"></a>__acle_se_Secure_LED_On_callback</STRONG> (Thumb, 0 bytes, Stack size 0 bytes, main_s.o(.text.Secure_LED_On_callback), UNUSED, KEPT)
<BR><BR>[Called By]<UL><LI><a href="#[8f]">&gt;&gt;</a>&nbsp;&nbsp;&nbsp;Secure_LED_On_callback
</UL>

<P><STRONG><a name="[8b]"></a>__acle_se_Secure_printf</STRONG> (Thumb, 0 bytes, Stack size 8 bytes, main_s.o(.text.Secure_printf), UNUSED, KEPT)
<BR><BR>[Stack]<UL><LI>Max Depth = 136 + Unknown Stack Size
<LI>Call Chain = __acle_se_Secure_printf &rArr; __2printf &rArr; _printf_char_file &rArr; _printf_char_common &rArr; __printf
</UL>
<BR>[Calls]<UL><LI><a href="#[a8]">&gt;&gt;</a>&nbsp;&nbsp;&nbsp;__2printf
</UL>
<BR>[Called By]<UL><LI><a href="#[90]">&gt;&gt;</a>&nbsp;&nbsp;&nbsp;Secure_printf
</UL>

<P><STRONG><a name="[a]"></a>SysTick_Handler</STRONG> (Thumb, 152 bytes, Stack size 16 bytes, main_s.o(.text.SysTick_Handler))
<BR><BR>[Stack]<UL><LI>Max Depth = 144 + Unknown Stack Size
<LI>Call Chain = SysTick_Handler &rArr; __2printf &rArr; _printf_char_file &rArr; _printf_char_common &rArr; __printf
</UL>
<BR>[Calls]<UL><LI><a href="#[a8]">&gt;&gt;</a>&nbsp;&nbsp;&nbsp;__2printf
<LI><a href="#[df]">&gt;&gt;</a>&nbsp;&nbsp;&nbsp;LED_On
<LI><a href="#[de]">&gt;&gt;</a>&nbsp;&nbsp;&nbsp;LED_Off
</UL>
<BR>[Address Reference Count : 1]<UL><LI> startup_iotkit_cm33.o(RESET)
</UL>
<P><STRONG><a name="[e2]"></a>SystemCoreClockUpdate</STRONG> (Thumb, 8 bytes, Stack size 0 bytes, system_iotkit_cm33.o(.text.SystemCoreClockUpdate))
<BR><BR>[Called By]<UL><LI><a href="#[a2]">&gt;&gt;</a>&nbsp;&nbsp;&nbsp;main
</UL>

<P><STRONG><a name="[dd]"></a>SystemInit</STRONG> (Thumb, 236 bytes, Stack size 8 bytes, system_iotkit_cm33.o(.text.SystemInit))
<BR><BR>[Stack]<UL><LI>Max Depth = 8<LI>Call Chain = SystemInit
</UL>
<BR>[Called By]<UL><LI><a href="#[0]">&gt;&gt;</a>&nbsp;&nbsp;&nbsp;Reset_Handler
</UL>

<P><STRONG><a name="[15]"></a>UART0RX_Handler</STRONG> (Thumb, 56 bytes, Stack size 16 bytes, usart_v2m-mps2.o(.text.UART0RX_Handler))
<BR><BR>[Stack]<UL><LI>Max Depth = 16<LI>Call Chain = UART0RX_Handler
</UL>
<BR>[Address Reference Count : 1]<UL><LI> startup_iotkit_cm33.o(RESET)
</UL>
<P><STRONG><a name="[16]"></a>UART0TX_Handler</STRONG> (Thumb, 56 bytes, Stack size 16 bytes, usart_v2m-mps2.o(.text.UART0TX_Handler))
<BR><BR>[Stack]<UL><LI>Max Depth = 16<LI>Call Chain = UART0TX_Handler
</UL>
<BR>[Address Reference Count : 1]<UL><LI> startup_iotkit_cm33.o(RESET)
</UL>
<P><STRONG><a name="[c3]"></a>_sys_close</STRONG> (Thumb, 18 bytes, Stack size 0 bytes, retarget_io.o(.text._sys_close))
<BR><BR>[Called By]<UL><LI><a href="#[b5]">&gt;&gt;</a>&nbsp;&nbsp;&nbsp;_fclose_internal
</UL>

<P><STRONG><a name="[bb]"></a>_sys_flen</STRONG> (Thumb, 4 bytes, Stack size 0 bytes, retarget_io.o(.text._sys_flen))
<BR><BR>[Called By]<UL><LI><a href="#[b8]">&gt;&gt;</a>&nbsp;&nbsp;&nbsp;__flsbuf
<LI><a href="#[c0]">&gt;&gt;</a>&nbsp;&nbsp;&nbsp;_fseek
</UL>

<P><STRONG><a name="[bc]"></a>_sys_istty</STRONG> (Thumb, 16 bytes, Stack size 0 bytes, retarget_io.o(.text._sys_istty))
<BR><BR>[Called By]<UL><LI><a href="#[b8]">&gt;&gt;</a>&nbsp;&nbsp;&nbsp;__flsbuf
<LI><a href="#[c0]">&gt;&gt;</a>&nbsp;&nbsp;&nbsp;_fseek
</UL>

<P><STRONG><a name="[bf]"></a>_sys_open</STRONG> (Thumb, 76 bytes, Stack size 8 bytes, retarget_io.o(.text._sys_open))
<BR><BR>[Stack]<UL><LI>Max Depth = 16<LI>Call Chain = _sys_open &rArr; strcmp
</UL>
<BR>[Calls]<UL><LI><a href="#[e0]">&gt;&gt;</a>&nbsp;&nbsp;&nbsp;strcmp
</UL>
<BR>[Called By]<UL><LI><a href="#[b2]">&gt;&gt;</a>&nbsp;&nbsp;&nbsp;freopen
</UL>

<P><STRONG><a name="[cd]"></a>_sys_seek</STRONG> (Thumb, 6 bytes, Stack size 0 bytes, retarget_io.o(.text._sys_seek))
<BR><BR>[Called By]<UL><LI><a href="#[be]">&gt;&gt;</a>&nbsp;&nbsp;&nbsp;_writebuf
</UL>

<P><STRONG><a name="[ce]"></a>_sys_write</STRONG> (Thumb, 46 bytes, Stack size 16 bytes, retarget_io.o(.text._sys_write))
<BR><BR>[Stack]<UL><LI>Max Depth = 40<LI>Call Chain = _sys_write &rArr; stdout_putchar
</UL>
<BR>[Calls]<UL><LI><a href="#[e1]">&gt;&gt;</a>&nbsp;&nbsp;&nbsp;stdout_putchar
</UL>
<BR>[Called By]<UL><LI><a href="#[be]">&gt;&gt;</a>&nbsp;&nbsp;&nbsp;_writebuf
</UL>

<P><STRONG><a name="[a2]"></a>main</STRONG> (Thumb, 328 bytes, Stack size 40 bytes, main_s.o(.text.main))
<BR><BR>[Stack]<UL><LI>Max Depth = 80<LI>Call Chain = main &rArr; GLCD_ClearScreen &rArr; OUTLINED_FUNCTION_3 &rArr; GLCD_SetWindow
</UL>
<BR>[Calls]<UL><LI><a href="#[e3]">&gt;&gt;</a>&nbsp;&nbsp;&nbsp;stdout_init
<LI><a href="#[e2]">&gt;&gt;</a>&nbsp;&nbsp;&nbsp;SystemCoreClockUpdate
<LI><a href="#[e4]">&gt;&gt;</a>&nbsp;&nbsp;&nbsp;LED_Initialize
<LI><a href="#[e7]">&gt;&gt;</a>&nbsp;&nbsp;&nbsp;GLCD_SetForegroundColor
<LI><a href="#[e6]">&gt;&gt;</a>&nbsp;&nbsp;&nbsp;GLCD_SetFont
<LI><a href="#[e5]">&gt;&gt;</a>&nbsp;&nbsp;&nbsp;GLCD_Initialize
<LI><a href="#[d3]">&gt;&gt;</a>&nbsp;&nbsp;&nbsp;GLCD_ClearScreen
</UL>
<BR>[Called By]<UL><LI><a href="#[a1]">&gt;&gt;</a>&nbsp;&nbsp;&nbsp;__rt_entry_main
</UL>

<P><STRONG><a name="[e3]"></a>stdout_init</STRONG> (Thumb, 56 bytes, Stack size 8 bytes, stdout_usart.o(.text.stdout_init))
<BR><BR>[Stack]<UL><LI>Max Depth = 8<LI>Call Chain = stdout_init
</UL>
<BR>[Called By]<UL><LI><a href="#[a2]">&gt;&gt;</a>&nbsp;&nbsp;&nbsp;main
</UL>

<P><STRONG><a name="[e1]"></a>stdout_putchar</STRONG> (Thumb, 40 bytes, Stack size 24 bytes, stdout_usart.o(.text.stdout_putchar))
<BR><BR>[Stack]<UL><LI>Max Depth = 24<LI>Call Chain = stdout_putchar
</UL>
<BR>[Called By]<UL><LI><a href="#[ce]">&gt;&gt;</a>&nbsp;&nbsp;&nbsp;_sys_write
</UL>

<P><STRONG><a name="[71]"></a>fputc</STRONG> (Thumb, 26 bytes, Stack size 0 bytes, fputc.o(i.fputc))
<BR><BR>[Stack]<UL><LI>Max Depth = 32<LI>Call Chain = fputc &rArr; __flsbuf_byte
</UL>
<BR>[Calls]<UL><LI><a href="#[ea]">&gt;&gt;</a>&nbsp;&nbsp;&nbsp;__flsbuf_byte
</UL>
<BR>[Address Reference Count : 1]<UL><LI> _printf_char_file.o(.text)
</UL>
<P><STRONG><a name="[98]"></a>_fp_init</STRONG> (Thumb, 26 bytes, Stack size 0 bytes, fpinit.o(x$fpl$fpinit))
<BR><BR>[Called By]<UL><LI><a href="#[97]">&gt;&gt;</a>&nbsp;&nbsp;&nbsp;__rt_lib_init_fp_1
</UL>

<P><STRONG><a name="[122]"></a>__fplib_config_fpu_vfp</STRONG> (Thumb, 0 bytes, Stack size unknown bytes, fpinit.o(x$fpl$fpinit), UNUSED)

<P><STRONG><a name="[123]"></a>__fplib_config_pureend_doubles</STRONG> (Thumb, 0 bytes, Stack size unknown bytes, fpinit.o(x$fpl$fpinit), UNUSED)

<P><STRONG><a name="[8c]"></a>Secure_LED_Off</STRONG> (Thumb, 8 bytes, Stack size unknown bytes, anon$$obj.o(Veneer$$CMSE), UNUSED, KEPT)
<BR><BR>[Stack]<UL><LI>Max Depth = 8 + Unknown Stack Size
<LI>Call Chain = Secure_LED_Off &rArr; __acle_se_Secure_LED_Off
</UL>
<BR>[Calls]<UL><LI><a href="#[87]">&gt;&gt;</a>&nbsp;&nbsp;&nbsp;__acle_se_Secure_LED_Off
</UL>

<P><STRONG><a name="[8d]"></a>Secure_LED_Off_callback</STRONG> (Thumb, 8 bytes, Stack size unknown bytes, anon$$obj.o(Veneer$$CMSE), UNUSED, KEPT)
<BR><BR>[Calls]<UL><LI><a href="#[88]">&gt;&gt;</a>&nbsp;&nbsp;&nbsp;__acle_se_Secure_LED_Off_callback
</UL>

<P><STRONG><a name="[8e]"></a>Secure_LED_On</STRONG> (Thumb, 8 bytes, Stack size unknown bytes, anon$$obj.o(Veneer$$CMSE), UNUSED, KEPT)
<BR><BR>[Stack]<UL><LI>Max Depth = 8 + Unknown Stack Size
<LI>Call Chain = Secure_LED_On &rArr; __acle_se_Secure_LED_On
</UL>
<BR>[Calls]<UL><LI><a href="#[89]">&gt;&gt;</a>&nbsp;&nbsp;&nbsp;__acle_se_Secure_LED_On
</UL>

<P><STRONG><a name="[8f]"></a>Secure_LED_On_callback</STRONG> (Thumb, 8 bytes, Stack size unknown bytes, anon$$obj.o(Veneer$$CMSE), UNUSED, KEPT)
<BR><BR>[Calls]<UL><LI><a href="#[8a]">&gt;&gt;</a>&nbsp;&nbsp;&nbsp;__acle_se_Secure_LED_On_callback
</UL>

<P><STRONG><a name="[90]"></a>Secure_printf</STRONG> (Thumb, 8 bytes, Stack size unknown bytes, anon$$obj.o(Veneer$$CMSE), UNUSED, KEPT)
<BR><BR>[Stack]<UL><LI>Max Depth = 136 + Unknown Stack Size
<LI>Call Chain = Secure_printf &rArr; __acle_se_Secure_printf &rArr; __2printf &rArr; _printf_char_file &rArr; _printf_char_common &rArr; __printf
</UL>
<BR>[Calls]<UL><LI><a href="#[8b]">&gt;&gt;</a>&nbsp;&nbsp;&nbsp;__acle_se_Secure_printf
</UL>
<P>
<H3>
Local Symbols
</H3>
<P><STRONG><a name="[da]"></a>GLCD_SetWindow</STRONG> (Thumb, 88 bytes, Stack size 24 bytes, glcd_v2m-mps2.o(.text.GLCD_SetWindow))
<BR><BR>[Stack]<UL><LI>Max Depth = 24<LI>Call Chain = GLCD_SetWindow
</UL>
<BR>[Called By]<UL><LI><a href="#[d9]">&gt;&gt;</a>&nbsp;&nbsp;&nbsp;GLCD_DrawChar
<LI><a href="#[d4]">&gt;&gt;</a>&nbsp;&nbsp;&nbsp;OUTLINED_FUNCTION_3
</UL>

<P><STRONG><a name="[d8]"></a>OUTLINED_FUNCTION_0</STRONG> (Thumb, 12 bytes, Stack size 0 bytes, glcd_v2m-mps2.o(.text.OUTLINED_FUNCTION_0))
<BR><BR>[Called By]<UL><LI><a href="#[d3]">&gt;&gt;</a>&nbsp;&nbsp;&nbsp;GLCD_ClearScreen
</UL>

<P><STRONG><a name="[d5]"></a>OUTLINED_FUNCTION_1</STRONG> (Thumb, 6 bytes, Stack size 0 bytes, glcd_v2m-mps2.o(.text.OUTLINED_FUNCTION_1))
<BR><BR>[Stack]<UL><LI>Max Depth = 16<LI>Call Chain = OUTLINED_FUNCTION_1 &rArr; wr_cmd
</UL>
<BR>[Calls]<UL><LI><a href="#[dc]">&gt;&gt;</a>&nbsp;&nbsp;&nbsp;wr_cmd
</UL>
<BR>[Called By]<UL><LI><a href="#[d9]">&gt;&gt;</a>&nbsp;&nbsp;&nbsp;GLCD_DrawChar
<LI><a href="#[d3]">&gt;&gt;</a>&nbsp;&nbsp;&nbsp;GLCD_ClearScreen
</UL>

<P><STRONG><a name="[db]"></a>OUTLINED_FUNCTION_2</STRONG> (Thumb, 14 bytes, Stack size 0 bytes, glcd_v2m-mps2.o(.text.OUTLINED_FUNCTION_2))
<BR><BR>[Called By]<UL><LI><a href="#[d9]">&gt;&gt;</a>&nbsp;&nbsp;&nbsp;GLCD_DrawChar
</UL>

<P><STRONG><a name="[d4]"></a>OUTLINED_FUNCTION_3</STRONG> (Thumb, 14 bytes, Stack size 0 bytes, glcd_v2m-mps2.o(.text.OUTLINED_FUNCTION_3))
<BR><BR>[Stack]<UL><LI>Max Depth = 24<LI>Call Chain = OUTLINED_FUNCTION_3 &rArr; GLCD_SetWindow
</UL>
<BR>[Calls]<UL><LI><a href="#[da]">&gt;&gt;</a>&nbsp;&nbsp;&nbsp;GLCD_SetWindow
</UL>
<BR>[Called By]<UL><LI><a href="#[d3]">&gt;&gt;</a>&nbsp;&nbsp;&nbsp;GLCD_ClearScreen
</UL>

<P><STRONG><a name="[e8]"></a>OUTLINED_FUNCTION_4</STRONG> (Thumb, 10 bytes, Stack size 0 bytes, glcd_v2m-mps2.o(.text.OUTLINED_FUNCTION_4))
<BR><BR>[Called By]<UL><LI><a href="#[e9]">&gt;&gt;</a>&nbsp;&nbsp;&nbsp;wr_dat
<LI><a href="#[dc]">&gt;&gt;</a>&nbsp;&nbsp;&nbsp;wr_cmd
</UL>

<P><STRONG><a name="[73]"></a>delay_ms</STRONG> (Thumb, 24 bytes, Stack size 0 bytes, glcd_v2m-mps2.o(.text.delay_ms))
<BR>[Address Reference Count : 1]<UL><LI> glcd_v2m-mps2.o(.text.GLCD_Initialize)
</UL>
<P><STRONG><a name="[77]"></a>spi_tran</STRONG> (Thumb, 16 bytes, Stack size 0 bytes, glcd_v2m-mps2.o(.text.spi_tran))
<BR><BR>[Called By]<UL><LI><a href="#[d6]">&gt;&gt;</a>&nbsp;&nbsp;&nbsp;wr_dat_start
<LI><a href="#[d7]">&gt;&gt;</a>&nbsp;&nbsp;&nbsp;wr_dat_only
</UL>
<BR>[Address Reference Count : 1]<UL><LI> glcd_v2m-mps2.o(.text.wr_dat)
</UL>
<P><STRONG><a name="[dc]"></a>wr_cmd</STRONG> (Thumb, 32 bytes, Stack size 16 bytes, glcd_v2m-mps2.o(.text.wr_cmd))
<BR><BR>[Stack]<UL><LI>Max Depth = 16<LI>Call Chain = wr_cmd
</UL>
<BR>[Calls]<UL><LI><a href="#[e8]">&gt;&gt;</a>&nbsp;&nbsp;&nbsp;OUTLINED_FUNCTION_4
</UL>
<BR>[Called By]<UL><LI><a href="#[74]">&gt;&gt;</a>&nbsp;&nbsp;&nbsp;wr_reg
<LI><a href="#[d5]">&gt;&gt;</a>&nbsp;&nbsp;&nbsp;OUTLINED_FUNCTION_1
</UL>

<P><STRONG><a name="[e9]"></a>wr_dat</STRONG> (Thumb, 32 bytes, Stack size 16 bytes, glcd_v2m-mps2.o(.text.wr_dat))
<BR><BR>[Stack]<UL><LI>Max Depth = 16<LI>Call Chain = wr_dat
</UL>
<BR>[Calls]<UL><LI><a href="#[e8]">&gt;&gt;</a>&nbsp;&nbsp;&nbsp;OUTLINED_FUNCTION_4
</UL>
<BR>[Called By]<UL><LI><a href="#[74]">&gt;&gt;</a>&nbsp;&nbsp;&nbsp;wr_reg
</UL>

<P><STRONG><a name="[d7]"></a>wr_dat_only</STRONG> (Thumb, 20 bytes, Stack size 8 bytes, glcd_v2m-mps2.o(.text.wr_dat_only))
<BR><BR>[Stack]<UL><LI>Max Depth = 8<LI>Call Chain = wr_dat_only
</UL>
<BR>[Calls]<UL><LI><a href="#[77]">&gt;&gt;</a>&nbsp;&nbsp;&nbsp;spi_tran
</UL>
<BR>[Called By]<UL><LI><a href="#[d9]">&gt;&gt;</a>&nbsp;&nbsp;&nbsp;GLCD_DrawChar
<LI><a href="#[d3]">&gt;&gt;</a>&nbsp;&nbsp;&nbsp;GLCD_ClearScreen
</UL>

<P><STRONG><a name="[d6]"></a>wr_dat_start</STRONG> (Thumb, 16 bytes, Stack size 0 bytes, glcd_v2m-mps2.o(.text.wr_dat_start))
<BR><BR>[Calls]<UL><LI><a href="#[77]">&gt;&gt;</a>&nbsp;&nbsp;&nbsp;spi_tran
</UL>
<BR>[Called By]<UL><LI><a href="#[d9]">&gt;&gt;</a>&nbsp;&nbsp;&nbsp;GLCD_DrawChar
<LI><a href="#[d3]">&gt;&gt;</a>&nbsp;&nbsp;&nbsp;GLCD_ClearScreen
</UL>

<P><STRONG><a name="[74]"></a>wr_reg</STRONG> (Thumb, 18 bytes, Stack size 8 bytes, glcd_v2m-mps2.o(.text.wr_reg))
<BR><BR>[Stack]<UL><LI>Max Depth = 24<LI>Call Chain = wr_reg &rArr; wr_dat
</UL>
<BR>[Calls]<UL><LI><a href="#[e9]">&gt;&gt;</a>&nbsp;&nbsp;&nbsp;wr_dat
<LI><a href="#[dc]">&gt;&gt;</a>&nbsp;&nbsp;&nbsp;wr_cmd
</UL>
<BR>[Address Reference Count : 1]<UL><LI> glcd_v2m-mps2.o(.text.GLCD_SetWindow)
</UL>
<P><STRONG><a name="[82]"></a>USART0_Control</STRONG> (Thumb, 240 bytes, Stack size 16 bytes, usart_v2m-mps2.o(.text.USART0_Control))
<BR><BR>[Stack]<UL><LI>Max Depth = 16<LI>Call Chain = USART0_Control
</UL>
<BR>[Address Reference Count : 1]<UL><LI> usart_v2m-mps2.o(.rodata.Driver_USART0)
</UL>
<P><STRONG><a name="[79]"></a>USART0_GetCapabilities</STRONG> (Thumb, 6 bytes, Stack size 0 bytes, usart_v2m-mps2.o(.text.USART0_GetCapabilities))
<BR>[Address Reference Count : 1]<UL><LI> usart_v2m-mps2.o(.rodata.Driver_USART0)
</UL>
<P><STRONG><a name="[85]"></a>USART0_GetModemStatus</STRONG> (Thumb, 4 bytes, Stack size 0 bytes, usart_v2m-mps2.o(.text.USART0_GetModemStatus))
<BR>[Address Reference Count : 1]<UL><LI> usart_v2m-mps2.o(.rodata.Driver_USART0)
</UL>
<P><STRONG><a name="[81]"></a>USART0_GetRxCount</STRONG> (Thumb, 8 bytes, Stack size 0 bytes, usart_v2m-mps2.o(.text.USART0_GetRxCount))
<BR>[Address Reference Count : 1]<UL><LI> usart_v2m-mps2.o(.rodata.Driver_USART0)
</UL>
<P><STRONG><a name="[83]"></a>USART0_GetStatus</STRONG> (Thumb, 12 bytes, Stack size 0 bytes, usart_v2m-mps2.o(.text.USART0_GetStatus))
<BR>[Address Reference Count : 1]<UL><LI> usart_v2m-mps2.o(.rodata.Driver_USART0)
</UL>
<P><STRONG><a name="[80]"></a>USART0_GetTxCount</STRONG> (Thumb, 8 bytes, Stack size 0 bytes, usart_v2m-mps2.o(.text.USART0_GetTxCount))
<BR>[Address Reference Count : 1]<UL><LI> usart_v2m-mps2.o(.rodata.Driver_USART0)
</UL>
<P><STRONG><a name="[7a]"></a>USART0_Initialize</STRONG> (Thumb, 48 bytes, Stack size 8 bytes, usart_v2m-mps2.o(.text.USART0_Initialize))
<BR><BR>[Stack]<UL><LI>Max Depth = 8 + Unknown Stack Size
<LI>Call Chain = USART0_Initialize
</UL>
<BR>[Calls]<UL><LI><a href="#[b1]">&gt;&gt;</a>&nbsp;&nbsp;&nbsp;__aeabi_memclr4
</UL>
<BR>[Address Reference Count : 1]<UL><LI> usart_v2m-mps2.o(.rodata.Driver_USART0)
</UL>
<P><STRONG><a name="[7c]"></a>USART0_PowerControl</STRONG> (Thumb, 120 bytes, Stack size 0 bytes, usart_v2m-mps2.o(.text.USART0_PowerControl))
<BR>[Address Reference Count : 1]<UL><LI> usart_v2m-mps2.o(.rodata.Driver_USART0)
</UL>
<P><STRONG><a name="[7e]"></a>USART0_Receive</STRONG> (Thumb, 68 bytes, Stack size 8 bytes, usart_v2m-mps2.o(.text.USART0_Receive))
<BR><BR>[Stack]<UL><LI>Max Depth = 8<LI>Call Chain = USART0_Receive
</UL>
<BR>[Address Reference Count : 1]<UL><LI> usart_v2m-mps2.o(.rodata.Driver_USART0)
</UL>
<P><STRONG><a name="[7d]"></a>USART0_Send</STRONG> (Thumb, 72 bytes, Stack size 8 bytes, usart_v2m-mps2.o(.text.USART0_Send))
<BR><BR>[Stack]<UL><LI>Max Depth = 8<LI>Call Chain = USART0_Send
</UL>
<BR>[Address Reference Count : 1]<UL><LI> usart_v2m-mps2.o(.rodata.Driver_USART0)
</UL>
<P><STRONG><a name="[84]"></a>USART0_SetModemControl</STRONG> (Thumb, 6 bytes, Stack size 0 bytes, usart_v2m-mps2.o(.text.USART0_SetModemControl))
<BR>[Address Reference Count : 1]<UL><LI> usart_v2m-mps2.o(.rodata.Driver_USART0)
</UL>
<P><STRONG><a name="[7f]"></a>USART0_Transfer</STRONG> (Thumb, 6 bytes, Stack size 0 bytes, usart_v2m-mps2.o(.text.USART0_Transfer))
<BR>[Address Reference Count : 1]<UL><LI> usart_v2m-mps2.o(.rodata.Driver_USART0)
</UL>
<P><STRONG><a name="[7b]"></a>USART0_Uninitialize</STRONG> (Thumb, 28 bytes, Stack size 0 bytes, usart_v2m-mps2.o(.text.USART0_Uninitialize))
<BR>[Address Reference Count : 1]<UL><LI> usart_v2m-mps2.o(.rodata.Driver_USART0)
</UL>
<P><STRONG><a name="[78]"></a>USARTx_GetVersion</STRONG> (Thumb, 4 bytes, Stack size 0 bytes, usart_v2m-mps2.o(.text.USARTx_GetVersion))
<BR>[Address Reference Count : 1]<UL><LI> usart_v2m-mps2.o(.rodata.Driver_USART0)
</UL>
<P><STRONG><a name="[72]"></a>_printf_input_char</STRONG> (Thumb, 10 bytes, Stack size 0 bytes, _printf_char_common.o(.text))
<BR>[Address Reference Count : 1]<UL><LI> _printf_char_common.o(.text)
</UL><P>
<H3>
Undefined Global Symbols
</H3><HR></body></html>
